Archive member included to satisfy reference by file (symbol)

C:/ST/STM32CubeIDE_1.16.0/STM32CubeIDE/plugins/com.st.stm32cube.ide.mcu.externaltools.gnu-tools-for-stm32.12.3.rel1.win32_1.0.200.202406191623/tools/bin/../lib/gcc/arm-none-eabi/12.3.1/../../../../arm-none-eabi/lib/thumb/v7e-m+fp/hard\libc_nano.a(libc_a-exit.o)
                              C:/ST/STM32CubeIDE_1.16.0/STM32CubeIDE/plugins/com.st.stm32cube.ide.mcu.externaltools.gnu-tools-for-stm32.12.3.rel1.win32_1.0.200.202406191623/tools/bin/../lib/gcc/arm-none-eabi/12.3.1/../../../../arm-none-eabi/lib/thumb/v7e-m+fp/hard/crt0.o (exit)
C:/ST/STM32CubeIDE_1.16.0/STM32CubeIDE/plugins/com.st.stm32cube.ide.mcu.externaltools.gnu-tools-for-stm32.12.3.rel1.win32_1.0.200.202406191623/tools/bin/../lib/gcc/arm-none-eabi/12.3.1/../../../../arm-none-eabi/lib/thumb/v7e-m+fp/hard\libc_nano.a(libc_a-findfp.o)
                              C:/ST/STM32CubeIDE_1.16.0/STM32CubeIDE/plugins/com.st.stm32cube.ide.mcu.externaltools.gnu-tools-for-stm32.12.3.rel1.win32_1.0.200.202406191623/tools/bin/../lib/gcc/arm-none-eabi/12.3.1/../../../../arm-none-eabi/lib/thumb/v7e-m+fp/hard\libc_nano.a(libc_a-exit.o) (__stdio_exit_handler)
C:/ST/STM32CubeIDE_1.16.0/STM32CubeIDE/plugins/com.st.stm32cube.ide.mcu.externaltools.gnu-tools-for-stm32.12.3.rel1.win32_1.0.200.202406191623/tools/bin/../lib/gcc/arm-none-eabi/12.3.1/../../../../arm-none-eabi/lib/thumb/v7e-m+fp/hard\libc_nano.a(libc_a-fwalk.o)
                              C:/ST/STM32CubeIDE_1.16.0/STM32CubeIDE/plugins/com.st.stm32cube.ide.mcu.externaltools.gnu-tools-for-stm32.12.3.rel1.win32_1.0.200.202406191623/tools/bin/../lib/gcc/arm-none-eabi/12.3.1/../../../../arm-none-eabi/lib/thumb/v7e-m+fp/hard\libc_nano.a(libc_a-findfp.o) (_fwalk_sglue)
C:/ST/STM32CubeIDE_1.16.0/STM32CubeIDE/plugins/com.st.stm32cube.ide.mcu.externaltools.gnu-tools-for-stm32.12.3.rel1.win32_1.0.200.202406191623/tools/bin/../lib/gcc/arm-none-eabi/12.3.1/../../../../arm-none-eabi/lib/thumb/v7e-m+fp/hard\libc_nano.a(libc_a-stdio.o)
                              C:/ST/STM32CubeIDE_1.16.0/STM32CubeIDE/plugins/com.st.stm32cube.ide.mcu.externaltools.gnu-tools-for-stm32.12.3.rel1.win32_1.0.200.202406191623/tools/bin/../lib/gcc/arm-none-eabi/12.3.1/../../../../arm-none-eabi/lib/thumb/v7e-m+fp/hard\libc_nano.a(libc_a-findfp.o) (__sread)
C:/ST/STM32CubeIDE_1.16.0/STM32CubeIDE/plugins/com.st.stm32cube.ide.mcu.externaltools.gnu-tools-for-stm32.12.3.rel1.win32_1.0.200.202406191623/tools/bin/../lib/gcc/arm-none-eabi/12.3.1/../../../../arm-none-eabi/lib/thumb/v7e-m+fp/hard\libc_nano.a(libc_a-memset.o)
                              C:/ST/STM32CubeIDE_1.16.0/STM32CubeIDE/plugins/com.st.stm32cube.ide.mcu.externaltools.gnu-tools-for-stm32.12.3.rel1.win32_1.0.200.202406191623/tools/bin/../lib/gcc/arm-none-eabi/12.3.1/../../../../arm-none-eabi/lib/thumb/v7e-m+fp/hard/crt0.o (memset)
C:/ST/STM32CubeIDE_1.16.0/STM32CubeIDE/plugins/com.st.stm32cube.ide.mcu.externaltools.gnu-tools-for-stm32.12.3.rel1.win32_1.0.200.202406191623/tools/bin/../lib/gcc/arm-none-eabi/12.3.1/../../../../arm-none-eabi/lib/thumb/v7e-m+fp/hard\libc_nano.a(libc_a-closer.o)
                              C:/ST/STM32CubeIDE_1.16.0/STM32CubeIDE/plugins/com.st.stm32cube.ide.mcu.externaltools.gnu-tools-for-stm32.12.3.rel1.win32_1.0.200.202406191623/tools/bin/../lib/gcc/arm-none-eabi/12.3.1/../../../../arm-none-eabi/lib/thumb/v7e-m+fp/hard\libc_nano.a(libc_a-stdio.o) (_close_r)
C:/ST/STM32CubeIDE_1.16.0/STM32CubeIDE/plugins/com.st.stm32cube.ide.mcu.externaltools.gnu-tools-for-stm32.12.3.rel1.win32_1.0.200.202406191623/tools/bin/../lib/gcc/arm-none-eabi/12.3.1/../../../../arm-none-eabi/lib/thumb/v7e-m+fp/hard\libc_nano.a(libc_a-reent.o)
                              C:/ST/STM32CubeIDE_1.16.0/STM32CubeIDE/plugins/com.st.stm32cube.ide.mcu.externaltools.gnu-tools-for-stm32.12.3.rel1.win32_1.0.200.202406191623/tools/bin/../lib/gcc/arm-none-eabi/12.3.1/../../../../arm-none-eabi/lib/thumb/v7e-m+fp/hard\libc_nano.a(libc_a-closer.o) (errno)
C:/ST/STM32CubeIDE_1.16.0/STM32CubeIDE/plugins/com.st.stm32cube.ide.mcu.externaltools.gnu-tools-for-stm32.12.3.rel1.win32_1.0.200.202406191623/tools/bin/../lib/gcc/arm-none-eabi/12.3.1/../../../../arm-none-eabi/lib/thumb/v7e-m+fp/hard\libc_nano.a(libc_a-impure.o)
                              C:/ST/STM32CubeIDE_1.16.0/STM32CubeIDE/plugins/com.st.stm32cube.ide.mcu.externaltools.gnu-tools-for-stm32.12.3.rel1.win32_1.0.200.202406191623/tools/bin/../lib/gcc/arm-none-eabi/12.3.1/../../../../arm-none-eabi/lib/thumb/v7e-m+fp/hard\libc_nano.a(libc_a-reent.o) (_impure_ptr)
C:/ST/STM32CubeIDE_1.16.0/STM32CubeIDE/plugins/com.st.stm32cube.ide.mcu.externaltools.gnu-tools-for-stm32.12.3.rel1.win32_1.0.200.202406191623/tools/bin/../lib/gcc/arm-none-eabi/12.3.1/../../../../arm-none-eabi/lib/thumb/v7e-m+fp/hard\libc_nano.a(libc_a-lseekr.o)
[...]
Memory Configuration

Name             Origin             Length             Attributes
RAM              0x20000000         0x00010000         xrw
FLASH            0x08000000         0x00040000         xr
*default*        0x00000000         0xffffffff

Linker script and memory map

LOAD C:/ST/STM32CubeIDE_1.16.0/STM32CubeIDE/plugins/com.st.stm32cube.ide.mcu.externaltools.gnu-tools-for-stm32.12.3.rel1.win32_1.0.200.202406191623/tools/bin/../lib/gcc/arm-none-eabi/12.3.1/thumb/v7e-m+fp/hard/crti.o
LOAD C:/ST/STM32CubeIDE_1.16.0/STM32CubeIDE/plugins/com.st.stm32cube.ide.mcu.externaltools.gnu-tools-for-stm32.12.3.rel1.win32_1.0.200.202406191623/tools/bin/../lib/gcc/arm-none-eabi/12.3.1/thumb/v7e-m+fp/hard/crtbegin.o
LOAD C:/ST/STM32CubeIDE_1.16.0/STM32CubeIDE/plugins/com.st.stm32cube.ide.mcu.externaltools.gnu-tools-for-stm32.12.3.rel1.win32_1.0.200.202406191623/tools/bin/../lib/gcc/arm-none-eabi/12.3.1/../../../../arm-none-eabi/lib/thumb/v7e-m+fp/hard/crt0.o
LOAD ./Core/Src/gpio.o
LOAD ./Core/Src/i2c.o
LOAD ./Core/Src/main.o
LOAD ./Core/Src/stm32f4xx_hal_msp.o
LOAD ./Core/Src/stm32f4xx_it.o
LOAD ./Core/Src/syscalls.o
LOAD ./Core/Src/sysmem.o
LOAD ./Core/Src/system_stm32f4xx.o
LOAD ./Core/Startup/startup_stm32f401rctx.o
LOAD ./Drivers/STM32F4xx_HAL_Driver/Src/stm32f4xx_hal.o
LOAD ./Drivers/STM32F4xx_HAL_Driver/Src/stm32f4xx_hal_cortex.o
LOAD ./Drivers/STM32F4xx_HAL_Driver/Src/stm32f4xx_hal_dma.o
LOAD ./Drivers/STM32F4xx_HAL_Driver/Src/stm32f4xx_hal_dma_ex.o
LOAD ./Drivers/STM32F4xx_HAL_Driver/Src/stm32f4xx_hal_exti.o
LOAD ./Drivers/STM32F4xx_HAL_Driver/Src/stm32f4xx_hal_flash.o
LOAD ./Drivers/STM32F4xx_HAL_Driver/Src/stm32f4xx_hal_flash_ex.o
LOAD ./Drivers/STM32F4xx_HAL_Driver/Src/stm32f4xx_hal_flash_ramfunc.o
LOAD ./Drivers/STM32F4xx_HAL_Driver/Src/stm32f4xx_hal_gpio.o
LOAD ./Drivers/STM32F4xx_HAL_Driver/Src/stm32f4xx_hal_i2c.o
LOAD ./Drivers/STM32F4xx_HAL_Driver/Src/stm32f4xx_hal_i2c_ex.o
LOAD ./Drivers/STM32F4xx_HAL_Driver/Src/stm32f4xx_hal_pwr.o
LOAD ./Drivers/STM32F4xx_HAL_Driver/Src/stm32f4xx_hal_pwr_ex.o
LOAD ./Drivers/STM32F4xx_HAL_Driver/Src/stm32f4xx_hal_rcc.o
LOAD ./Drivers/STM32F4xx_HAL_Driver/Src/stm32f4xx_hal_rcc_ex.o
LOAD ./Drivers/STM32F4xx_HAL_Driver/Src/stm32f4xx_hal_tim.o
LOAD ./Drivers/STM32F4xx_HAL_Driver/Src/stm32f4xx_hal_tim_ex.o
LOAD ./ECU_Layer/src/ecu.o
LOAD ./ECU_Layer/src/motor.o
LOAD ./ECU_Layer/src/mpu.o
START GROUP
LOAD C:/ST/STM32CubeIDE_1.16.0/STM32CubeIDE/plugins/com.st.stm32cube.ide.mcu.externaltools.gnu-tools-for-stm32.12.3.rel1.win32_1.0.200.202406191623/tools/bin/../lib/gcc/arm-none-eabi/12.3.1/../../../../arm-none-eabi/lib/thumb/v7e-m+fp/hard\libc_nano.a
LOAD C:/ST/STM32CubeIDE_1.16.0/STM32CubeIDE/plugins/com.st.stm32cube.ide.mcu.externaltools.gnu-tools-for-stm32.12.3.rel1.win32_1.0.200.202406191623/tools/bin/../lib/gcc/arm-none-eabi/12.3.1/../../../../arm-none-eabi/lib/thumb/v7e-m+fp/hard\libm.a
END GROUP
START GROUP
LOAD C:/ST/STM32CubeIDE_1.16.0/STM32CubeIDE/plugins/com.st.stm32cube.ide.mcu.externaltools.gnu-tools-for-stm32.12.3.rel1.win32_1.0.200.202406191623/tools/bin/../lib/gcc/arm-none-eabi/12.3.1/thumb/v7e-m+fp/hard\libgcc.a
LOAD C:/ST/STM32CubeIDE_1.16.0/STM32CubeIDE/plugins/com.st.stm32cube.ide.mcu.externaltools.gnu-tools-for-stm32.12.3.rel1.win32_1.0.200.202406191623/tools/bin/../lib/gcc/arm-none-eabi/12.3.1/../../../../arm-none-eabi/lib/thumb/v7e-m+fp/hard\libc_nano.a
END GROUP
START GROUP
LOAD C:/ST/STM32CubeIDE_1.16.0/STM32CubeIDE/plugins/com.st.stm32cube.ide.mcu.externaltools.gnu-tools-for-stm32.12.3.rel1.win32_1.0.200.202406191623/tools/bin/../lib/gcc/arm-none-eabi/12.3.1/thumb/v7e-m+fp/hard\libgcc.a
LOAD C:/ST/STM32CubeIDE_1.16.0/STM32CubeIDE/plugins/com.st.stm32cube.ide.mcu.externaltools.gnu-tools-for-stm32.12.3.rel1.win32_1.0.200.202406191623/tools/bin/../lib/gcc/arm-none-eabi/12.3.1/../../../../arm-none-eabi/lib/thumb/v7e-m+fp/hard\libc_nano.a
LOAD C:/ST/STM32CubeIDE_1.16.0/STM32CubeIDE/plugins/com.st.stm32cube.ide.mcu.externaltools.gnu-tools-for-stm32.12.3.rel1.win32_1.0.200.202406191623/tools/bin/../lib/gcc/arm-none-eabi/12.3.1/../../../../arm-none-eabi/lib/thumb/v7e-m+fp/hard\libnosys.a
END GROUP
START GROUP
LOAD C:/ST/STM32CubeIDE_1.16.0/STM32CubeIDE/plugins/com.st.stm32cube.ide.mcu.externaltools.gnu-tools-for-stm32.12.3.rel1.win32_1.0.200.202406191623/tools/bin/../lib/gcc/arm-none-eabi/12.3.1/thumb/v7e-m+fp/hard\libgcc.a
LOAD C:/ST/STM32CubeIDE_1.16.0/STM32CubeIDE/plugins/com.st.stm32cube.ide.mcu.externaltools.gnu-tools-for-stm32.12.3.rel1.win32_1.0.200.202406191623/tools/bin/../lib/gcc/arm-none-eabi/12.3.1/../../../../arm-none-eabi/lib/thumb/v7e-m+fp/hard\libc_nano.a
LOAD C:/ST/STM32CubeIDE_1.16.0/STM32CubeIDE/plugins/com.st.stm32cube.ide.mcu.externaltools.gnu-tools-for-stm32.12.3.rel1.win32_1.0.200.202406191623/tools/bin/../lib/gcc/arm-none-eabi/12.3.1/../../../../arm-none-eabi/lib/thumb/v7e-m+fp/hard\libnosys.a
END GROUP
LOAD C:/ST/STM32CubeIDE_1.16.0/STM32CubeIDE/plugins/com.st.stm32cube.ide.mcu.externaltools.gnu-tools-for-stm32.12.3.rel1.win32_1.0.200.202406191623/tools/bin/../lib/gcc/arm-none-eabi/12.3.1/thumb/v7e-m+fp/hard/crtend.o
LOAD C:/ST/STM32CubeIDE_1.16.0/STM32CubeIDE/plugins/com.st.stm32cube.ide.mcu.externaltools.gnu-tools-for-stm32.12.3.rel1.win32_1.0.200.202406191623/tools/bin/../lib/gcc/arm-none-eabi/12.3.1/thumb/v7e-m+fp/hard/crtn.o
                0x20010000                        _estack = (ORIGIN (RAM) + LENGTH (RAM))
                0x00000200                        _Min_Heap_Size = 0x200
                0x00000400                        _Min_Stack_Size = 0x400

.isr_vector     0x08000000      0x194
                0x08000000                        . = ALIGN (0x4)
 *(.isr_vector)
 .isr_vector    0x08000000      0x194 ./Core/Startup/startup_stm32f401rctx.o
                0x08000000                g_pfnVectors
                0x08000194                        . = ALIGN (0x4)

.text           0x08000194     0x2f54
                0x08000194                        . = ALIGN (0x4)
 *(.text)
 .text          0x08000194       0x40 C:/ST/STM32CubeIDE_1.16.0/STM32CubeIDE/plugins/com.st.stm32cube.ide.mcu.externaltools.gnu-tools-for-stm32.12.3.rel1.win32_1.0.200.202406191623/tools/bin/../lib/gcc/arm-none-eabi/12.3.1/thumb/v7e-m+fp/hard/crtbegin.o
 .text          0x080001d4       0x30 C:/ST/STM32CubeIDE_1.16.0/STM32CubeIDE/plugins/com.st.stm32cube.ide.mcu.externaltools.gnu-tools-for-stm32.12.3.rel1.win32_1.0.200.202406191623/tools/bin/../lib/gcc/arm-none-eabi/12.3.1/thumb/v7e-m+fp/hard\libgcc.a(_aeabi_uldivmod.o)
                0x080001d4                __aeabi_uldivmod
 .text          0x08000204      0x2bc C:/ST/STM32CubeIDE_1.16.0/STM32CubeIDE/plugins/com.st.stm32cube.ide.mcu.externaltools.gnu-tools-for-stm32.12.3.rel1.win32_1.0.200.202406191623/tools/bin/../lib/gcc/arm-none-eabi/12.3.1/thumb/v7e-m+fp/hard\libgcc.a(_udivmoddi4.o)
                0x08000204                __udivmoddi4
 .text          0x080004c0        0x4 C:/ST/STM32CubeIDE_1.16.0/STM32CubeIDE/plugins/com.st.stm32cube.ide.mcu.externaltools.gnu-tools-for-stm32.12.3.rel1.win32_1.0.200.202406191623/tools/bin/../lib/gcc/arm-none-eabi/12.3.1/thumb/v7e-m+fp/hard\libgcc.a(_dvmd_tls.o)
                0x080004c0                __aeabi_idiv0
                0x080004c0                __aeabi_ldiv0
 *(.text*)
 .text.MX_GPIO_Init
                0x080004c4       0x84 ./Core/Src/gpio.o
                0x080004c4                MX_GPIO_Init
 .text.MX_I2C1_Init
                0x08000548       0x5c ./Core/Src/i2c.o
                0x08000548                MX_I2C1_Init
 .text.HAL_I2C_MspInit
                0x080005a4       0x90 ./Core/Src/i2c.o
                0x080005a4                HAL_I2C_MspInit
 .text.main     0x08000634       0x2c ./Core/Src/main.o
                0x08000634                main
 .text.SystemClock_Config
                0x08000660       0xd8 ./Core/Src/main.o
                0x08000660                SystemClock_Config
 .text.Error_Handler
                0x08000738        0xc ./Core/Src/main.o
                0x08000738                Error_Handler
 .text.HAL_MspInit
                0x08000744       0x50 ./Core/Src/stm32f4xx_hal_msp.o
                0x08000744                HAL_MspInit
 .text.NMI_Handler
                0x08000794        0xc ./Core/Src/stm32f4xx_it.o
                0x08000794                NMI_Handler
 .text.HardFault_Handler
                0x080007a0        0x8 ./Core/Src/stm32f4xx_it.o
                0x080007a0                HardFault_Handler
 .text.MemManage_Handler
                0x080007a8        0x8 ./Core/Src/stm32f4xx_it.o
                0x080007a8                MemManage_Handler
 .text.BusFault_Handler
                0x080007b0        0x8 ./Core/Src/stm32f4xx_it.o
                0x080007b0                BusFault_Handler
 .text.UsageFault_Handler
                0x080007b8        0x8 ./Core/Src/stm32f4xx_it.o
                0x080007b8                UsageFault_Handler
 .text.SVC_Handler
                0x080007c0        0xe ./Core/Src/stm32f4xx_it.o
                0x080007c0                SVC_Handler
 .text.DebugMon_Handler
                0x080007ce        0xe ./Core/Src/stm32f4xx_it.o
                0x080007ce                DebugMon_Handler
 .text.PendSV_Handler
                0x080007dc        0xe ./Core/Src/stm32f4xx_it.o
                0x080007dc                PendSV_Handler
 .text.SysTick_Handler
                0x080007ea        0xc ./Core/Src/stm32f4xx_it.o
                0x080007ea                SysTick_Handler
 *fill*         0x080007f6        0x2 
 .text.SystemInit
                0x080007f8       0x24 ./Core/Src/system_stm32f4xx.o
                0x080007f8                SystemInit
 .text.Reset_Handler
                0x0800081c       0x50 ./Core/Startup/startup_stm32f401rctx.o
                0x0800081c                Reset_Handler
 .text.Default_Handler
                0x0800086c        0x2 ./Core/Startup/startup_stm32f401rctx.o
                0x0800086c                RTC_Alarm_IRQHandler
                0x0800086c                EXTI2_IRQHandler
                0x0800086c                SPI4_IRQHandler
                0x0800086c                TIM1_CC_IRQHandler
                0x0800086c                DMA2_Stream5_IRQHandler
                0x0800086c                DMA1_Stream5_IRQHandler
                0x0800086c                PVD_IRQHandler
                0x0800086c                SDIO_IRQHandler
                0x0800086c                TAMP_STAMP_IRQHandler
                0x0800086c                EXTI3_IRQHandler
                0x0800086c                TIM1_UP_TIM10_IRQHandler
                0x0800086c                I2C3_ER_IRQHandler
                0x0800086c                EXTI0_IRQHandler
                0x0800086c                I2C2_EV_IRQHandler
                0x0800086c                DMA1_Stream2_IRQHandler
                0x0800086c                FPU_IRQHandler
                0x0800086c                DMA2_Stream2_IRQHandler
                0x0800086c                SPI1_IRQHandler
                0x0800086c                TIM1_BRK_TIM9_IRQHandler
                0x0800086c                DMA2_Stream3_IRQHandler
                0x0800086c                USART6_IRQHandler
                0x0800086c                DMA2_Stream0_IRQHandler
                0x0800086c                TIM4_IRQHandler
                0x0800086c                I2C1_EV_IRQHandler
                0x0800086c                DMA1_Stream6_IRQHandler
                0x0800086c                DMA1_Stream1_IRQHandler
                0x0800086c                TIM3_IRQHandler
                0x0800086c                RCC_IRQHandler
                0x0800086c                Default_Handler
                0x0800086c                EXTI15_10_IRQHandler
                0x0800086c                ADC_IRQHandler
                0x0800086c                DMA1_Stream7_IRQHandler
                0x0800086c                TIM5_IRQHandler
                0x0800086c                DMA2_Stream7_IRQHandler
                0x0800086c                I2C3_EV_IRQHandler
                0x0800086c                EXTI9_5_IRQHandler
                0x0800086c                RTC_WKUP_IRQHandler
                0x0800086c                SPI2_IRQHandler
                0x0800086c                DMA1_Stream0_IRQHandler
                0x0800086c                EXTI4_IRQHandler
                0x0800086c                WWDG_IRQHandler
                0x0800086c                TIM2_IRQHandler
                0x0800086c                OTG_FS_WKUP_IRQHandler
                0x0800086c                TIM1_TRG_COM_TIM11_IRQHandler
                0x0800086c                EXTI1_IRQHandler
                0x0800086c                USART2_IRQHandler
                0x0800086c                I2C2_ER_IRQHandler
                0x0800086c                DMA2_Stream1_IRQHandler
                0x0800086c                FLASH_IRQHandler
                0x0800086c                DMA2_Stream4_IRQHandler
                0x0800086c                USART1_IRQHandler
                0x0800086c                OTG_FS_IRQHandler
                0x0800086c                SPI3_IRQHandler
                0x0800086c                DMA1_Stream4_IRQHandler
                0x0800086c                I2C1_ER_IRQHandler
                0x0800086c                DMA2_Stream6_IRQHandler
                0x0800086c                DMA1_Stream3_IRQHandler
 *fill*         0x0800086e        0x2 
 .text.HAL_Init
                0x08000870       0x44 ./Drivers/STM32F4xx_HAL_Driver/Src/stm32f4xx_hal.o
                0x08000870                HAL_Init
 .text.HAL_InitTick
                0x080008b4       0x60 ./Drivers/STM32F4xx_HAL_Driver/Src/stm32f4xx_hal.o
                0x080008b4                HAL_InitTick
 .text.HAL_IncTick
                0x08000914       0x28 ./Drivers/STM32F4xx_HAL_Driver/Src/stm32f4xx_hal.o
                0x08000914                HAL_IncTick
 .text.HAL_GetTick
                0x0800093c       0x18 ./Drivers/STM32F4xx_HAL_Driver/Src/stm32f4xx_hal.o
                0x0800093c                HAL_GetTick
 .text.__NVIC_SetPriorityGrouping
                0x08000954       0x48 ./Drivers/STM32F4xx_HAL_Driver/Src/stm32f4xx_hal_cortex.o
 .text.__NVIC_GetPriorityGrouping
                0x0800099c       0x1c ./Drivers/STM32F4xx_HAL_Driver/Src/stm32f4xx_hal_cortex.o
 .text.__NVIC_SetPriority
                0x080009b8       0x54 ./Drivers/STM32F4xx_HAL_Driver/Src/stm32f4xx_hal_cortex.o
 .text.NVIC_EncodePriority
                0x08000a0c       0x66 ./Drivers/STM32F4xx_HAL_Driver/Src/stm32f4xx_hal_cortex.o
 *fill*         0x08000a72        0x2 
 .text.SysTick_Config
                0x08000a74       0x44 ./Drivers/STM32F4xx_HAL_Driver/Src/stm32f4xx_hal_cortex.o
 .text.HAL_NVIC_SetPriorityGrouping
                0x08000ab8       0x16 ./Drivers/STM32F4xx_HAL_Driver/Src/stm32f4xx_hal_cortex.o
                0x08000ab8                HAL_NVIC_SetPriorityGrouping
 .text.HAL_NVIC_SetPriority
                0x08000ace       0x38 ./Drivers/STM32F4xx_HAL_Driver/Src/stm32f4xx_hal_cortex.o
                0x08000ace                HAL_NVIC_SetPriority
 .text.HAL_SYSTICK_Config
                0x08000b06       0x18 ./Drivers/STM32F4xx_HAL_Driver/Src/stm32f4xx_hal_cortex.o
                0x08000b06                HAL_SYSTICK_Config
 *fill*         0x08000b1e        0x2 
 .text.HAL_GPIO_Init
                0x08000b20      0x308 ./Drivers/STM32F4xx_HAL_Driver/Src/stm32f4xx_hal_gpio.o
                0x08000b20                HAL_GPIO_Init
 .text.HAL_GPIO_WritePin
                0x08000e28       0x32 ./Drivers/STM32F4xx_HAL_Driver/Src/stm32f4xx_hal_gpio.o
                0x08000e28                HAL_GPIO_WritePin
 *fill*         0x08000e5a        0x2 
 .text.HAL_I2C_Init
                0x08000e5c      0x288 ./Drivers/STM32F4xx_HAL_Driver/Src/stm32f4xx_hal_i2c.o
                0x08000e5c                HAL_I2C_Init
 .text.HAL_I2C_Master_Transmit
                0x080010e4      0x1fc ./Drivers/STM32F4xx_HAL_Driver/Src/stm32f4xx_hal_i2c.o
                0x080010e4                HAL_I2C_Master_Transmit
 .text.HAL_I2C_Master_Receive
                0x080012e0      0x464 ./Drivers/STM32F4xx_HAL_Driver/Src/stm32f4xx_hal_i2c.o
                0x080012e0                HAL_I2C_Master_Receive
 .text.HAL_I2C_Mem_Write
                0x08001744      0x1f4 ./Drivers/STM32F4xx_HAL_Driver/Src/stm32f4xx_hal_i2c.o
                0x08001744                HAL_I2C_Mem_Write
 .text.HAL_I2C_IsDeviceReady
                0x08001938      0x25c ./Drivers/STM32F4xx_HAL_Driver/Src/stm32f4xx_hal_i2c.o
                0x08001938                HAL_I2C_IsDeviceReady
 .text.I2C_MasterRequestWrite
                0x08001b94      0x104 ./Drivers/STM32F4xx_HAL_Driver/Src/stm32f4xx_hal_i2c.o
 .text.I2C_MasterRequestRead
                0x08001c98      0x19c ./Drivers/STM32F4xx_HAL_Driver/Src/stm32f4xx_hal_i2c.o
 .text.I2C_RequestMemoryWrite
                0x08001e34      0x12c ./Drivers/STM32F4xx_HAL_Driver/Src/stm32f4xx_hal_i2c.o
 .text.I2C_WaitOnFlagUntilTimeout
                0x08001f60       0xf4 ./Drivers/STM32F4xx_HAL_Driver/Src/stm32f4xx_hal_i2c.o
 .text.I2C_WaitOnMasterAddressFlagUntilTimeout
                0x08002054      0x140 ./Drivers/STM32F4xx_HAL_Driver/Src/stm32f4xx_hal_i2c.o
 .text.I2C_WaitOnTXEFlagUntilTimeout
                0x08002194       0x90 ./Drivers/STM32F4xx_HAL_Driver/Src/stm32f4xx_hal_i2c.o
 .text.I2C_WaitOnBTFFlagUntilTimeout
                0x08002224       0x90 ./Drivers/STM32F4xx_HAL_Driver/Src/stm32f4xx_hal_i2c.o
 .text.I2C_WaitOnRXNEFlagUntilTimeout
                0x080022b4       0xba ./Drivers/STM32F4xx_HAL_Driver/Src/stm32f4xx_hal_i2c.o
 .text.I2C_IsAcknowledgeFailed
                0x0800236e       0x5e ./Drivers/STM32F4xx_HAL_Driver/Src/stm32f4xx_hal_i2c.o
 .text.HAL_RCC_OscConfig
                0x080023cc      0x4f0 ./Drivers/STM32F4xx_HAL_Driver/Src/stm32f4xx_hal_rcc.o
                0x080023cc                HAL_RCC_OscConfig
 .text.HAL_RCC_ClockConfig
                0x080028bc      0x1cc ./Drivers/STM32F4xx_HAL_Driver/Src/stm32f4xx_hal_rcc.o
                0x080028bc                HAL_RCC_ClockConfig
 .text.HAL_RCC_EnableCSS
                0x08002a88       0x18 ./Drivers/STM32F4xx_HAL_Driver/Src/stm32f4xx_hal_rcc.o
                0x08002a88                HAL_RCC_EnableCSS
 .text.HAL_RCC_GetSysClockFreq
                0x08002aa0      0x18c ./Drivers/STM32F4xx_HAL_Driver/Src/stm32f4xx_hal_rcc.o
                0x08002aa0                HAL_RCC_GetSysClockFreq
 .text.HAL_RCC_GetHCLKFreq
                0x08002c2c       0x18 ./Drivers/STM32F4xx_HAL_Driver/Src/stm32f4xx_hal_rcc.o
                0x08002c2c                HAL_RCC_GetHCLKFreq
 .text.HAL_RCC_GetPCLK1Freq
                0x08002c44       0x28 ./Drivers/STM32F4xx_HAL_Driver/Src/stm32f4xx_hal_rcc.o
                0x08002c44                HAL_RCC_GetPCLK1Freq
 .text.HAL_RCC_NMI_IRQHandler
                0x08002c6c       0x28 ./Drivers/STM32F4xx_HAL_Driver/Src/stm32f4xx_hal_rcc.o
                0x08002c6c                HAL_RCC_NMI_IRQHandler
 .text.HAL_RCC_CSSCallback
                0x08002c94        0xe ./Drivers/STM32F4xx_HAL_Driver/Src/stm32f4xx_hal_rcc.o
                0x08002c94                HAL_RCC_CSSCallback
 .text.MPU6050_init
                0x08002ca2       0xf4 ./ECU_Layer/src/mpu.o
                0x08002ca2                MPU6050_init
 *fill*         0x08002d96        0x2 
 .text.MPU6050_set_gyroscope
                0x08002d98      0x10c ./ECU_Layer/src/mpu.o
                0x08002d98                MPU6050_set_gyroscope
 .text.MPU6050_set_accelerometer
                0x08002ea4      0x104 ./ECU_Layer/src/mpu.o
                0x08002ea4                MPU6050_set_accelerometer
 .text.MPU6050_set_data_rate
                0x08002fa8       0x58 ./ECU_Layer/src/mpu.o
                0x08002fa8                MPU6050_set_data_rate
 .text.MPU6050_enable_interrupts
                0x08003000       0x76 ./ECU_Layer/src/mpu.o
                0x08003000                MPU6050_enable_interrupts
 .text.memset   0x08003076       0x10 C:/ST/STM32CubeIDE_1.16.0/STM32CubeIDE/plugins/com.st.stm32cube.ide.mcu.externaltools.gnu-tools-for-stm32.12.3.rel1.win32_1.0.200.202406191623/tools/bin/../lib/gcc/arm-none-eabi/12.3.1/../../../../arm-none-eabi/lib/thumb/v7e-m+fp/hard\libc_nano.a(libc_a-memset.o)
                0x08003076                memset
 *fill*         0x08003086        0x2 
 .text.__libc_init_array
                0x08003088       0x48 C:/ST/STM32CubeIDE_1.16.0/STM32CubeIDE/plugins/com.st.stm32cube.ide.mcu.externaltools.gnu-tools-for-stm32.12.3.rel1.win32_1.0.200.202406191623/tools/bin/../lib/gcc/arm-none-eabi/12.3.1/../../../../arm-none-eabi/lib/thumb/v7e-m+fp/hard\libc_nano.a(libc_a-init.o)
                0x08003088                __libc_init_array
 *(.glue_7)
 .glue_7        0x080030d0        0x0 linker stubs
 *(.glue_7t)
 .glue_7t       0x080030d0        0x0 linker stubs
 *(.eh_frame)
 .eh_frame      0x080030d0        0x0 C:/ST/STM32CubeIDE_1.16.0/STM32CubeIDE/plugins/com.st.stm32cube.ide.mcu.externaltools.gnu-tools-for-stm32.12.3.rel1.win32_1.0.200.202406191623/tools/bin/../lib/gcc/arm-none-eabi/12.3.1/thumb/v7e-m+fp/hard/crtbegin.o
 *(.init)
 .init          0x080030d0        0x4 C:/ST/STM32CubeIDE_1.16.0/STM32CubeIDE/plugins/com.st.stm32cube.ide.mcu.externaltools.gnu-tools-for-stm32.12.3.rel1.win32_1.0.200.202406191623/tools/bin/../lib/gcc/arm-none-eabi/12.3.1/thumb/v7e-m+fp/hard/crti.o
                0x080030d0                _init
 .init          0x080030d4        0x8 C:/ST/STM32CubeIDE_1.16.0/STM32CubeIDE/plugins/com.st.stm32cube.ide.mcu.externaltools.gnu-tools-for-stm32.12.3.rel1.win32_1.0.200.202406191623/tools/bin/../lib/gcc/arm-none-eabi/12.3.1/thumb/v7e-m+fp/hard/crtn.o
 *(.fini)
 .fini          0x080030dc        0x4 C:/ST/STM32CubeIDE_1.16.0/STM32CubeIDE/plugins/com.st.stm32cube.ide.mcu.externaltools.gnu-tools-for-stm32.12.3.rel1.win32_1.0.200.202406191623/tools/bin/../lib/gcc/arm-none-eabi/12.3.1/thumb/v7e-m+fp/hard/crti.o
                0x080030dc                _fini
 .fini          0x080030e0        0x8 C:/ST/STM32CubeIDE_1.16.0/STM32CubeIDE/plugins/com.st.stm32cube.ide.mcu.externaltools.gnu-tools-for-stm32.12.3.rel1.win32_1.0.200.202406191623/tools/bin/../lib/gcc/arm-none-eabi/12.3.1/thumb/v7e-m+fp/hard/crtn.o
                0x080030e8                        . = ALIGN (0x4)
                0x080030e8                        _etext = .

.vfp11_veneer   0x080030e8        0x0
 .vfp11_veneer  0x080030e8        0x0 linker stubs

.v4_bx          0x080030e8        0x0
 .v4_bx         0x080030e8        0x0 linker stubs

.iplt           0x080030e8        0x0
 .iplt          0x080030e8        0x0 C:/ST/STM32CubeIDE_1.16.0/STM32CubeIDE/plugins/com.st.stm32cube.ide.mcu.externaltools.gnu-tools-for-stm32.12.3.rel1.win32_1.0.200.202406191623/tools/bin/../lib/gcc/arm-none-eabi/12.3.1/thumb/v7e-m+fp/hard/crtbegin.o

.rodata         0x080030e8       0x18
                0x080030e8                        . = ALIGN (0x4)
 *(.rodata)
 *(.rodata*)
 .rodata.AHBPrescTable
                0x080030e8       0x10 ./Core/Src/system_stm32f4xx.o
                0x080030e8                AHBPrescTable
 .rodata.APBPrescTable
                0x080030f8        0x8 ./Core/Src/system_stm32f4xx.o
                0x080030f8                APBPrescTable
                0x08003100                        . = ALIGN (0x4)

.ARM.extab      0x08003100        0x0
                0x08003100                        . = ALIGN (0x4)
 *(.ARM.extab* .gnu.linkonce.armextab.*)
                0x08003100                        . = ALIGN (0x4)

.ARM            0x08003100        0x8
                0x08003100                        . = ALIGN (0x4)
                0x08003100                        __exidx_start = .
 *(.ARM.exidx*)
 .ARM.exidx     0x08003100        0x8 C:/ST/STM32CubeIDE_1.16.0/STM32CubeIDE/plugins/com.st.stm32cube.ide.mcu.externaltools.gnu-tools-for-stm32.12.3.rel1.win32_1.0.200.202406191623/tools/bin/../lib/gcc/arm-none-eabi/12.3.1/thumb/v7e-m+fp/hard\libgcc.a(_udivmoddi4.o)
                0x08003108                        __exidx_end = .
                0x08003108                        . = ALIGN (0x4)

.preinit_array  0x08003108        0x0
                0x08003108                        . = ALIGN (0x4)
                0x08003108                        PROVIDE (__preinit_array_start = .)
 *(.preinit_array*)
                0x08003108                        PROVIDE (__preinit_array_end = .)
                0x08003108                        . = ALIGN (0x4)

.init_array     0x08003108        0x4
                0x08003108                        . = ALIGN (0x4)
                0x08003108                        PROVIDE (__init_array_start = .)
 *(SORT_BY_NAME(.init_array.*))
 *(.init_array*)
 .init_array    0x08003108        0x4 C:/ST/STM32CubeIDE_1.16.0/STM32CubeIDE/plugins/com.st.stm32cube.ide.mcu.externaltools.gnu-tools-for-stm32.12.3.rel1.win32_1.0.200.202406191623/tools/bin/../lib/gcc/arm-none-eabi/12.3.1/thumb/v7e-m+fp/hard/crtbegin.o
                0x0800310c                        PROVIDE (__init_array_end = .)
                0x0800310c                        . = ALIGN (0x4)

.fini_array     0x0800310c        0x4
                0x0800310c                        . = ALIGN (0x4)
                [!provide]                        PROVIDE (__fini_array_start = .)
 *(SORT_BY_NAME(.fini_array.*))
 *(.fini_array*)
 .fini_array    0x0800310c        0x4 C:/ST/STM32CubeIDE_1.16.0/STM32CubeIDE/plugins/com.st.stm32cube.ide.mcu.externaltools.gnu-tools-for-stm32.12.3.rel1.win32_1.0.200.202406191623/tools/bin/../lib/gcc/arm-none-eabi/12.3.1/thumb/v7e-m+fp/hard/crtbegin.o
                [!provide]                        PROVIDE (__fini_array_end = .)
                0x08003110                        . = ALIGN (0x4)
                0x08003110                        _sidata = LOADADDR (.data)

.rel.dyn        0x08003110        0x0
 .rel.iplt      0x08003110        0x0 C:/ST/STM32CubeIDE_1.16.0/STM32CubeIDE/plugins/com.st.stm32cube.ide.mcu.externaltools.gnu-tools-for-stm32.12.3.rel1.win32_1.0.200.202406191623/tools/bin/../lib/gcc/arm-none-eabi/12.3.1/thumb/v7e-m+fp/hard/crtbegin.o

.data           0x20000000       0x28 load address 0x08003110
                0x20000000                        . = ALIGN (0x4)
                0x20000000                        _sdata = .
 *(.data)
 *(.data*)
 .data.SystemCoreClock
                0x20000000        0x4 ./Core/Src/system_stm32f4xx.o
                0x20000000                SystemCoreClock
 .data.uwTickPrio
                0x20000004        0x4 ./Drivers/STM32F4xx_HAL_Driver/Src/stm32f4xx_hal.o
                0x20000004                uwTickPrio
 .data.uwTickFreq
                0x20000008        0x1 ./Drivers/STM32F4xx_HAL_Driver/Src/stm32f4xx_hal.o
                0x20000008                uwTickFreq
 *fill*         0x20000009        0x3 
 .data.MPUPin   0x2000000c       0x1c ./ECU_Layer/src/ecu.o
                0x2000000c                MPUPin
 *(.RamFunc)
 *(.RamFunc*)
                0x20000028                        . = ALIGN (0x4)
                0x20000028                        _edata = .

.igot.plt       0x20000028        0x0 load address 0x08003138
 .igot.plt      0x20000028        0x0 C:/ST/STM32CubeIDE_1.16.0/STM32CubeIDE/plugins/com.st.stm32cube.ide.mcu.externaltools.gnu-tools-for-stm32.12.3.rel1.win32_1.0.200.202406191623/tools/bin/../lib/gcc/arm-none-eabi/12.3.1/thumb/v7e-m+fp/hard/crtbegin.o
                0x20000028                        . = ALIGN (0x4)

.bss            0x20000028       0x74 load address 0x08003138
                0x20000028                        _sbss = .
                0x20000028                        __bss_start__ = _sbss
 *(.bss)
 .bss           0x20000028       0x1c C:/ST/STM32CubeIDE_1.16.0/STM32CubeIDE/plugins/com.st.stm32cube.ide.mcu.externaltools.gnu-tools-for-stm32.12.3.rel1.win32_1.0.200.202406191623/tools/bin/../lib/gcc/arm-none-eabi/12.3.1/thumb/v7e-m+fp/hard/crtbegin.o
 *(.bss*)
 .bss.hi2c1     0x20000044       0x54 ./Core/Src/i2c.o
                0x20000044                hi2c1
 .bss.uwTick    0x20000098        0x4 ./Drivers/STM32F4xx_HAL_Driver/Src/stm32f4xx_hal.o
                0x20000098                uwTick
 *(COMMON)
                0x2000009c                        . = ALIGN (0x4)
                0x2000009c                        _ebss = .
                0x2000009c                        __bss_end__ = _ebss

._user_heap_stack
                0x2000009c      0x604 load address 0x08003138
                0x200000a0                        . = ALIGN (0x8)
 *fill*         0x2000009c        0x4 
                [!provide]                        PROVIDE (end = .)
                0x200000a0                        PROVIDE (_end = .)
                0x200002a0                        . = (. + _Min_Heap_Size)
 *fill*         0x200000a0      0x200 
                0x200006a0                        . = (. + _Min_Stack_Size)
 *fill*         0x200002a0      0x400 
                0x200006a0                        . = ALIGN (0x8)

/DISCARD/
 libc.a(*)
 libm.a(*)
 libgcc.a(*)

.ARM.attributes
                0x00000000       0x30
 *(.ARM.attributes)
 .ARM.attributes
                0x00000000       0x22 C:/ST/STM32CubeIDE_1.16.0/STM32CubeIDE/plugins/com.st.stm32cube.ide.mcu.externaltools.gnu-tools-for-stm32.12.3.rel1.win32_1.0.200.202406191623/tools/bin/../lib/gcc/arm-none-eabi/12.3.1/thumb/v7e-m+fp/hard/crti.o
 .ARM.attributes
                0x00000022       0x34 C:/ST/STM32CubeIDE_1.16.0/STM32CubeIDE/plugins/com.st.stm32cube.ide.mcu.externaltools.gnu-tools-for-stm32.12.3.rel1.win32_1.0.200.202406191623/tools/bin/../lib/gcc/arm-none-eabi/12.3.1/thumb/v7e-m+fp/hard/crtbegin.o
 .ARM.attributes
                0x00000056       0x34 ./Core/Src/gpio.o
 .ARM.attributes
                0x0000008a       0x34 ./Core/Src/i2c.o
 .ARM.attributes
                0x000000be       0x34 ./Core/Src/main.o
 .ARM.attributes
                0x000000f2       0x34 ./Core/Src/stm32f4xx_hal_msp.o
 .ARM.attributes
                0x00000126       0x34 ./Core/Src/stm32f4xx_it.o
 .ARM.attributes
                0x0000015a       0x34 ./Core/Src/system_stm32f4xx.o
 .ARM.attributes
                0x0000018e       0x21 ./Core/Startup/startup_stm32f401rctx.o
 .ARM.attributes
                0x000001af       0x34 ./Drivers/STM32F4xx_HAL_Driver/Src/stm32f4xx_hal.o
 .ARM.attributes
                0x000001e3       0x34 ./Drivers/STM32F4xx_HAL_Driver/Src/stm32f4xx_hal_cortex.o
 .ARM.attributes
                0x00000217       0x34 ./Drivers/STM32F4xx_HAL_Driver/Src/stm32f4xx_hal_gpio.o
 .ARM.attributes
                0x0000024b       0x34 ./Drivers/STM32F4xx_HAL_Driver/Src/stm32f4xx_hal_i2c.o
 .ARM.attributes
                0x0000027f       0x34 ./Drivers/STM32F4xx_HAL_Driver/Src/stm32f4xx_hal_rcc.o
 .ARM.attributes
                0x000002b3       0x34 ./ECU_Layer/src/ecu.o
 .ARM.attributes
                0x000002e7       0x34 ./ECU_Layer/src/mpu.o
 .ARM.attributes
                0x0000031b       0x34 C:/ST/STM32CubeIDE_1.16.0/STM32CubeIDE/plugins/com.st.stm32cube.ide.mcu.externaltools.gnu-tools-for-stm32.12.3.rel1.win32_1.0.200.202406191623/tools/bin/../lib/gcc/arm-none-eabi/12.3.1/../../../../arm-none-eabi/lib/thumb/v7e-m+fp/hard\libc_nano.a(libc_a-memset.o)
 .ARM.attributes
                0x0000034f       0x34 C:/ST/STM32CubeIDE_1.16.0/STM32CubeIDE/plugins/com.st.stm32cube.ide.mcu.externaltools.gnu-tools-for-stm32.12.3.rel1.win32_1.0.200.202406191623/tools/bin/../lib/gcc/arm-none-eabi/12.3.1/../../../../arm-none-eabi/lib/thumb/v7e-m+fp/hard\libc_nano.a(libc_a-init.o)
 .ARM.attributes
                0x00000383       0x22 C:/ST/STM32CubeIDE_1.16.0/STM32CubeIDE/plugins/com.st.stm32cube.ide.mcu.externaltools.gnu-tools-for-stm32.12.3.rel1.win32_1.0.200.202406191623/tools/bin/../lib/gcc/arm-none-eabi/12.3.1/thumb/v7e-m+fp/hard\libgcc.a(_aeabi_uldivmod.o)
 .ARM.attributes
                0x000003a5       0x34 C:/ST/STM32CubeIDE_1.16.0/STM32CubeIDE/plugins/com.st.stm32cube.ide.mcu.externaltools.gnu-tools-for-stm32.12.3.rel1.win32_1.0.200.202406191623/tools/bin/../lib/gcc/arm-none-eabi/12.3.1/thumb/v7e-m+fp/hard\libgcc.a(_udivmoddi4.o)
 .ARM.attributes
                0x000003d9       0x22 C:/ST/STM32CubeIDE_1.16.0/STM32CubeIDE/plugins/com.st.stm32cube.ide.mcu.externaltools.gnu-tools-for-stm32.12.3.rel1.win32_1.0.200.202406191623/tools/bin/../lib/gcc/arm-none-eabi/12.3.1/thumb/v7e-m+fp/hard\libgcc.a(_dvmd_tls.o)
 .ARM.attributes
                0x000003fb       0x22 C:/ST/STM32CubeIDE_1.16.0/STM32CubeIDE/plugins/com.st.stm32cube.ide.mcu.externaltools.gnu-tools-for-stm32.12.3.rel1.win32_1.0.200.202406191623/tools/bin/../lib/gcc/arm-none-eabi/12.3.1/thumb/v7e-m+fp/hard/crtn.o
OUTPUT(ADAS.elf elf32-littlearm)
LOAD linker stubs
LOAD C:/ST/STM32CubeIDE_1.16.0/STM32CubeIDE/plugins/com.st.stm32cube.ide.mcu.externaltools.gnu-tools-for-stm32.12.3.rel1.win32_1.0.200.202406191623/tools/bin/../lib/gcc/arm-none-eabi/12.3.1/../../../../arm-none-eabi/lib/thumb/v7e-m+fp/hard\libc.a
LOAD C:/ST/STM32CubeIDE_1.16.0/STM32CubeIDE/plugins/com.st.stm32cube.ide.mcu.externaltools.gnu-tools-for-stm32.12.3.rel1.win32_1.0.200.202406191623/tools/bin/../lib/gcc/arm-none-eabi/12.3.1/../../../../arm-none-eabi/lib/thumb/v7e-m+fp/hard\libm.a
LOAD C:/ST/STM32CubeIDE_1.16.0/STM32CubeIDE/plugins/com.st.stm32cube.ide.mcu.externaltools.gnu-tools-for-stm32.12.3.rel1.win32_1.0.200.202406191623/tools/bin/../lib/gcc/arm-none-eabi/12.3.1/thumb/v7e-m+fp/hard\libgcc.a

.debug_info     0x00000000     0x7efc
 .debug_info    0x00000000      0x3fb ./Core/Src/gpio.o
 .debug_info    0x000003fb      0x9a5 ./Core/Src/i2c.o
 .debug_info    0x00000da0      0xb9e ./Core/Src/main.o
 .debug_info    0x0000193e      0x291 ./Core/Src/stm32f4xx_hal_msp.o
 .debug_info    0x00001bcf      0x119 ./Core/Src/stm32f4xx_it.o
 .debug_info    0x00001ce8      0x53e ./Core/Src/system_stm32f4xx.o
 .debug_info    0x00002226       0x30 ./Core/Startup/startup_stm32f401rctx.o
 .debug_info    0x00002256      0x8bb ./Drivers/STM32F4xx_HAL_Driver/Src/stm32f4xx_hal.o
 .debug_info    0x00002b11      0xcf6 ./Drivers/STM32F4xx_HAL_Driver/Src/stm32f4xx_hal_cortex.o
 .debug_info    0x00003807      0x6f9 ./Drivers/STM32F4xx_HAL_Driver/Src/stm32f4xx_hal_gpio.o
 .debug_info    0x00003f00     0x2426 ./Drivers/STM32F4xx_HAL_Driver/Src/stm32f4xx_hal_i2c.o
 .debug_info    0x00006326      0x8f1 ./Drivers/STM32F4xx_HAL_Driver/Src/stm32f4xx_hal_rcc.o
 .debug_info    0x00006c17      0x6a2 ./ECU_Layer/src/ecu.o
 .debug_info    0x000072b9      0xc43 ./ECU_Layer/src/mpu.o

.debug_abbrev   0x00000000     0x1864
 .debug_abbrev  0x00000000      0x151 ./Core/Src/gpio.o
 .debug_abbrev  0x00000151      0x1f0 ./Core/Src/i2c.o
 .debug_abbrev  0x00000341      0x239 ./Core/Src/main.o
 .debug_abbrev  0x0000057a       0xd8 ./Core/Src/stm32f4xx_hal_msp.o
 .debug_abbrev  0x00000652       0x88 ./Core/Src/stm32f4xx_it.o
 .debug_abbrev  0x000006da      0x11a ./Core/Src/system_stm32f4xx.o
 .debug_abbrev  0x000007f4       0x24 ./Core/Startup/startup_stm32f401rctx.o
 .debug_abbrev  0x00000818      0x24b ./Drivers/STM32F4xx_HAL_Driver/Src/stm32f4xx_hal.o
 .debug_abbrev  0x00000a63      0x31d ./Drivers/STM32F4xx_HAL_Driver/Src/stm32f4xx_hal_cortex.o
 .debug_abbrev  0x00000d80      0x1d3 ./Drivers/STM32F4xx_HAL_Driver/Src/stm32f4xx_hal_gpio.o
 .debug_abbrev  0x00000f53      0x2bc ./Drivers/STM32F4xx_HAL_Driver/Src/stm32f4xx_hal_i2c.o
 .debug_abbrev  0x0000120f      0x2b6 ./Drivers/STM32F4xx_HAL_Driver/Src/stm32f4xx_hal_rcc.o
 .debug_abbrev  0x000014c5      0x129 ./ECU_Layer/src/ecu.o
 .debug_abbrev  0x000015ee      0x276 ./ECU_Layer/src/mpu.o

.debug_aranges  0x00000000      0x778
 .debug_aranges
                0x00000000       0x20 ./Core/Src/gpio.o
 .debug_aranges
                0x00000020       0x30 ./Core/Src/i2c.o
 .debug_aranges
                0x00000050       0x30 ./Core/Src/main.o
 .debug_aranges
                0x00000080       0x20 ./Core/Src/stm32f4xx_hal_msp.o
 .debug_aranges
                0x000000a0       0x60 ./Core/Src/stm32f4xx_it.o
 .debug_aranges
                0x00000100       0x28 ./Core/Src/system_stm32f4xx.o
 .debug_aranges
                0x00000128       0x28 ./Core/Startup/startup_stm32f401rctx.o
 .debug_aranges
                0x00000150       0xf0 ./Drivers/STM32F4xx_HAL_Driver/Src/stm32f4xx_hal.o
 .debug_aranges
                0x00000240      0x130 ./Drivers/STM32F4xx_HAL_Driver/Src/stm32f4xx_hal_cortex.o
 .debug_aranges
                0x00000370       0x58 ./Drivers/STM32F4xx_HAL_Driver/Src/stm32f4xx_hal_gpio.o
 .debug_aranges
                0x000003c8      0x2a8 ./Drivers/STM32F4xx_HAL_Driver/Src/stm32f4xx_hal_i2c.o
 .debug_aranges
                0x00000670       0x88 ./Drivers/STM32F4xx_HAL_Driver/Src/stm32f4xx_hal_rcc.o
 .debug_aranges
                0x000006f8       0x18 ./ECU_Layer/src/ecu.o
 .debug_aranges
                0x00000710       0x68 ./ECU_Layer/src/mpu.o

.debug_rnglists
                0x00000000      0x59d
 .debug_rnglists
                0x00000000       0x14 ./Core/Src/gpio.o
 .debug_rnglists
                0x00000014       0x20 ./Core/Src/i2c.o
 .debug_rnglists
                0x00000034       0x20 ./Core/Src/main.o
 .debug_rnglists
                0x00000054       0x13 ./Core/Src/stm32f4xx_hal_msp.o
 .debug_rnglists
                0x00000067       0x43 ./Core/Src/stm32f4xx_it.o
 .debug_rnglists
                0x000000aa       0x1a ./Core/Src/system_stm32f4xx.o
 .debug_rnglists
                0x000000c4       0x19 ./Core/Startup/startup_stm32f401rctx.o
 .debug_rnglists
                0x000000dd       0xaf ./Drivers/STM32F4xx_HAL_Driver/Src/stm32f4xx_hal.o
 .debug_rnglists
                0x0000018c       0xe0 ./Drivers/STM32F4xx_HAL_Driver/Src/stm32f4xx_hal_cortex.o
 .debug_rnglists
                0x0000026c       0x3f ./Drivers/STM32F4xx_HAL_Driver/Src/stm32f4xx_hal_gpio.o
 .debug_rnglists
                0x000002ab      0x23c ./Drivers/STM32F4xx_HAL_Driver/Src/stm32f4xx_hal_i2c.o
 .debug_rnglists
                0x000004e7       0x66 ./Drivers/STM32F4xx_HAL_Driver/Src/stm32f4xx_hal_rcc.o
 .debug_rnglists
                0x0000054d       0x50 ./ECU_Layer/src/mpu.o

.debug_macro    0x00000000    0x16b2b
 .debug_macro   0x00000000      0x1dd ./Core/Src/gpio.o
 .debug_macro   0x000001dd      0xab4 ./Core/Src/gpio.o
 .debug_macro   0x00000c91      0x295 ./Core/Src/gpio.o
 .debug_macro   0x00000f26       0x2e ./Core/Src/gpio.o
 .debug_macro   0x00000f54       0x28 ./Core/Src/gpio.o
 .debug_macro   0x00000f7c       0x22 ./Core/Src/gpio.o
 .debug_macro   0x00000f9e       0x8e ./Core/Src/gpio.o
 .debug_macro   0x0000102c       0x51 ./Core/Src/gpio.o
 .debug_macro   0x0000107d      0x103 ./Core/Src/gpio.o
 .debug_macro   0x00001180       0x6a ./Core/Src/gpio.o
 .debug_macro   0x000011ea      0x1df ./Core/Src/gpio.o
 .debug_macro   0x000013c9       0x1c ./Core/Src/gpio.o
 .debug_macro   0x000013e5       0x22 ./Core/Src/gpio.o
 .debug_macro   0x00001407       0xfb ./Core/Src/gpio.o
 .debug_macro   0x00001502     0x1011 ./Core/Src/gpio.o
 .debug_macro   0x00002513      0x11f ./Core/Src/gpio.o
 .debug_macro   0x00002632     0xb86c ./Core/Src/gpio.o
 .debug_macro   0x0000de9e       0x6d ./Core/Src/gpio.o
 .debug_macro   0x0000df0b     0x369a ./Core/Src/gpio.o
 .debug_macro   0x000115a5      0x189 ./Core/Src/gpio.o
 .debug_macro   0x0001172e       0x5c ./Core/Src/gpio.o
 .debug_macro   0x0001178a      0x416 ./Core/Src/gpio.o
 .debug_macro   0x00011ba0      0x9e9 ./Core/Src/gpio.o
 .debug_macro   0x00012589      0x115 ./Core/Src/gpio.o
 .debug_macro   0x0001269e       0xf8 ./Core/Src/gpio.o
 .debug_macro   0x00012796       0xa5 ./Core/Src/gpio.o
 .debug_macro   0x0001283b      0x15f ./Core/Src/gpio.o
 .debug_macro   0x0001299a      0x287 ./Core/Src/gpio.o
 .debug_macro   0x00012c21       0x5f ./Core/Src/gpio.o
 .debug_macro   0x00012c80      0x236 ./Core/Src/gpio.o
 .debug_macro   0x00012eb6      0x132 ./Core/Src/gpio.o
 .debug_macro   0x00012fe8      0x23a ./Core/Src/gpio.o
 .debug_macro   0x00013222       0x2e ./Core/Src/gpio.o
 .debug_macro   0x00013250      0x1b5 ./Core/Src/gpio.o
 .debug_macro   0x00013405       0x22 ./Core/Src/gpio.o
 .debug_macro   0x00013427       0xd6 ./Core/Src/gpio.o
 .debug_macro   0x000134fd      0x127 ./Core/Src/gpio.o
 .debug_macro   0x00013624       0x85 ./Core/Src/gpio.o
 .debug_macro   0x000136a9       0x89 ./Core/Src/gpio.o
 .debug_macro   0x00013732      0x126 ./Core/Src/gpio.o
 .debug_macro   0x00013858      0x1dd ./Core/Src/i2c.o
 .debug_macro   0x00013a35      0x38a ./Core/Src/main.o
 .debug_macro   0x00013dbf      0x8ed ./Core/Src/main.o
 .debug_macro   0x000146ac       0x47 ./Core/Src/main.o
 .debug_macro   0x000146f3       0x61 ./Core/Src/main.o
 .debug_macro   0x00014754       0x2a ./Core/Src/main.o
 .debug_macro   0x0001477e       0x43 ./Core/Src/main.o
 .debug_macro   0x000147c1       0x34 ./Core/Src/main.o
 .debug_macro   0x000147f5       0x16 ./Core/Src/main.o
 .debug_macro   0x0001480b       0x35 ./Core/Src/main.o
 .debug_macro   0x00014840      0x369 ./Core/Src/main.o
 .debug_macro   0x00014ba9       0x10 ./Core/Src/main.o
 .debug_macro   0x00014bb9       0x16 ./Core/Src/main.o
 .debug_macro   0x00014bcf       0x43 ./Core/Src/main.o
 .debug_macro   0x00014c12       0x34 ./Core/Src/main.o
 .debug_macro   0x00014c46       0x10 ./Core/Src/main.o
 .debug_macro   0x00014c56       0x58 ./Core/Src/main.o
 .debug_macro   0x00014cae       0x8e ./Core/Src/main.o
 .debug_macro   0x00014d3c       0x1c ./Core/Src/main.o
 .debug_macro   0x00014d58      0x177 ./Core/Src/main.o
 .debug_macro   0x00014ecf       0x16 ./Core/Src/main.o
 .debug_macro   0x00014ee5       0x16 ./Core/Src/main.o
 .debug_macro   0x00014efb      0x146 ./Core/Src/main.o
 .debug_macro   0x00015041       0x16 ./Core/Src/main.o
 .debug_macro   0x00015057       0x16 ./Core/Src/main.o
 .debug_macro   0x0001506d       0x29 ./Core/Src/main.o
 .debug_macro   0x00015096       0x16 ./Core/Src/main.o
 .debug_macro   0x000150ac       0x20 ./Core/Src/main.o
 .debug_macro   0x000150cc      0x19b ./Core/Src/main.o
 .debug_macro   0x00015267      0x148 ./Core/Src/main.o
 .debug_macro   0x000153af      0x1d3 ./Core/Src/stm32f4xx_hal_msp.o
 .debug_macro   0x00015582      0x1dd ./Core/Src/stm32f4xx_it.o
 .debug_macro   0x0001575f      0x1c9 ./Core/Src/system_stm32f4xx.o
 .debug_macro   0x00015928      0x229 ./Drivers/STM32F4xx_HAL_Driver/Src/stm32f4xx_hal.o
 .debug_macro   0x00015b51      0x1c9 ./Drivers/STM32F4xx_HAL_Driver/Src/stm32f4xx_hal_cortex.o
 .debug_macro   0x00015d1a      0x1cf ./Drivers/STM32F4xx_HAL_Driver/Src/stm32f4xx_hal_gpio.o
 .debug_macro   0x00015ee9      0x217 ./Drivers/STM32F4xx_HAL_Driver/Src/stm32f4xx_hal_i2c.o
 .debug_macro   0x00016100      0x1ed ./Drivers/STM32F4xx_HAL_Driver/Src/stm32f4xx_hal_rcc.o
 .debug_macro   0x000162ed      0x38a ./ECU_Layer/src/ecu.o
 .debug_macro   0x00016677      0x372 ./ECU_Layer/src/mpu.o
 .debug_macro   0x000169e9      0x142 ./ECU_Layer/src/mpu.o

.debug_line     0x00000000     0xb3a1
 .debug_line    0x00000000      0x744 ./Core/Src/gpio.o
 .debug_line    0x00000744      0x7a0 ./Core/Src/i2c.o
 .debug_line    0x00000ee4      0xa1e ./Core/Src/main.o
 .debug_line    0x00001902      0x737 ./Core/Src/stm32f4xx_hal_msp.o
 .debug_line    0x00002039      0x7fc ./Core/Src/stm32f4xx_it.o
 .debug_line    0x00002835      0x7bb ./Core/Src/system_stm32f4xx.o
 .debug_line    0x00002ff0       0x7a ./Core/Startup/startup_stm32f401rctx.o
 .debug_line    0x0000306a      0xa24 ./Drivers/STM32F4xx_HAL_Driver/Src/stm32f4xx_hal.o
 .debug_line    0x00003a8e      0xd16 ./Drivers/STM32F4xx_HAL_Driver/Src/stm32f4xx_hal_cortex.o
 .debug_line    0x000047a4      0xb74 ./Drivers/STM32F4xx_HAL_Driver/Src/stm32f4xx_hal_gpio.o
 .debug_line    0x00005318     0x3b6a ./Drivers/STM32F4xx_HAL_Driver/Src/stm32f4xx_hal_i2c.o
 .debug_line    0x00008e82      0xdad ./Drivers/STM32F4xx_HAL_Driver/Src/stm32f4xx_hal_rcc.o
 .debug_line    0x00009c2f      0x993 ./ECU_Layer/src/ecu.o
 .debug_line    0x0000a5c2      0xddf ./ECU_Layer/src/mpu.o

.debug_str      0x00000000    0x8ccd4
 .debug_str     0x00000000    0x7ed1e ./Core/Src/gpio.o
                              0x7efa8 (size before relaxing)
 .debug_str     0x0007ed1e      0x553 ./Core/Src/i2c.o
                              0x7f4dc (size before relaxing)
 .debug_str     0x0007f271     0xba7c ./Core/Src/main.o
                              0x8aece (size before relaxing)
 .debug_str     0x0008aced       0x2c ./Core/Src/stm32f4xx_hal_msp.o
                              0x7eedd (size before relaxing)
 .debug_str     0x0008ad19       0xe0 ./Core/Src/stm32f4xx_it.o
                              0x7ee68 (size before relaxing)
 .debug_str     0x0008adf9       0xdb ./Core/Src/system_stm32f4xx.o
                              0x7ef8d (size before relaxing)
 .debug_str     0x0008aed4       0x44 ./Core/Startup/startup_stm32f401rctx.o
                                 0x65 (size before relaxing)
 .debug_str     0x0008af18      0x9b8 ./Drivers/STM32F4xx_HAL_Driver/Src/stm32f4xx_hal.o
                              0x7f9af (size before relaxing)
 .debug_str     0x0008b8d0      0x392 ./Drivers/STM32F4xx_HAL_Driver/Src/stm32f4xx_hal_cortex.o
                              0x7f719 (size before relaxing)
 .debug_str     0x0008bc62      0x121 ./Drivers/STM32F4xx_HAL_Driver/Src/stm32f4xx_hal_gpio.o
                              0x7f108 (size before relaxing)
 .debug_str     0x0008bd83      0xb6d ./Drivers/STM32F4xx_HAL_Driver/Src/stm32f4xx_hal_i2c.o
                              0x7ff9e (size before relaxing)
 .debug_str     0x0008c8f0      0x1ea ./Drivers/STM32F4xx_HAL_Driver/Src/stm32f4xx_hal_rcc.o
                              0x7f3c1 (size before relaxing)
 .debug_str     0x0008cada       0x17 ./ECU_Layer/src/ecu.o
                              0x8aa5c (size before relaxing)
 .debug_str     0x0008caf1      0x1e3 ./ECU_Layer/src/mpu.o
                              0x8ae3b (size before relaxing)

.comment        0x00000000       0x43
 .comment       0x00000000       0x43 ./Core/Src/gpio.o
                                 0x44 (size before relaxing)
 .comment       0x00000043       0x44 ./Core/Src/i2c.o
 .comment       0x00000043       0x44 ./Core/Src/main.o
 .comment       0x00000043       0x44 ./Core/Src/stm32f4xx_hal_msp.o
 .comment       0x00000043       0x44 ./Core/Src/stm32f4xx_it.o
 .comment       0x00000043       0x44 ./Core/Src/system_stm32f4xx.o
 .comment       0x00000043       0x44 ./Drivers/STM32F4xx_HAL_Driver/Src/stm32f4xx_hal.o
 .comment       0x00000043       0x44 ./Drivers/STM32F4xx_HAL_Driver/Src/stm32f4xx_hal_cortex.o
 .comment       0x00000043       0x44 ./Drivers/STM32F4xx_HAL_Driver/Src/stm32f4xx_hal_gpio.o
 .comment       0x00000043       0x44 ./Drivers/STM32F4xx_HAL_Driver/Src/stm32f4xx_hal_i2c.o
 .comment       0x00000043       0x44 ./Drivers/STM32F4xx_HAL_Driver/Src/stm32f4xx_hal_rcc.o
 .comment       0x00000043       0x44 ./ECU_Layer/src/ecu.o
 .comment       0x00000043       0x44 ./ECU_Layer/src/mpu.o

.debug_frame    0x00000000     0x1d28
 .debug_frame   0x00000000       0x34 ./Core/Src/gpio.o
 .debug_frame   0x00000034       0x74 ./Core/Src/i2c.o
 .debug_frame   0x000000a8       0x6c ./Core/Src/main.o
 .debug_frame   0x00000114       0x38 ./Core/Src/stm32f4xx_hal_msp.o
 .debug_frame   0x0000014c      0x108 ./Core/Src/stm32f4xx_it.o
 .debug_frame   0x00000254       0x58 ./Core/Src/system_stm32f4xx.o
 .debug_frame   0x000002ac      0x374 ./Drivers/STM32F4xx_HAL_Driver/Src/stm32f4xx_hal.o
 .debug_frame   0x00000620      0x508 ./Drivers/STM32F4xx_HAL_Driver/Src/stm32f4xx_hal_cortex.o
 .debug_frame   0x00000b28      0x14c ./Drivers/STM32F4xx_HAL_Driver/Src/stm32f4xx_hal_gpio.o
 .debug_frame   0x00000c74      0xc84 ./Drivers/STM32F4xx_HAL_Driver/Src/stm32f4xx_hal_i2c.o
 .debug_frame   0x000018f8      0x1f4 ./Drivers/STM32F4xx_HAL_Driver/Src/stm32f4xx_hal_rcc.o
 .debug_frame   0x00001aec      0x190 ./ECU_Layer/src/mpu.o
 .debug_frame   0x00001c7c       0x20 C:/ST/STM32CubeIDE_1.16.0/STM32CubeIDE/plugins/com.st.stm32cube.ide.mcu.externaltools.gnu-tools-for-stm32.12.3.rel1.win32_1.0.200.202406191623/tools/bin/../lib/gcc/arm-none-eabi/12.3.1/../../../../arm-none-eabi/lib/thumb/v7e-m+fp/hard\libc_nano.a(libc_a-memset.o)
 .debug_frame   0x00001c9c       0x2c C:/ST/STM32CubeIDE_1.16.0/STM32CubeIDE/plugins/com.st.stm32cube.ide.mcu.externaltools.gnu-tools-for-stm32.12.3.rel1.win32_1.0.200.202406191623/tools/bin/../lib/gcc/arm-none-eabi/12.3.1/../../../../arm-none-eabi/lib/thumb/v7e-m+fp/hard\libc_nano.a(libc_a-init.o)
 .debug_frame   0x00001cc8       0x2c C:/ST/STM32CubeIDE_1.16.0/STM32CubeIDE/plugins/com.st.stm32cube.ide.mcu.externaltools.gnu-tools-for-stm32.12.3.rel1.win32_1.0.200.202406191623/tools/bin/../lib/gcc/arm-none-eabi/12.3.1/thumb/v7e-m+fp/hard\libgcc.a(_aeabi_uldivmod.o)
 .debug_frame   0x00001cf4       0x34 C:/ST/STM32CubeIDE_1.16.0/STM32CubeIDE/plugins/com.st.stm32cube.ide.mcu.externaltools.gnu-tools-for-stm32.12.3.rel1.win32_1.0.200.202406191623/tools/bin/../lib/gcc/arm-none-eabi/12.3.1/thumb/v7e-m+fp/hard\libgcc.a(_udivmoddi4.o)

.debug_line_str
                0x00000000       0x49
 .debug_line_str
                0x00000000       0x49 ./Core/Startup/startup_stm32f401rctx.o
