Archive member included to satisfy reference by file (symbol)

E:/ST/STM32CubeIDE_1.16.0/STM32CubeIDE/plugins/com.st.stm32cube.ide.mcu.externaltools.gnu-tools-for-stm32.12.3.rel1.win32_1.0.200.202406191623/tools/bin/../lib/gcc/arm-none-eabi/12.3.1/../../../../arm-none-eabi/lib/thumb/v7e-m+fp/hard\libc_nano.a(libc_a-exit.o)
                              E:/ST/STM32CubeIDE_1.16.0/STM32CubeIDE/plugins/com.st.stm32cube.ide.mcu.externaltools.gnu-tools-for-stm32.12.3.rel1.win32_1.0.200.202406191623/tools/bin/../lib/gcc/arm-none-eabi/12.3.1/../../../../arm-none-eabi/lib/thumb/v7e-m+fp/hard/crt0.o (exit)
E:/ST/STM32CubeIDE_1.16.0/STM32CubeIDE/plugins/com.st.stm32cube.ide.mcu.externaltools.gnu-tools-for-stm32.12.3.rel1.win32_1.0.200.202406191623/tools/bin/../lib/gcc/arm-none-eabi/12.3.1/../../../../arm-none-eabi/lib/thumb/v7e-m+fp/hard\libc_nano.a(libc_a-malloc.o)
                              ./lib/src/list.o (malloc)
E:/ST/STM32CubeIDE_1.16.0/STM32CubeIDE/plugins/com.st.stm32cube.ide.mcu.externaltools.gnu-tools-for-stm32.12.3.rel1.win32_1.0.200.202406191623/tools/bin/../lib/gcc/arm-none-eabi/12.3.1/../../../../arm-none-eabi/lib/thumb/v7e-m+fp/hard\libc_nano.a(libc_a-mallocr.o)
                              E:/ST/STM32CubeIDE_1.16.0/STM32CubeIDE/plugins/com.st.stm32cube.ide.mcu.externaltools.gnu-tools-for-stm32.12.3.rel1.win32_1.0.200.202406191623/tools/bin/../lib/gcc/arm-none-eabi/12.3.1/../../../../arm-none-eabi/lib/thumb/v7e-m+fp/hard\libc_nano.a(libc_a-malloc.o) (_malloc_r)
E:/ST/STM32CubeIDE_1.16.0/STM32CubeIDE/plugins/com.st.stm32cube.ide.mcu.externaltools.gnu-tools-for-stm32.12.3.rel1.win32_1.0.200.202406191623/tools/bin/../lib/gcc/arm-none-eabi/12.3.1/../../../../arm-none-eabi/lib/thumb/v7e-m+fp/hard\libc_nano.a(libc_a-mlock.o)
                              E:/ST/STM32CubeIDE_1.16.0/STM32CubeIDE/plugins/com.st.stm32cube.ide.mcu.externaltools.gnu-tools-for-stm32.12.3.rel1.win32_1.0.200.202406191623/tools/bin/../lib/gcc/arm-none-eabi/12.3.1/../../../../arm-none-eabi/lib/thumb/v7e-m+fp/hard\libc_nano.a(libc_a-mallocr.o) (__malloc_lock)
E:/ST/STM32CubeIDE_1.16.0/STM32CubeIDE/plugins/com.st.stm32cube.ide.mcu.externaltools.gnu-tools-for-stm32.12.3.rel1.win32_1.0.200.202406191623/tools/bin/../lib/gcc/arm-none-eabi/12.3.1/../../../../arm-none-eabi/lib/thumb/v7e-m+fp/hard\libc_nano.a(libc_a-findfp.o)
                              E:/ST/STM32CubeIDE_1.16.0/STM32CubeIDE/plugins/com.st.stm32cube.ide.mcu.externaltools.gnu-tools-for-stm32.12.3.rel1.win32_1.0.200.202406191623/tools/bin/../lib/gcc/arm-none-eabi/12.3.1/../../../../arm-none-eabi/lib/thumb/v7e-m+fp/hard\libc_nano.a(libc_a-exit.o) (__stdio_exit_handler)
E:/ST/STM32CubeIDE_1.16.0/STM32CubeIDE/plugins/com.st.stm32cube.ide.mcu.externaltools.gnu-tools-for-stm32.12.3.rel1.win32_1.0.200.202406191623/tools/bin/../lib/gcc/arm-none-eabi/12.3.1/../../../../arm-none-eabi/lib/thumb/v7e-m+fp/hard\libc_nano.a(libc_a-fwalk.o)
                              E:/ST/STM32CubeIDE_1.16.0/STM32CubeIDE/plugins/com.st.stm32cube.ide.mcu.externaltools.gnu-tools-for-stm32.12.3.rel1.win32_1.0.200.202406191623/tools/bin/../lib/gcc/arm-none-eabi/12.3.1/../../../../arm-none-eabi/lib/thumb/v7e-m+fp/hard\libc_nano.a(libc_a-findfp.o) (_fwalk_sglue)
E:/ST/STM32CubeIDE_1.16.0/STM32CubeIDE/plugins/com.st.stm32cube.ide.mcu.externaltools.gnu-tools-for-stm32.12.3.rel1.win32_1.0.200.202406191623/tools/bin/../lib/gcc/arm-none-eabi/12.3.1/../../../../arm-none-eabi/lib/thumb/v7e-m+fp/hard\libc_nano.a(libc_a-stdio.o)
                              E:/ST/STM32CubeIDE_1.16.0/STM32CubeIDE/plugins/com.st.stm32cube.ide.mcu.externaltools.gnu-tools-for-stm32.12.3.rel1.win32_1.0.200.202406191623/tools/bin/../lib/gcc/arm-none-eabi/12.3.1/../../../../arm-none-eabi/lib/thumb/v7e-m+fp/hard\libc_nano.a(libc_a-findfp.o) (__sread)
E:/ST/STM32CubeIDE_1.16.0/STM32CubeIDE/plugins/com.st.stm32cube.ide.mcu.externaltools.gnu-tools-for-stm32.12.3.rel1.win32_1.0.200.202406191623/tools/bin/../lib/gcc/arm-none-eabi/12.3.1/../../../../arm-none-eabi/lib/thumb/v7e-m+fp/hard\libc_nano.a(libc_a-memset.o)
                              E:/ST/STM32CubeIDE_1.16.0/STM32CubeIDE/plugins/com.st.stm32cube.ide.mcu.externaltools.gnu-tools-for-stm32.12.3.rel1.win32_1.0.200.202406191623/tools/bin/../lib/gcc/arm-none-eabi/12.3.1/../../../../arm-none-eabi/lib/thumb/v7e-m+fp/hard/crt0.o (memset)
E:/ST/STM32CubeIDE_1.16.0/STM32CubeIDE/plugins/com.st.stm32cube.ide.mcu.externaltools.gnu-tools-for-stm32.12.3.rel1.win32_1.0.200.202406191623/tools/bin/../lib/gcc/arm-none-eabi/12.3.1/../../../../arm-none-eabi/lib/thumb/v7e-m+fp/hard\libc_nano.a(libc_a-closer.o)
                              E:/ST/STM32CubeIDE_1.16.0/STM32CubeIDE/plugins/com.st.stm32cube.ide.mcu.externaltools.gnu-tools-for-stm32.12.3.rel1.win32_1.0.200.202406191623/tools/bin/../lib/gcc/arm-none-eabi/12.3.1/../../../../arm-none-eabi/lib/thumb/v7e-m+fp/hard\libc_nano.a(libc_a-stdio.o) (_close_r)
[...]
Memory Configuration

Name             Origin             Length             Attributes
RAM              0x20000000         0x00010000         xrw
FLASH            0x08000000         0x00040000         xr
*default*        0x00000000         0xffffffff

Linker script and memory map

LOAD E:/ST/STM32CubeIDE_1.16.0/STM32CubeIDE/plugins/com.st.stm32cube.ide.mcu.externaltools.gnu-tools-for-stm32.12.3.rel1.win32_1.0.200.202406191623/tools/bin/../lib/gcc/arm-none-eabi/12.3.1/thumb/v7e-m+fp/hard/crti.o
LOAD E:/ST/STM32CubeIDE_1.16.0/STM32CubeIDE/plugins/com.st.stm32cube.ide.mcu.externaltools.gnu-tools-for-stm32.12.3.rel1.win32_1.0.200.202406191623/tools/bin/../lib/gcc/arm-none-eabi/12.3.1/thumb/v7e-m+fp/hard/crtbegin.o
LOAD E:/ST/STM32CubeIDE_1.16.0/STM32CubeIDE/plugins/com.st.stm32cube.ide.mcu.externaltools.gnu-tools-for-stm32.12.3.rel1.win32_1.0.200.202406191623/tools/bin/../lib/gcc/arm-none-eabi/12.3.1/../../../../arm-none-eabi/lib/thumb/v7e-m+fp/hard/crt0.o
LOAD ./Core/Src/gpio.o
LOAD ./Core/Src/main.o
LOAD ./Core/Src/stm32f4xx_hal_msp.o
LOAD ./Core/Src/stm32f4xx_it.o
LOAD ./Core/Src/syscalls.o
LOAD ./Core/Src/sysmem.o
LOAD ./Core/Src/system_stm32f4xx.o
LOAD ./Core/Src/tim.o
LOAD ./Core/Startup/startup_stm32f401rctx.o
LOAD ./Drivers/STM32F4xx_HAL_Driver/Src/stm32f4xx_hal.o
LOAD ./Drivers/STM32F4xx_HAL_Driver/Src/stm32f4xx_hal_cortex.o
LOAD ./Drivers/STM32F4xx_HAL_Driver/Src/stm32f4xx_hal_dma.o
LOAD ./Drivers/STM32F4xx_HAL_Driver/Src/stm32f4xx_hal_dma_ex.o
LOAD ./Drivers/STM32F4xx_HAL_Driver/Src/stm32f4xx_hal_exti.o
LOAD ./Drivers/STM32F4xx_HAL_Driver/Src/stm32f4xx_hal_flash.o
LOAD ./Drivers/STM32F4xx_HAL_Driver/Src/stm32f4xx_hal_flash_ex.o
LOAD ./Drivers/STM32F4xx_HAL_Driver/Src/stm32f4xx_hal_flash_ramfunc.o
LOAD ./Drivers/STM32F4xx_HAL_Driver/Src/stm32f4xx_hal_gpio.o
LOAD ./Drivers/STM32F4xx_HAL_Driver/Src/stm32f4xx_hal_pwr.o
LOAD ./Drivers/STM32F4xx_HAL_Driver/Src/stm32f4xx_hal_pwr_ex.o
LOAD ./Drivers/STM32F4xx_HAL_Driver/Src/stm32f4xx_hal_rcc.o
LOAD ./Drivers/STM32F4xx_HAL_Driver/Src/stm32f4xx_hal_rcc_ex.o
LOAD ./Drivers/STM32F4xx_HAL_Driver/Src/stm32f4xx_hal_tim.o
LOAD ./Drivers/STM32F4xx_HAL_Driver/Src/stm32f4xx_hal_tim_ex.o
LOAD ./ECU_Layer/src/ecu.o
LOAD ./ECU_Layer/src/encoder.o
LOAD ./ECU_Layer/src/motor.o
LOAD ./ECU_Layer/src/robot.o
LOAD ./lib/src/PID.o
LOAD ./lib/src/list.o
LOAD ./lib/src/queue.o
LOAD ./lib/src/stack.o
START GROUP
LOAD E:/ST/STM32CubeIDE_1.16.0/STM32CubeIDE/plugins/com.st.stm32cube.ide.mcu.externaltools.gnu-tools-for-stm32.12.3.rel1.win32_1.0.200.202406191623/tools/bin/../lib/gcc/arm-none-eabi/12.3.1/../../../../arm-none-eabi/lib/thumb/v7e-m+fp/hard\libc_nano.a
LOAD E:/ST/STM32CubeIDE_1.16.0/STM32CubeIDE/plugins/com.st.stm32cube.ide.mcu.externaltools.gnu-tools-for-stm32.12.3.rel1.win32_1.0.200.202406191623/tools/bin/../lib/gcc/arm-none-eabi/12.3.1/../../../../arm-none-eabi/lib/thumb/v7e-m+fp/hard\libm.a
END GROUP
START GROUP
LOAD E:/ST/STM32CubeIDE_1.16.0/STM32CubeIDE/plugins/com.st.stm32cube.ide.mcu.externaltools.gnu-tools-for-stm32.12.3.rel1.win32_1.0.200.202406191623/tools/bin/../lib/gcc/arm-none-eabi/12.3.1/thumb/v7e-m+fp/hard\libgcc.a
LOAD E:/ST/STM32CubeIDE_1.16.0/STM32CubeIDE/plugins/com.st.stm32cube.ide.mcu.externaltools.gnu-tools-for-stm32.12.3.rel1.win32_1.0.200.202406191623/tools/bin/../lib/gcc/arm-none-eabi/12.3.1/../../../../arm-none-eabi/lib/thumb/v7e-m+fp/hard\libc_nano.a
END GROUP
START GROUP
LOAD E:/ST/STM32CubeIDE_1.16.0/STM32CubeIDE/plugins/com.st.stm32cube.ide.mcu.externaltools.gnu-tools-for-stm32.12.3.rel1.win32_1.0.200.202406191623/tools/bin/../lib/gcc/arm-none-eabi/12.3.1/thumb/v7e-m+fp/hard\libgcc.a
LOAD E:/ST/STM32CubeIDE_1.16.0/STM32CubeIDE/plugins/com.st.stm32cube.ide.mcu.externaltools.gnu-tools-for-stm32.12.3.rel1.win32_1.0.200.202406191623/tools/bin/../lib/gcc/arm-none-eabi/12.3.1/../../../../arm-none-eabi/lib/thumb/v7e-m+fp/hard\libc_nano.a
LOAD E:/ST/STM32CubeIDE_1.16.0/STM32CubeIDE/plugins/com.st.stm32cube.ide.mcu.externaltools.gnu-tools-for-stm32.12.3.rel1.win32_1.0.200.202406191623/tools/bin/../lib/gcc/arm-none-eabi/12.3.1/../../../../arm-none-eabi/lib/thumb/v7e-m+fp/hard\libnosys.a
END GROUP
START GROUP
LOAD E:/ST/STM32CubeIDE_1.16.0/STM32CubeIDE/plugins/com.st.stm32cube.ide.mcu.externaltools.gnu-tools-for-stm32.12.3.rel1.win32_1.0.200.202406191623/tools/bin/../lib/gcc/arm-none-eabi/12.3.1/thumb/v7e-m+fp/hard\libgcc.a
LOAD E:/ST/STM32CubeIDE_1.16.0/STM32CubeIDE/plugins/com.st.stm32cube.ide.mcu.externaltools.gnu-tools-for-stm32.12.3.rel1.win32_1.0.200.202406191623/tools/bin/../lib/gcc/arm-none-eabi/12.3.1/../../../../arm-none-eabi/lib/thumb/v7e-m+fp/hard\libc_nano.a
LOAD E:/ST/STM32CubeIDE_1.16.0/STM32CubeIDE/plugins/com.st.stm32cube.ide.mcu.externaltools.gnu-tools-for-stm32.12.3.rel1.win32_1.0.200.202406191623/tools/bin/../lib/gcc/arm-none-eabi/12.3.1/../../../../arm-none-eabi/lib/thumb/v7e-m+fp/hard\libnosys.a
END GROUP
LOAD E:/ST/STM32CubeIDE_1.16.0/STM32CubeIDE/plugins/com.st.stm32cube.ide.mcu.externaltools.gnu-tools-for-stm32.12.3.rel1.win32_1.0.200.202406191623/tools/bin/../lib/gcc/arm-none-eabi/12.3.1/thumb/v7e-m+fp/hard/crtend.o
LOAD E:/ST/STM32CubeIDE_1.16.0/STM32CubeIDE/plugins/com.st.stm32cube.ide.mcu.externaltools.gnu-tools-for-stm32.12.3.rel1.win32_1.0.200.202406191623/tools/bin/../lib/gcc/arm-none-eabi/12.3.1/thumb/v7e-m+fp/hard/crtn.o
                0x20010000                        _estack = (ORIGIN (RAM) + LENGTH (RAM))
                0x00000200                        _Min_Heap_Size = 0x200
                0x00000400                        _Min_Stack_Size = 0x400

.isr_vector     0x08000000      0x194
                0x08000000                        . = ALIGN (0x4)
 *(.isr_vector)
 .isr_vector    0x08000000      0x194 ./Core/Startup/startup_stm32f401rctx.o
                0x08000000                g_pfnVectors
                0x08000194                        . = ALIGN (0x4)

.text           0x08000198     0x5608
                0x08000198                        . = ALIGN (0x4)
 *(.text)
 .text          0x08000198       0x40 E:/ST/STM32CubeIDE_1.16.0/STM32CubeIDE/plugins/com.st.stm32cube.ide.mcu.externaltools.gnu-tools-for-stm32.12.3.rel1.win32_1.0.200.202406191623/tools/bin/../lib/gcc/arm-none-eabi/12.3.1/thumb/v7e-m+fp/hard/crtbegin.o
 .text          0x080001d8      0x378 E:/ST/STM32CubeIDE_1.16.0/STM32CubeIDE/plugins/com.st.stm32cube.ide.mcu.externaltools.gnu-tools-for-stm32.12.3.rel1.win32_1.0.200.202406191623/tools/bin/../lib/gcc/arm-none-eabi/12.3.1/thumb/v7e-m+fp/hard\libgcc.a(_arm_addsubdf3.o)
                0x080001d8                __aeabi_drsub
                0x080001e0                __aeabi_dsub
                0x080001e0                __subdf3
                0x080001e4                __aeabi_dadd
                0x080001e4                __adddf3
                0x0800045c                __floatunsidf
                0x0800045c                __aeabi_ui2d
                0x0800047c                __floatsidf
                0x0800047c                __aeabi_i2d
                0x080004a0                __aeabi_f2d
                0x080004a0                __extendsfdf2
                0x080004e4                __floatundidf
                0x080004e4                __aeabi_ul2d
                0x080004f4                __floatdidf
                0x080004f4                __aeabi_l2d
 .text          0x08000550      0x424 E:/ST/STM32CubeIDE_1.16.0/STM32CubeIDE/plugins/com.st.stm32cube.ide.mcu.externaltools.gnu-tools-for-stm32.12.3.rel1.win32_1.0.200.202406191623/tools/bin/../lib/gcc/arm-none-eabi/12.3.1/thumb/v7e-m+fp/hard\libgcc.a(_arm_muldivdf3.o)
                0x08000550                __aeabi_dmul
                0x08000550                __muldf3
                0x080007a4                __divdf3
                0x080007a4                __aeabi_ddiv
 .text          0x08000974      0x110 E:/ST/STM32CubeIDE_1.16.0/STM32CubeIDE/plugins/com.st.stm32cube.ide.mcu.externaltools.gnu-tools-for-stm32.12.3.rel1.win32_1.0.200.202406191623/tools/bin/../lib/gcc/arm-none-eabi/12.3.1/thumb/v7e-m+fp/hard\libgcc.a(_arm_cmpdf2.o)
                0x08000974                __gtdf2
                0x08000974                __gedf2
                0x0800097c                __ltdf2
                0x0800097c                __ledf2
                0x08000984                __nedf2
                0x08000984                __eqdf2
                0x08000984                __cmpdf2
                0x08000a00                __aeabi_cdrcmple
                0x08000a10                __aeabi_cdcmpeq
                0x08000a10                __aeabi_cdcmple
                0x08000a20                __aeabi_dcmpeq
                0x08000a34                __aeabi_dcmplt
                0x08000a48                __aeabi_dcmple
                0x08000a5c                __aeabi_dcmpge
                0x08000a70                __aeabi_dcmpgt
 .text          0x08000a84       0x50 E:/ST/STM32CubeIDE_1.16.0/STM32CubeIDE/plugins/com.st.stm32cube.ide.mcu.externaltools.gnu-tools-for-stm32.12.3.rel1.win32_1.0.200.202406191623/tools/bin/../lib/gcc/arm-none-eabi/12.3.1/thumb/v7e-m+fp/hard\libgcc.a(_arm_fixdfsi.o)
                0x08000a84                __aeabi_d2iz
                0x08000a84                __fixdfsi
 .text          0x08000ad4       0xa0 E:/ST/STM32CubeIDE_1.16.0/STM32CubeIDE/plugins/com.st.stm32cube.ide.mcu.externaltools.gnu-tools-for-stm32.12.3.rel1.win32_1.0.200.202406191623/tools/bin/../lib/gcc/arm-none-eabi/12.3.1/thumb/v7e-m+fp/hard\libgcc.a(_arm_truncdfsf2.o)
                0x08000ad4                __truncdfsf2
                0x08000ad4                __aeabi_d2f
 .text          0x08000b74       0x30 E:/ST/STM32CubeIDE_1.16.0/STM32CubeIDE/plugins/com.st.stm32cube.ide.mcu.externaltools.gnu-tools-for-stm32.12.3.rel1.win32_1.0.200.202406191623/tools/bin/../lib/gcc/arm-none-eabi/12.3.1/thumb/v7e-m+fp/hard\libgcc.a(_aeabi_uldivmod.o)
                0x08000b74                __aeabi_uldivmod
 .text          0x08000ba4      0x2bc E:/ST/STM32CubeIDE_1.16.0/STM32CubeIDE/plugins/com.st.stm32cube.ide.mcu.externaltools.gnu-tools-for-stm32.12.3.rel1.win32_1.0.200.202406191623/tools/bin/../lib/gcc/arm-none-eabi/12.3.1/thumb/v7e-m+fp/hard\libgcc.a(_udivmoddi4.o)
                0x08000ba4                __udivmoddi4
 .text          0x08000e60        0x4 E:/ST/STM32CubeIDE_1.16.0/STM32CubeIDE/plugins/com.st.stm32cube.ide.mcu.externaltools.gnu-tools-for-stm32.12.3.rel1.win32_1.0.200.202406191623/tools/bin/../lib/gcc/arm-none-eabi/12.3.1/thumb/v7e-m+fp/hard\libgcc.a(_dvmd_tls.o)
                0x08000e60                __aeabi_idiv0
                0x08000e60                __aeabi_ldiv0
 *(.text*)
 .text.MX_GPIO_Init
                0x08000e64      0x118 ./Core/Src/gpio.o
                0x08000e64                MX_GPIO_Init
 .text.main     0x08000f7c      0x220 ./Core/Src/main.o
                0x08000f7c                main
 .text.SystemClock_Config
                0x0800119c       0xd8 ./Core/Src/main.o
                0x0800119c                SystemClock_Config
 .text.Error_Handler
                0x08001274        0xc ./Core/Src/main.o
                0x08001274                Error_Handler
 .text.HAL_MspInit
                0x08001280       0x50 ./Core/Src/stm32f4xx_hal_msp.o
                0x08001280                HAL_MspInit
 .text.NMI_Handler
                0x080012d0        0xc ./Core/Src/stm32f4xx_it.o
                0x080012d0                NMI_Handler
 .text.HardFault_Handler
                0x080012dc        0x8 ./Core/Src/stm32f4xx_it.o
                0x080012dc                HardFault_Handler
 .text.MemManage_Handler
                0x080012e4        0x8 ./Core/Src/stm32f4xx_it.o
                0x080012e4                MemManage_Handler
 .text.BusFault_Handler
                0x080012ec        0x8 ./Core/Src/stm32f4xx_it.o
                0x080012ec                BusFault_Handler
 .text.UsageFault_Handler
                0x080012f4        0x8 ./Core/Src/stm32f4xx_it.o
                0x080012f4                UsageFault_Handler
 .text.SVC_Handler
                0x080012fc        0xe ./Core/Src/stm32f4xx_it.o
                0x080012fc                SVC_Handler
 .text.DebugMon_Handler
                0x0800130a        0xe ./Core/Src/stm32f4xx_it.o
                0x0800130a                DebugMon_Handler
 .text.PendSV_Handler
                0x08001318        0xe ./Core/Src/stm32f4xx_it.o
                0x08001318                PendSV_Handler
 .text.SysTick_Handler
                0x08001326        0xc ./Core/Src/stm32f4xx_it.o
                0x08001326                SysTick_Handler
 *fill*         0x08001332        0x2 
 .text.SystemInit
                0x08001334       0x24 ./Core/Src/system_stm32f4xx.o
                0x08001334                SystemInit
 .text.MX_TIM1_Init
                0x08001358       0xb0 ./Core/Src/tim.o
                0x08001358                MX_TIM1_Init
 .text.MX_TIM2_Init
                0x08001408       0xa8 ./Core/Src/tim.o
                0x08001408                MX_TIM2_Init
 .text.MX_TIM3_Init
                0x080014b0       0xa8 ./Core/Src/tim.o
                0x080014b0                MX_TIM3_Init
 .text.MX_TIM4_Init
                0x08001558       0xc8 ./Core/Src/tim.o
                0x08001558                MX_TIM4_Init
 .text.MX_TIM5_Init
                0x08001620       0xa8 ./Core/Src/tim.o
                0x08001620                MX_TIM5_Init
 .text.MX_TIM9_Init
                0x080016c8       0xa0 ./Core/Src/tim.o
                0x080016c8                MX_TIM9_Init
 .text.HAL_TIM_Encoder_MspInit
                0x08001768      0x208 ./Core/Src/tim.o
                0x08001768                HAL_TIM_Encoder_MspInit
 .text.HAL_TIM_PWM_MspInit
                0x08001970       0x70 ./Core/Src/tim.o
                0x08001970                HAL_TIM_PWM_MspInit
 .text.HAL_TIM_MspPostInit
                0x080019e0       0xc4 ./Core/Src/tim.o
                0x080019e0                HAL_TIM_MspPostInit
 .text.Reset_Handler
                0x08001aa4       0x50 ./Core/Startup/startup_stm32f401rctx.o
                0x08001aa4                Reset_Handler
 .text.Default_Handler
                0x08001af4        0x2 ./Core/Startup/startup_stm32f401rctx.o
                0x08001af4                RTC_Alarm_IRQHandler
                0x08001af4                EXTI2_IRQHandler
                0x08001af4                SPI4_IRQHandler
                0x08001af4                TIM1_CC_IRQHandler
                0x08001af4                DMA2_Stream5_IRQHandler
                0x08001af4                DMA1_Stream5_IRQHandler
                0x08001af4                PVD_IRQHandler
                0x08001af4                SDIO_IRQHandler
                0x08001af4                TAMP_STAMP_IRQHandler
                0x08001af4                EXTI3_IRQHandler
                0x08001af4                TIM1_UP_TIM10_IRQHandler
                0x08001af4                I2C3_ER_IRQHandler
                0x08001af4                EXTI0_IRQHandler
                0x08001af4                I2C2_EV_IRQHandler
                0x08001af4                DMA1_Stream2_IRQHandler
                0x08001af4                FPU_IRQHandler
                0x08001af4                DMA2_Stream2_IRQHandler
                0x08001af4                SPI1_IRQHandler
                0x08001af4                TIM1_BRK_TIM9_IRQHandler
                0x08001af4                DMA2_Stream3_IRQHandler
                0x08001af4                USART6_IRQHandler
                0x08001af4                DMA2_Stream0_IRQHandler
                0x08001af4                TIM4_IRQHandler
                0x08001af4                I2C1_EV_IRQHandler
                0x08001af4                DMA1_Stream6_IRQHandler
                0x08001af4                DMA1_Stream1_IRQHandler
                0x08001af4                TIM3_IRQHandler
                0x08001af4                RCC_IRQHandler
                0x08001af4                Default_Handler
                0x08001af4                EXTI15_10_IRQHandler
                0x08001af4                ADC_IRQHandler
                0x08001af4                DMA1_Stream7_IRQHandler
                0x08001af4                TIM5_IRQHandler
                0x08001af4                DMA2_Stream7_IRQHandler
                0x08001af4                I2C3_EV_IRQHandler
                0x08001af4                EXTI9_5_IRQHandler
                0x08001af4                RTC_WKUP_IRQHandler
                0x08001af4                SPI2_IRQHandler
                0x08001af4                DMA1_Stream0_IRQHandler
                0x08001af4                EXTI4_IRQHandler
                0x08001af4                WWDG_IRQHandler
                0x08001af4                TIM2_IRQHandler
                0x08001af4                OTG_FS_WKUP_IRQHandler
                0x08001af4                TIM1_TRG_COM_TIM11_IRQHandler
                0x08001af4                EXTI1_IRQHandler
                0x08001af4                USART2_IRQHandler
                0x08001af4                I2C2_ER_IRQHandler
                0x08001af4                DMA2_Stream1_IRQHandler
                0x08001af4                FLASH_IRQHandler
                0x08001af4                DMA2_Stream4_IRQHandler
                0x08001af4                USART1_IRQHandler
                0x08001af4                OTG_FS_IRQHandler
                0x08001af4                SPI3_IRQHandler
                0x08001af4                DMA1_Stream4_IRQHandler
                0x08001af4                I2C1_ER_IRQHandler
                0x08001af4                DMA2_Stream6_IRQHandler
                0x08001af4                DMA1_Stream3_IRQHandler
 *fill*         0x08001af6        0x2 
 .text.HAL_Init
                0x08001af8       0x44 ./Drivers/STM32F4xx_HAL_Driver/Src/stm32f4xx_hal.o
                0x08001af8                HAL_Init
 .text.HAL_InitTick
                0x08001b3c       0x60 ./Drivers/STM32F4xx_HAL_Driver/Src/stm32f4xx_hal.o
                0x08001b3c                HAL_InitTick
 .text.HAL_IncTick
                0x08001b9c       0x28 ./Drivers/STM32F4xx_HAL_Driver/Src/stm32f4xx_hal.o
                0x08001b9c                HAL_IncTick
 .text.HAL_GetTick
                0x08001bc4       0x18 ./Drivers/STM32F4xx_HAL_Driver/Src/stm32f4xx_hal.o
                0x08001bc4                HAL_GetTick
 .text.HAL_Delay
                0x08001bdc       0x48 ./Drivers/STM32F4xx_HAL_Driver/Src/stm32f4xx_hal.o
                0x08001bdc                HAL_Delay
 .text.__NVIC_SetPriorityGrouping
                0x08001c24       0x48 ./Drivers/STM32F4xx_HAL_Driver/Src/stm32f4xx_hal_cortex.o
 .text.__NVIC_GetPriorityGrouping
                0x08001c6c       0x1c ./Drivers/STM32F4xx_HAL_Driver/Src/stm32f4xx_hal_cortex.o
 .text.__NVIC_SetPriority
                0x08001c88       0x54 ./Drivers/STM32F4xx_HAL_Driver/Src/stm32f4xx_hal_cortex.o
 .text.NVIC_EncodePriority
                0x08001cdc       0x66 ./Drivers/STM32F4xx_HAL_Driver/Src/stm32f4xx_hal_cortex.o
 *fill*         0x08001d42        0x2 
 .text.SysTick_Config
                0x08001d44       0x44 ./Drivers/STM32F4xx_HAL_Driver/Src/stm32f4xx_hal_cortex.o
 .text.HAL_NVIC_SetPriorityGrouping
                0x08001d88       0x16 ./Drivers/STM32F4xx_HAL_Driver/Src/stm32f4xx_hal_cortex.o
                0x08001d88                HAL_NVIC_SetPriorityGrouping
 .text.HAL_NVIC_SetPriority
                0x08001d9e       0x38 ./Drivers/STM32F4xx_HAL_Driver/Src/stm32f4xx_hal_cortex.o
                0x08001d9e                HAL_NVIC_SetPriority
 .text.HAL_SYSTICK_Config
                0x08001dd6       0x18 ./Drivers/STM32F4xx_HAL_Driver/Src/stm32f4xx_hal_cortex.o
                0x08001dd6                HAL_SYSTICK_Config
 *fill*         0x08001dee        0x2 
 .text.HAL_GPIO_Init
                0x08001df0      0x308 ./Drivers/STM32F4xx_HAL_Driver/Src/stm32f4xx_hal_gpio.o
                0x08001df0                HAL_GPIO_Init
 .text.HAL_GPIO_WritePin
                0x080020f8       0x32 ./Drivers/STM32F4xx_HAL_Driver/Src/stm32f4xx_hal_gpio.o
                0x080020f8                HAL_GPIO_WritePin
 *fill*         0x0800212a        0x2 
 .text.HAL_RCC_OscConfig
                0x0800212c      0x4f0 ./Drivers/STM32F4xx_HAL_Driver/Src/stm32f4xx_hal_rcc.o
                0x0800212c                HAL_RCC_OscConfig
 .text.HAL_RCC_ClockConfig
                0x0800261c      0x1cc ./Drivers/STM32F4xx_HAL_Driver/Src/stm32f4xx_hal_rcc.o
                0x0800261c                HAL_RCC_ClockConfig
 .text.HAL_RCC_EnableCSS
                0x080027e8       0x18 ./Drivers/STM32F4xx_HAL_Driver/Src/stm32f4xx_hal_rcc.o
                0x080027e8                HAL_RCC_EnableCSS
 .text.HAL_RCC_GetSysClockFreq
                0x08002800      0x18c ./Drivers/STM32F4xx_HAL_Driver/Src/stm32f4xx_hal_rcc.o
                0x08002800                HAL_RCC_GetSysClockFreq
 .text.HAL_RCC_NMI_IRQHandler
                0x0800298c       0x28 ./Drivers/STM32F4xx_HAL_Driver/Src/stm32f4xx_hal_rcc.o
                0x0800298c                HAL_RCC_NMI_IRQHandler
 .text.HAL_RCC_CSSCallback
                0x080029b4        0xe ./Drivers/STM32F4xx_HAL_Driver/Src/stm32f4xx_hal_rcc.o
                0x080029b4                HAL_RCC_CSSCallback
 .text.HAL_TIM_PWM_Init
                0x080029c2       0x9e ./Drivers/STM32F4xx_HAL_Driver/Src/stm32f4xx_hal_tim.o
                0x080029c2                HAL_TIM_PWM_Init
 .text.HAL_TIM_PWM_Start
                0x08002a60      0x160 ./Drivers/STM32F4xx_HAL_Driver/Src/stm32f4xx_hal_tim.o
                0x08002a60                HAL_TIM_PWM_Start
 .text.HAL_TIM_Encoder_Init
                0x08002bc0      0x14c ./Drivers/STM32F4xx_HAL_Driver/Src/stm32f4xx_hal_tim.o
                0x08002bc0                HAL_TIM_Encoder_Init
 .text.HAL_TIM_Encoder_Start
                0x08002d0c      0x11c ./Drivers/STM32F4xx_HAL_Driver/Src/stm32f4xx_hal_tim.o
                0x08002d0c                HAL_TIM_Encoder_Start
 .text.HAL_TIM_PWM_ConfigChannel
                0x08002e28      0x184 ./Drivers/STM32F4xx_HAL_Driver/Src/stm32f4xx_hal_tim.o
                0x08002e28                HAL_TIM_PWM_ConfigChannel
 .text.TIM_Base_SetConfig
                0x08002fac      0x118 ./Drivers/STM32F4xx_HAL_Driver/Src/stm32f4xx_hal_tim.o
                0x08002fac                TIM_Base_SetConfig
 .text.TIM_OC1_SetConfig
                0x080030c4       0xcc ./Drivers/STM32F4xx_HAL_Driver/Src/stm32f4xx_hal_tim.o
 .text.TIM_OC2_SetConfig
                0x08003190       0xd8 ./Drivers/STM32F4xx_HAL_Driver/Src/stm32f4xx_hal_tim.o
                0x08003190                TIM_OC2_SetConfig
 .text.TIM_OC3_SetConfig
                0x08003268       0xd4 ./Drivers/STM32F4xx_HAL_Driver/Src/stm32f4xx_hal_tim.o
 .text.TIM_OC4_SetConfig
                0x0800333c       0xa0 ./Drivers/STM32F4xx_HAL_Driver/Src/stm32f4xx_hal_tim.o
 .text.TIM_CCxChannelCmd
                0x080033dc       0x4a ./Drivers/STM32F4xx_HAL_Driver/Src/stm32f4xx_hal_tim.o
                0x080033dc                TIM_CCxChannelCmd
 *fill*         0x08003426        0x2 
 .text.HAL_TIMEx_MasterConfigSynchronization
                0x08003428       0xdc ./Drivers/STM32F4xx_HAL_Driver/Src/stm32f4xx_hal_tim_ex.o
                0x08003428                HAL_TIMEx_MasterConfigSynchronization
 .text.encoder_init
                0x08003504       0x5a ./ECU_Layer/src/encoder.o
                0x08003504                encoder_init
 *fill*         0x0800355e        0x2 
 .text.encoder_periodic_update
                0x08003560      0x170 ./ECU_Layer/src/encoder.o
                0x08003560                encoder_periodic_update
 .text.motor_init
                0x080036d0       0x88 ./ECU_Layer/src/motor.o
                0x080036d0                motor_init
 .text.motor_move_forward
                0x08003758       0x54 ./ECU_Layer/src/motor.o
                0x08003758                motor_move_forward
 .text.motor_move_backward
                0x080037ac       0x54 ./ECU_Layer/src/motor.o
                0x080037ac                motor_move_backward
 .text.motor_stop
                0x08003800       0x54 ./ECU_Layer/src/motor.o
                0x08003800                motor_stop
 .text.motor_change_speed
                0x08003854       0xa0 ./ECU_Layer/src/motor.o
                0x08003854                motor_change_speed
 *fill*         0x080038f4        0x4 
 .text.robot_move
                0x080038f8      0x4b4 ./ECU_Layer/src/robot.o
                0x080038f8                robot_move
 .text.robot_stop
                0x08003dac       0xbc ./ECU_Layer/src/robot.o
                0x08003dac                robot_stop
 .text.robot_init
                0x08003e68      0x274 ./ECU_Layer/src/robot.o
                0x08003e68                robot_init
 .text.robot_PID
                0x080040dc      0x2dc ./ECU_Layer/src/robot.o
                0x080040dc                robot_PID
 .text.PID_Init
                0x080043b8       0x72 ./lib/src/PID.o
                0x080043b8                PID_Init
 .text.PID_Compute
                0x0800442a      0x1b2 ./lib/src/PID.o
                0x0800442a                PID_Compute
 .text.memset   0x080045dc       0x10 E:/ST/STM32CubeIDE_1.16.0/STM32CubeIDE/plugins/com.st.stm32cube.ide.mcu.externaltools.gnu-tools-for-stm32.12.3.rel1.win32_1.0.200.202406191623/tools/bin/../lib/gcc/arm-none-eabi/12.3.1/../../../../arm-none-eabi/lib/thumb/v7e-m+fp/hard\libc_nano.a(libc_a-memset.o)
                0x080045dc                memset
 .text.__libc_init_array
                0x080045ec       0x48 E:/ST/STM32CubeIDE_1.16.0/STM32CubeIDE/plugins/com.st.stm32cube.ide.mcu.externaltools.gnu-tools-for-stm32.12.3.rel1.win32_1.0.200.202406191623/tools/bin/../lib/gcc/arm-none-eabi/12.3.1/../../../../arm-none-eabi/lib/thumb/v7e-m+fp/hard\libc_nano.a(libc_a-init.o)
                0x080045ec                __libc_init_array
 *fill*         0x08004634        0x4 
 .text.cos      0x08004638       0xa8 E:/ST/STM32CubeIDE_1.16.0/STM32CubeIDE/plugins/com.st.stm32cube.ide.mcu.externaltools.gnu-tools-for-stm32.12.3.rel1.win32_1.0.200.202406191623/tools/bin/../lib/gcc/arm-none-eabi/12.3.1/../../../../arm-none-eabi/lib/thumb/v7e-m+fp/hard\libm.a(libm_a-s_cos.o)
                0x08004638                cos
 .text.sin      0x080046e0       0xa8 E:/ST/STM32CubeIDE_1.16.0/STM32CubeIDE/plugins/com.st.stm32cube.ide.mcu.externaltools.gnu-tools-for-stm32.12.3.rel1.win32_1.0.200.202406191623/tools/bin/../lib/gcc/arm-none-eabi/12.3.1/../../../../arm-none-eabi/lib/thumb/v7e-m+fp/hard\libm.a(libm_a-s_sin.o)
                0x080046e0                sin
 .text.roundf   0x08004788       0x48 E:/ST/STM32CubeIDE_1.16.0/STM32CubeIDE/plugins/com.st.stm32cube.ide.mcu.externaltools.gnu-tools-for-stm32.12.3.rel1.win32_1.0.200.202406191623/tools/bin/../lib/gcc/arm-none-eabi/12.3.1/../../../../arm-none-eabi/lib/thumb/v7e-m+fp/hard\libm.a(libm_a-sf_round.o)
                0x08004788                roundf
 .text.__kernel_cos
                0x080047d0      0x18c E:/ST/STM32CubeIDE_1.16.0/STM32CubeIDE/plugins/com.st.stm32cube.ide.mcu.externaltools.gnu-tools-for-stm32.12.3.rel1.win32_1.0.200.202406191623/tools/bin/../lib/gcc/arm-none-eabi/12.3.1/../../../../arm-none-eabi/lib/thumb/v7e-m+fp/hard\libm.a(libm_a-k_cos.o)
                0x080047d0                __kernel_cos
 *fill*         0x0800495c        0x4 
 .text.__kernel_sin
                0x08004960      0x174 E:/ST/STM32CubeIDE_1.16.0/STM32CubeIDE/plugins/com.st.stm32cube.ide.mcu.externaltools.gnu-tools-for-stm32.12.3.rel1.win32_1.0.200.202406191623/tools/bin/../lib/gcc/arm-none-eabi/12.3.1/../../../../arm-none-eabi/lib/thumb/v7e-m+fp/hard\libm.a(libm_a-k_sin.o)
                0x08004960                __kernel_sin
 *fill*         0x08004ad4        0x4 
 .text.__ieee754_rem_pio2
                0x08004ad8      0x3f8 E:/ST/STM32CubeIDE_1.16.0/STM32CubeIDE/plugins/com.st.stm32cube.ide.mcu.externaltools.gnu-tools-for-stm32.12.3.rel1.win32_1.0.200.202406191623/tools/bin/../lib/gcc/arm-none-eabi/12.3.1/../../../../arm-none-eabi/lib/thumb/v7e-m+fp/hard\libm.a(libm_a-e_rem_pio2.o)
                0x08004ad8                __ieee754_rem_pio2
 .text.fabs     0x08004ed0       0x10 E:/ST/STM32CubeIDE_1.16.0/STM32CubeIDE/plugins/com.st.stm32cube.ide.mcu.externaltools.gnu-tools-for-stm32.12.3.rel1.win32_1.0.200.202406191623/tools/bin/../lib/gcc/arm-none-eabi/12.3.1/../../../../arm-none-eabi/lib/thumb/v7e-m+fp/hard\libm.a(libm_a-s_fabs.o)
                0x08004ed0                fabs
 .text.__kernel_rem_pio2
                0x08004ee0      0x6b0 E:/ST/STM32CubeIDE_1.16.0/STM32CubeIDE/plugins/com.st.stm32cube.ide.mcu.externaltools.gnu-tools-for-stm32.12.3.rel1.win32_1.0.200.202406191623/tools/bin/../lib/gcc/arm-none-eabi/12.3.1/../../../../arm-none-eabi/lib/thumb/v7e-m+fp/hard\libm.a(libm_a-k_rem_pio2.o)
                0x08004ee0                __kernel_rem_pio2
 .text.scalbn   0x08005590       0xfc E:/ST/STM32CubeIDE_1.16.0/STM32CubeIDE/plugins/com.st.stm32cube.ide.mcu.externaltools.gnu-tools-for-stm32.12.3.rel1.win32_1.0.200.202406191623/tools/bin/../lib/gcc/arm-none-eabi/12.3.1/../../../../arm-none-eabi/lib/thumb/v7e-m+fp/hard\libm.a(libm_a-s_scalbn.o)
                0x08005590                scalbn
 *fill*         0x0800568c        0x4 
 .text.floor    0x08005690       0xf8 E:/ST/STM32CubeIDE_1.16.0/STM32CubeIDE/plugins/com.st.stm32cube.ide.mcu.externaltools.gnu-tools-for-stm32.12.3.rel1.win32_1.0.200.202406191623/tools/bin/../lib/gcc/arm-none-eabi/12.3.1/../../../../arm-none-eabi/lib/thumb/v7e-m+fp/hard\libm.a(libm_a-s_floor.o)
                0x08005690                floor
 *(.glue_7)
 .glue_7        0x08005788        0x0 linker stubs
 *(.glue_7t)
 .glue_7t       0x08005788        0x0 linker stubs
 *(.eh_frame)
 .eh_frame      0x08005788        0x0 E:/ST/STM32CubeIDE_1.16.0/STM32CubeIDE/plugins/com.st.stm32cube.ide.mcu.externaltools.gnu-tools-for-stm32.12.3.rel1.win32_1.0.200.202406191623/tools/bin/../lib/gcc/arm-none-eabi/12.3.1/thumb/v7e-m+fp/hard/crtbegin.o
 *(.init)
 .init          0x08005788        0x4 E:/ST/STM32CubeIDE_1.16.0/STM32CubeIDE/plugins/com.st.stm32cube.ide.mcu.externaltools.gnu-tools-for-stm32.12.3.rel1.win32_1.0.200.202406191623/tools/bin/../lib/gcc/arm-none-eabi/12.3.1/thumb/v7e-m+fp/hard/crti.o
                0x08005788                _init
 .init          0x0800578c        0x8 E:/ST/STM32CubeIDE_1.16.0/STM32CubeIDE/plugins/com.st.stm32cube.ide.mcu.externaltools.gnu-tools-for-stm32.12.3.rel1.win32_1.0.200.202406191623/tools/bin/../lib/gcc/arm-none-eabi/12.3.1/thumb/v7e-m+fp/hard/crtn.o
 *(.fini)
 .fini          0x08005794        0x4 E:/ST/STM32CubeIDE_1.16.0/STM32CubeIDE/plugins/com.st.stm32cube.ide.mcu.externaltools.gnu-tools-for-stm32.12.3.rel1.win32_1.0.200.202406191623/tools/bin/../lib/gcc/arm-none-eabi/12.3.1/thumb/v7e-m+fp/hard/crti.o
                0x08005794                _fini
 .fini          0x08005798        0x8 E:/ST/STM32CubeIDE_1.16.0/STM32CubeIDE/plugins/com.st.stm32cube.ide.mcu.externaltools.gnu-tools-for-stm32.12.3.rel1.win32_1.0.200.202406191623/tools/bin/../lib/gcc/arm-none-eabi/12.3.1/thumb/v7e-m+fp/hard/crtn.o
                0x080057a0                        . = ALIGN (0x4)
                0x080057a0                        _etext = .

.vfp11_veneer   0x080057a0        0x0
 .vfp11_veneer  0x080057a0        0x0 linker stubs

.v4_bx          0x080057a0        0x0
 .v4_bx         0x080057a0        0x0 linker stubs

.iplt           0x080057a0        0x0
 .iplt          0x080057a0        0x0 E:/ST/STM32CubeIDE_1.16.0/STM32CubeIDE/plugins/com.st.stm32cube.ide.mcu.externaltools.gnu-tools-for-stm32.12.3.rel1.win32_1.0.200.202406191623/tools/bin/../lib/gcc/arm-none-eabi/12.3.1/thumb/v7e-m+fp/hard/crtbegin.o

.rodata         0x080057a0      0x1e8
                0x080057a0                        . = ALIGN (0x4)
 *(.rodata)
 *(.rodata*)
 .rodata.AHBPrescTable
                0x080057a0       0x10 ./Core/Src/system_stm32f4xx.o
                0x080057a0                AHBPrescTable
 .rodata.npio2_hw
                0x080057b0       0x80 E:/ST/STM32CubeIDE_1.16.0/STM32CubeIDE/plugins/com.st.stm32cube.ide.mcu.externaltools.gnu-tools-for-stm32.12.3.rel1.win32_1.0.200.202406191623/tools/bin/../lib/gcc/arm-none-eabi/12.3.1/../../../../arm-none-eabi/lib/thumb/v7e-m+fp/hard\libm.a(libm_a-e_rem_pio2.o)
 .rodata.two_over_pi
                0x08005830      0x108 E:/ST/STM32CubeIDE_1.16.0/STM32CubeIDE/plugins/com.st.stm32cube.ide.mcu.externaltools.gnu-tools-for-stm32.12.3.rel1.win32_1.0.200.202406191623/tools/bin/../lib/gcc/arm-none-eabi/12.3.1/../../../../arm-none-eabi/lib/thumb/v7e-m+fp/hard\libm.a(libm_a-e_rem_pio2.o)
 .rodata.PIo2   0x08005938       0x40 E:/ST/STM32CubeIDE_1.16.0/STM32CubeIDE/plugins/com.st.stm32cube.ide.mcu.externaltools.gnu-tools-for-stm32.12.3.rel1.win32_1.0.200.202406191623/tools/bin/../lib/gcc/arm-none-eabi/12.3.1/../../../../arm-none-eabi/lib/thumb/v7e-m+fp/hard\libm.a(libm_a-k_rem_pio2.o)
 .rodata.init_jk
                0x08005978       0x10 E:/ST/STM32CubeIDE_1.16.0/STM32CubeIDE/plugins/com.st.stm32cube.ide.mcu.externaltools.gnu-tools-for-stm32.12.3.rel1.win32_1.0.200.202406191623/tools/bin/../lib/gcc/arm-none-eabi/12.3.1/../../../../arm-none-eabi/lib/thumb/v7e-m+fp/hard\libm.a(libm_a-k_rem_pio2.o)
                0x08005988                        . = ALIGN (0x4)

.ARM.extab      0x08005988        0x0
                0x08005988                        . = ALIGN (0x4)
 *(.ARM.extab* .gnu.linkonce.armextab.*)
                0x08005988                        . = ALIGN (0x4)

.ARM            0x08005988        0x8
                0x08005988                        . = ALIGN (0x4)
                0x08005988                        __exidx_start = .
 *(.ARM.exidx*)
 .ARM.exidx     0x08005988        0x8 E:/ST/STM32CubeIDE_1.16.0/STM32CubeIDE/plugins/com.st.stm32cube.ide.mcu.externaltools.gnu-tools-for-stm32.12.3.rel1.win32_1.0.200.202406191623/tools/bin/../lib/gcc/arm-none-eabi/12.3.1/thumb/v7e-m+fp/hard\libgcc.a(_udivmoddi4.o)
                0x08005990                        __exidx_end = .
                0x08005990                        . = ALIGN (0x4)

.preinit_array  0x08005990        0x0
                0x08005990                        . = ALIGN (0x4)
                0x08005990                        PROVIDE (__preinit_array_start = .)
 *(.preinit_array*)
                0x08005990                        PROVIDE (__preinit_array_end = .)
                0x08005990                        . = ALIGN (0x4)

.init_array     0x08005990        0x4
                0x08005990                        . = ALIGN (0x4)
                0x08005990                        PROVIDE (__init_array_start = .)
 *(SORT_BY_NAME(.init_array.*))
 *(.init_array*)
 .init_array    0x08005990        0x4 E:/ST/STM32CubeIDE_1.16.0/STM32CubeIDE/plugins/com.st.stm32cube.ide.mcu.externaltools.gnu-tools-for-stm32.12.3.rel1.win32_1.0.200.202406191623/tools/bin/../lib/gcc/arm-none-eabi/12.3.1/thumb/v7e-m+fp/hard/crtbegin.o
                0x08005994                        PROVIDE (__init_array_end = .)
                0x08005994                        . = ALIGN (0x4)

.fini_array     0x08005994        0x4
                0x08005994                        . = ALIGN (0x4)
                [!provide]                        PROVIDE (__fini_array_start = .)
 *(SORT_BY_NAME(.fini_array.*))
 *(.fini_array*)
 .fini_array    0x08005994        0x4 E:/ST/STM32CubeIDE_1.16.0/STM32CubeIDE/plugins/com.st.stm32cube.ide.mcu.externaltools.gnu-tools-for-stm32.12.3.rel1.win32_1.0.200.202406191623/tools/bin/../lib/gcc/arm-none-eabi/12.3.1/thumb/v7e-m+fp/hard/crtbegin.o
                [!provide]                        PROVIDE (__fini_array_end = .)
                0x08005998                        . = ALIGN (0x4)
                0x08005998                        _sidata = LOADADDR (.data)

.rel.dyn        0x08005998        0x0
 .rel.iplt      0x08005998        0x0 E:/ST/STM32CubeIDE_1.16.0/STM32CubeIDE/plugins/com.st.stm32cube.ide.mcu.externaltools.gnu-tools-for-stm32.12.3.rel1.win32_1.0.200.202406191623/tools/bin/../lib/gcc/arm-none-eabi/12.3.1/thumb/v7e-m+fp/hard/crtbegin.o

.data           0x20000000      0x180 load address 0x08005998
                0x20000000                        . = ALIGN (0x4)
                0x20000000                        _sdata = .
 *(.data)
 *(.data*)
 .data.SystemCoreClock
                0x20000000        0x4 ./Core/Src/system_stm32f4xx.o
                0x20000000                SystemCoreClock
 .data.uwTickPrio
                0x20000004        0x4 ./Drivers/STM32F4xx_HAL_Driver/Src/stm32f4xx_hal.o
                0x20000004                uwTickPrio
 .data.uwTickFreq
                0x20000008        0x1 ./Drivers/STM32F4xx_HAL_Driver/Src/stm32f4xx_hal.o
                0x20000008                uwTickFreq
 *fill*         0x20000009        0x3 
 .data.ADAS_ROBOT
                0x2000000c      0x160 ./ECU_Layer/src/ecu.o
                0x2000000c                ADAS_ROBOT
 .data.MaxClibratedSpeed
                0x2000016c        0x4 ./ECU_Layer/src/motor.o
                0x2000016c                MaxClibratedSpeed
 .data.Kp       0x20000170        0x4 ./ECU_Layer/src/robot.o
 .data.Ki       0x20000174        0x4 ./ECU_Layer/src/robot.o
 .data.Kd       0x20000178        0x4 ./ECU_Layer/src/robot.o
 .data.N        0x2000017c        0x4 ./ECU_Layer/src/robot.o
 *(.RamFunc)
 *(.RamFunc*)
                0x20000180                        . = ALIGN (0x4)
                0x20000180                        _edata = .

.igot.plt       0x20000180        0x0 load address 0x08005b18
 .igot.plt      0x20000180        0x0 E:/ST/STM32CubeIDE_1.16.0/STM32CubeIDE/plugins/com.st.stm32cube.ide.mcu.externaltools.gnu-tools-for-stm32.12.3.rel1.win32_1.0.200.202406191623/tools/bin/../lib/gcc/arm-none-eabi/12.3.1/thumb/v7e-m+fp/hard/crtbegin.o
                0x20000180                        . = ALIGN (0x4)

.bss            0x20000180      0x1f4 load address 0x08005b18
                0x20000180                        _sbss = .
                0x20000180                        __bss_start__ = _sbss
 *(.bss)
 .bss           0x20000180       0x1c E:/ST/STM32CubeIDE_1.16.0/STM32CubeIDE/plugins/com.st.stm32cube.ide.mcu.externaltools.gnu-tools-for-stm32.12.3.rel1.win32_1.0.200.202406191623/tools/bin/../lib/gcc/arm-none-eabi/12.3.1/thumb/v7e-m+fp/hard/crtbegin.o
 *(.bss*)
 .bss.EcuStatus
                0x2000019c        0x1 ./Core/Src/main.o
                0x2000019c                EcuStatus
 *fill*         0x2000019d        0x3 
 .bss.htim1     0x200001a0       0x48 ./Core/Src/tim.o
                0x200001a0                htim1
 .bss.htim2     0x200001e8       0x48 ./Core/Src/tim.o
                0x200001e8                htim2
 .bss.htim3     0x20000230       0x48 ./Core/Src/tim.o
                0x20000230                htim3
 .bss.htim4     0x20000278       0x48 ./Core/Src/tim.o
                0x20000278                htim4
 .bss.htim5     0x200002c0       0x48 ./Core/Src/tim.o
                0x200002c0                htim5
 .bss.htim9     0x20000308       0x48 ./Core/Src/tim.o
                0x20000308                htim9
 .bss.uwTick    0x20000350        0x4 ./Drivers/STM32F4xx_HAL_Driver/Src/stm32f4xx_hal.o
                0x20000350                uwTick
 .bss.l_FilterdSpeed_FL.7
                0x20000354        0x4 ./ECU_Layer/src/robot.o
 .bss.l_FilterdSpeed_FR.6
                0x20000358        0x4 ./ECU_Layer/src/robot.o
 .bss.l_FilterdSpeed_RL.5
                0x2000035c        0x4 ./ECU_Layer/src/robot.o
 .bss.l_FilterdSpeed_RR.4
                0x20000360        0x4 ./ECU_Layer/src/robot.o
 .bss.l_PID_Out_FL.3
                0x20000364        0x4 ./ECU_Layer/src/robot.o
 .bss.l_PID_Out_FR.2
                0x20000368        0x4 ./ECU_Layer/src/robot.o
 .bss.l_PID_Out_RL.1
                0x2000036c        0x4 ./ECU_Layer/src/robot.o
 .bss.l_PID_Out_RR.0
                0x20000370        0x4 ./ECU_Layer/src/robot.o
 *(COMMON)
                0x20000374                        . = ALIGN (0x4)
                0x20000374                        _ebss = .
                0x20000374                        __bss_end__ = _ebss

._user_heap_stack
                0x20000374      0x604 load address 0x08005b18
                0x20000378                        . = ALIGN (0x8)
 *fill*         0x20000374        0x4 
                [!provide]                        PROVIDE (end = .)
                0x20000378                        PROVIDE (_end = .)
                0x20000578                        . = (. + _Min_Heap_Size)
 *fill*         0x20000378      0x200 
                0x20000978                        . = (. + _Min_Stack_Size)
 *fill*         0x20000578      0x400 
                0x20000978                        . = ALIGN (0x8)

/DISCARD/
 libc.a(*)
 libm.a(*)
 libgcc.a(*)

.ARM.attributes
                0x00000000       0x30
 *(.ARM.attributes)
 .ARM.attributes
                0x00000000       0x22 E:/ST/STM32CubeIDE_1.16.0/STM32CubeIDE/plugins/com.st.stm32cube.ide.mcu.externaltools.gnu-tools-for-stm32.12.3.rel1.win32_1.0.200.202406191623/tools/bin/../lib/gcc/arm-none-eabi/12.3.1/thumb/v7e-m+fp/hard/crti.o
 .ARM.attributes
                0x00000022       0x34 E:/ST/STM32CubeIDE_1.16.0/STM32CubeIDE/plugins/com.st.stm32cube.ide.mcu.externaltools.gnu-tools-for-stm32.12.3.rel1.win32_1.0.200.202406191623/tools/bin/../lib/gcc/arm-none-eabi/12.3.1/thumb/v7e-m+fp/hard/crtbegin.o
 .ARM.attributes
                0x00000056       0x34 ./Core/Src/gpio.o
 .ARM.attributes
                0x0000008a       0x34 ./Core/Src/main.o
 .ARM.attributes
                0x000000be       0x34 ./Core/Src/stm32f4xx_hal_msp.o
 .ARM.attributes
                0x000000f2       0x34 ./Core/Src/stm32f4xx_it.o
 .ARM.attributes
                0x00000126       0x34 ./Core/Src/system_stm32f4xx.o
 .ARM.attributes
                0x0000015a       0x34 ./Core/Src/tim.o
 .ARM.attributes
                0x0000018e       0x21 ./Core/Startup/startup_stm32f401rctx.o
 .ARM.attributes
                0x000001af       0x34 ./Drivers/STM32F4xx_HAL_Driver/Src/stm32f4xx_hal.o
 .ARM.attributes
                0x000001e3       0x34 ./Drivers/STM32F4xx_HAL_Driver/Src/stm32f4xx_hal_cortex.o
 .ARM.attributes
                0x00000217       0x34 ./Drivers/STM32F4xx_HAL_Driver/Src/stm32f4xx_hal_gpio.o
 .ARM.attributes
                0x0000024b       0x34 ./Drivers/STM32F4xx_HAL_Driver/Src/stm32f4xx_hal_rcc.o
 .ARM.attributes
                0x0000027f       0x34 ./Drivers/STM32F4xx_HAL_Driver/Src/stm32f4xx_hal_tim.o
 .ARM.attributes
                0x000002b3       0x34 ./Drivers/STM32F4xx_HAL_Driver/Src/stm32f4xx_hal_tim_ex.o
 .ARM.attributes
                0x000002e7       0x34 ./ECU_Layer/src/ecu.o
 .ARM.attributes
                0x0000031b       0x34 ./ECU_Layer/src/encoder.o
 .ARM.attributes
                0x0000034f       0x34 ./ECU_Layer/src/motor.o
 .ARM.attributes
                0x00000383       0x34 ./ECU_Layer/src/robot.o
 .ARM.attributes
                0x000003b7       0x34 ./lib/src/PID.o
 .ARM.attributes
                0x000003eb       0x34 E:/ST/STM32CubeIDE_1.16.0/STM32CubeIDE/plugins/com.st.stm32cube.ide.mcu.externaltools.gnu-tools-for-stm32.12.3.rel1.win32_1.0.200.202406191623/tools/bin/../lib/gcc/arm-none-eabi/12.3.1/../../../../arm-none-eabi/lib/thumb/v7e-m+fp/hard\libc_nano.a(libc_a-memset.o)
 .ARM.attributes
                0x0000041f       0x34 E:/ST/STM32CubeIDE_1.16.0/STM32CubeIDE/plugins/com.st.stm32cube.ide.mcu.externaltools.gnu-tools-for-stm32.12.3.rel1.win32_1.0.200.202406191623/tools/bin/../lib/gcc/arm-none-eabi/12.3.1/../../../../arm-none-eabi/lib/thumb/v7e-m+fp/hard\libc_nano.a(libc_a-init.o)
 .ARM.attributes
                0x00000453       0x34 E:/ST/STM32CubeIDE_1.16.0/STM32CubeIDE/plugins/com.st.stm32cube.ide.mcu.externaltools.gnu-tools-for-stm32.12.3.rel1.win32_1.0.200.202406191623/tools/bin/../lib/gcc/arm-none-eabi/12.3.1/../../../../arm-none-eabi/lib/thumb/v7e-m+fp/hard\libm.a(libm_a-s_cos.o)
 .ARM.attributes
                0x00000487       0x34 E:/ST/STM32CubeIDE_1.16.0/STM32CubeIDE/plugins/com.st.stm32cube.ide.mcu.externaltools.gnu-tools-for-stm32.12.3.rel1.win32_1.0.200.202406191623/tools/bin/../lib/gcc/arm-none-eabi/12.3.1/../../../../arm-none-eabi/lib/thumb/v7e-m+fp/hard\libm.a(libm_a-s_sin.o)
 .ARM.attributes
                0x000004bb       0x34 E:/ST/STM32CubeIDE_1.16.0/STM32CubeIDE/plugins/com.st.stm32cube.ide.mcu.externaltools.gnu-tools-for-stm32.12.3.rel1.win32_1.0.200.202406191623/tools/bin/../lib/gcc/arm-none-eabi/12.3.1/../../../../arm-none-eabi/lib/thumb/v7e-m+fp/hard\libm.a(libm_a-sf_round.o)
 .ARM.attributes
                0x000004ef       0x34 E:/ST/STM32CubeIDE_1.16.0/STM32CubeIDE/plugins/com.st.stm32cube.ide.mcu.externaltools.gnu-tools-for-stm32.12.3.rel1.win32_1.0.200.202406191623/tools/bin/../lib/gcc/arm-none-eabi/12.3.1/../../../../arm-none-eabi/lib/thumb/v7e-m+fp/hard\libm.a(libm_a-k_cos.o)
 .ARM.attributes
                0x00000523       0x34 E:/ST/STM32CubeIDE_1.16.0/STM32CubeIDE/plugins/com.st.stm32cube.ide.mcu.externaltools.gnu-tools-for-stm32.12.3.rel1.win32_1.0.200.202406191623/tools/bin/../lib/gcc/arm-none-eabi/12.3.1/../../../../arm-none-eabi/lib/thumb/v7e-m+fp/hard\libm.a(libm_a-k_sin.o)
 .ARM.attributes
                0x00000557       0x34 E:/ST/STM32CubeIDE_1.16.0/STM32CubeIDE/plugins/com.st.stm32cube.ide.mcu.externaltools.gnu-tools-for-stm32.12.3.rel1.win32_1.0.200.202406191623/tools/bin/../lib/gcc/arm-none-eabi/12.3.1/../../../../arm-none-eabi/lib/thumb/v7e-m+fp/hard\libm.a(libm_a-e_rem_pio2.o)
 .ARM.attributes
                0x0000058b       0x34 E:/ST/STM32CubeIDE_1.16.0/STM32CubeIDE/plugins/com.st.stm32cube.ide.mcu.externaltools.gnu-tools-for-stm32.12.3.rel1.win32_1.0.200.202406191623/tools/bin/../lib/gcc/arm-none-eabi/12.3.1/../../../../arm-none-eabi/lib/thumb/v7e-m+fp/hard\libm.a(libm_a-s_fabs.o)
 .ARM.attributes
                0x000005bf       0x34 E:/ST/STM32CubeIDE_1.16.0/STM32CubeIDE/plugins/com.st.stm32cube.ide.mcu.externaltools.gnu-tools-for-stm32.12.3.rel1.win32_1.0.200.202406191623/tools/bin/../lib/gcc/arm-none-eabi/12.3.1/../../../../arm-none-eabi/lib/thumb/v7e-m+fp/hard\libm.a(libm_a-k_rem_pio2.o)
 .ARM.attributes
                0x000005f3       0x34 E:/ST/STM32CubeIDE_1.16.0/STM32CubeIDE/plugins/com.st.stm32cube.ide.mcu.externaltools.gnu-tools-for-stm32.12.3.rel1.win32_1.0.200.202406191623/tools/bin/../lib/gcc/arm-none-eabi/12.3.1/../../../../arm-none-eabi/lib/thumb/v7e-m+fp/hard\libm.a(libm_a-s_scalbn.o)
 .ARM.attributes
                0x00000627       0x34 E:/ST/STM32CubeIDE_1.16.0/STM32CubeIDE/plugins/com.st.stm32cube.ide.mcu.externaltools.gnu-tools-for-stm32.12.3.rel1.win32_1.0.200.202406191623/tools/bin/../lib/gcc/arm-none-eabi/12.3.1/../../../../arm-none-eabi/lib/thumb/v7e-m+fp/hard\libm.a(libm_a-s_floor.o)
 .ARM.attributes
                0x0000065b       0x22 E:/ST/STM32CubeIDE_1.16.0/STM32CubeIDE/plugins/com.st.stm32cube.ide.mcu.externaltools.gnu-tools-for-stm32.12.3.rel1.win32_1.0.200.202406191623/tools/bin/../lib/gcc/arm-none-eabi/12.3.1/thumb/v7e-m+fp/hard\libgcc.a(_arm_addsubdf3.o)
 .ARM.attributes
                0x0000067d       0x22 E:/ST/STM32CubeIDE_1.16.0/STM32CubeIDE/plugins/com.st.stm32cube.ide.mcu.externaltools.gnu-tools-for-stm32.12.3.rel1.win32_1.0.200.202406191623/tools/bin/../lib/gcc/arm-none-eabi/12.3.1/thumb/v7e-m+fp/hard\libgcc.a(_arm_muldivdf3.o)
 .ARM.attributes
                0x0000069f       0x22 E:/ST/STM32CubeIDE_1.16.0/STM32CubeIDE/plugins/com.st.stm32cube.ide.mcu.externaltools.gnu-tools-for-stm32.12.3.rel1.win32_1.0.200.202406191623/tools/bin/../lib/gcc/arm-none-eabi/12.3.1/thumb/v7e-m+fp/hard\libgcc.a(_arm_cmpdf2.o)
 .ARM.attributes
                0x000006c1       0x22 E:/ST/STM32CubeIDE_1.16.0/STM32CubeIDE/plugins/com.st.stm32cube.ide.mcu.externaltools.gnu-tools-for-stm32.12.3.rel1.win32_1.0.200.202406191623/tools/bin/../lib/gcc/arm-none-eabi/12.3.1/thumb/v7e-m+fp/hard\libgcc.a(_arm_fixdfsi.o)
 .ARM.attributes
                0x000006e3       0x22 E:/ST/STM32CubeIDE_1.16.0/STM32CubeIDE/plugins/com.st.stm32cube.ide.mcu.externaltools.gnu-tools-for-stm32.12.3.rel1.win32_1.0.200.202406191623/tools/bin/../lib/gcc/arm-none-eabi/12.3.1/thumb/v7e-m+fp/hard\libgcc.a(_arm_truncdfsf2.o)
 .ARM.attributes
                0x00000705       0x22 E:/ST/STM32CubeIDE_1.16.0/STM32CubeIDE/plugins/com.st.stm32cube.ide.mcu.externaltools.gnu-tools-for-stm32.12.3.rel1.win32_1.0.200.202406191623/tools/bin/../lib/gcc/arm-none-eabi/12.3.1/thumb/v7e-m+fp/hard\libgcc.a(_aeabi_uldivmod.o)
 .ARM.attributes
                0x00000727       0x34 E:/ST/STM32CubeIDE_1.16.0/STM32CubeIDE/plugins/com.st.stm32cube.ide.mcu.externaltools.gnu-tools-for-stm32.12.3.rel1.win32_1.0.200.202406191623/tools/bin/../lib/gcc/arm-none-eabi/12.3.1/thumb/v7e-m+fp/hard\libgcc.a(_udivmoddi4.o)
 .ARM.attributes
                0x0000075b       0x22 E:/ST/STM32CubeIDE_1.16.0/STM32CubeIDE/plugins/com.st.stm32cube.ide.mcu.externaltools.gnu-tools-for-stm32.12.3.rel1.win32_1.0.200.202406191623/tools/bin/../lib/gcc/arm-none-eabi/12.3.1/thumb/v7e-m+fp/hard\libgcc.a(_dvmd_tls.o)
 .ARM.attributes
                0x0000077d       0x22 E:/ST/STM32CubeIDE_1.16.0/STM32CubeIDE/plugins/com.st.stm32cube.ide.mcu.externaltools.gnu-tools-for-stm32.12.3.rel1.win32_1.0.200.202406191623/tools/bin/../lib/gcc/arm-none-eabi/12.3.1/thumb/v7e-m+fp/hard/crtn.o
OUTPUT(ADAS.elf elf32-littlearm)
LOAD linker stubs
LOAD E:/ST/STM32CubeIDE_1.16.0/STM32CubeIDE/plugins/com.st.stm32cube.ide.mcu.externaltools.gnu-tools-for-stm32.12.3.rel1.win32_1.0.200.202406191623/tools/bin/../lib/gcc/arm-none-eabi/12.3.1/../../../../arm-none-eabi/lib/thumb/v7e-m+fp/hard\libc.a
LOAD E:/ST/STM32CubeIDE_1.16.0/STM32CubeIDE/plugins/com.st.stm32cube.ide.mcu.externaltools.gnu-tools-for-stm32.12.3.rel1.win32_1.0.200.202406191623/tools/bin/../lib/gcc/arm-none-eabi/12.3.1/../../../../arm-none-eabi/lib/thumb/v7e-m+fp/hard\libm.a
LOAD E:/ST/STM32CubeIDE_1.16.0/STM32CubeIDE/plugins/com.st.stm32cube.ide.mcu.externaltools.gnu-tools-for-stm32.12.3.rel1.win32_1.0.200.202406191623/tools/bin/../lib/gcc/arm-none-eabi/12.3.1/thumb/v7e-m+fp/hard\libgcc.a

.debug_info     0x00000000     0xbc51
 .debug_info    0x00000000      0x433 ./Core/Src/gpio.o
 .debug_info    0x00000433      0xf37 ./Core/Src/main.o
 .debug_info    0x0000136a      0x291 ./Core/Src/stm32f4xx_hal_msp.o
 .debug_info    0x000015fb      0x119 ./Core/Src/stm32f4xx_it.o
 .debug_info    0x00001714      0x53e ./Core/Src/system_stm32f4xx.o
 .debug_info    0x00001c52      0xf31 ./Core/Src/tim.o
 .debug_info    0x00002b83       0x30 ./Core/Startup/startup_stm32f401rctx.o
 .debug_info    0x00002bb3      0x8bb ./Drivers/STM32F4xx_HAL_Driver/Src/stm32f4xx_hal.o
 .debug_info    0x0000346e      0xcf6 ./Drivers/STM32F4xx_HAL_Driver/Src/stm32f4xx_hal_cortex.o
 .debug_info    0x00004164      0x6f9 ./Drivers/STM32F4xx_HAL_Driver/Src/stm32f4xx_hal_gpio.o
 .debug_info    0x0000485d      0x8f1 ./Drivers/STM32F4xx_HAL_Driver/Src/stm32f4xx_hal_rcc.o
 .debug_info    0x0000514e     0x2996 ./Drivers/STM32F4xx_HAL_Driver/Src/stm32f4xx_hal_tim.o
 .debug_info    0x00007ae4     0x14d4 ./Drivers/STM32F4xx_HAL_Driver/Src/stm32f4xx_hal_tim_ex.o
 .debug_info    0x00008fb8      0x9f2 ./ECU_Layer/src/ecu.o
 .debug_info    0x000099aa      0x7b1 ./ECU_Layer/src/encoder.o
 .debug_info    0x0000a15b      0xa38 ./ECU_Layer/src/motor.o
 .debug_info    0x0000ab93      0xeee ./ECU_Layer/src/robot.o
 .debug_info    0x0000ba81      0x1d0 ./lib/src/PID.o

.debug_abbrev   0x00000000     0x20b7
 .debug_abbrev  0x00000000      0x151 ./Core/Src/gpio.o
 .debug_abbrev  0x00000151      0x299 ./Core/Src/main.o
 .debug_abbrev  0x000003ea       0xd8 ./Core/Src/stm32f4xx_hal_msp.o
 .debug_abbrev  0x000004c2       0x88 ./Core/Src/stm32f4xx_it.o
 .debug_abbrev  0x0000054a      0x11a ./Core/Src/system_stm32f4xx.o
 .debug_abbrev  0x00000664      0x25b ./Core/Src/tim.o
 .debug_abbrev  0x000008bf       0x24 ./Core/Startup/startup_stm32f401rctx.o
 .debug_abbrev  0x000008e3      0x24b ./Drivers/STM32F4xx_HAL_Driver/Src/stm32f4xx_hal.o
 .debug_abbrev  0x00000b2e      0x31d ./Drivers/STM32F4xx_HAL_Driver/Src/stm32f4xx_hal_cortex.o
 .debug_abbrev  0x00000e4b      0x1d3 ./Drivers/STM32F4xx_HAL_Driver/Src/stm32f4xx_hal_gpio.o
 .debug_abbrev  0x0000101e      0x2b6 ./Drivers/STM32F4xx_HAL_Driver/Src/stm32f4xx_hal_rcc.o
 .debug_abbrev  0x000012d4      0x28b ./Drivers/STM32F4xx_HAL_Driver/Src/stm32f4xx_hal_tim.o
 .debug_abbrev  0x0000155f      0x296 ./Drivers/STM32F4xx_HAL_Driver/Src/stm32f4xx_hal_tim_ex.o
 .debug_abbrev  0x000017f5      0x186 ./ECU_Layer/src/ecu.o
 .debug_abbrev  0x0000197b      0x1b0 ./ECU_Layer/src/encoder.o
 .debug_abbrev  0x00001b2b      0x21e ./ECU_Layer/src/motor.o
 .debug_abbrev  0x00001d49      0x295 ./ECU_Layer/src/robot.o
 .debug_abbrev  0x00001fde       0xd9 ./lib/src/PID.o

.debug_aranges  0x00000000      0xac0
 .debug_aranges
                0x00000000       0x20 ./Core/Src/gpio.o
 .debug_aranges
                0x00000020       0x30 ./Core/Src/main.o
 .debug_aranges
                0x00000050       0x20 ./Core/Src/stm32f4xx_hal_msp.o
 .debug_aranges
                0x00000070       0x60 ./Core/Src/stm32f4xx_it.o
 .debug_aranges
                0x000000d0       0x28 ./Core/Src/system_stm32f4xx.o
 .debug_aranges
                0x000000f8       0x70 ./Core/Src/tim.o
 .debug_aranges
                0x00000168       0x28 ./Core/Startup/startup_stm32f401rctx.o
 .debug_aranges
                0x00000190       0xf0 ./Drivers/STM32F4xx_HAL_Driver/Src/stm32f4xx_hal.o
 .debug_aranges
                0x00000280      0x130 ./Drivers/STM32F4xx_HAL_Driver/Src/stm32f4xx_hal_cortex.o
 .debug_aranges
                0x000003b0       0x58 ./Drivers/STM32F4xx_HAL_Driver/Src/stm32f4xx_hal_gpio.o
 .debug_aranges
                0x00000408       0x88 ./Drivers/STM32F4xx_HAL_Driver/Src/stm32f4xx_hal_rcc.o
 .debug_aranges
                0x00000490      0x3d0 ./Drivers/STM32F4xx_HAL_Driver/Src/stm32f4xx_hal_tim.o
 .debug_aranges
                0x00000860      0x168 ./Drivers/STM32F4xx_HAL_Driver/Src/stm32f4xx_hal_tim_ex.o
 .debug_aranges
                0x000009c8       0x18 ./ECU_Layer/src/ecu.o
 .debug_aranges
                0x000009e0       0x28 ./ECU_Layer/src/encoder.o
 .debug_aranges
                0x00000a08       0x48 ./ECU_Layer/src/motor.o
 .debug_aranges
                0x00000a50       0x48 ./ECU_Layer/src/robot.o
 .debug_aranges
                0x00000a98       0x28 ./lib/src/PID.o

.debug_rnglists
                0x00000000      0x827
 .debug_rnglists
                0x00000000       0x14 ./Core/Src/gpio.o
 .debug_rnglists
                0x00000014       0x21 ./Core/Src/main.o
 .debug_rnglists
                0x00000035       0x13 ./Core/Src/stm32f4xx_hal_msp.o
 .debug_rnglists
                0x00000048       0x43 ./Core/Src/stm32f4xx_it.o
 .debug_rnglists
                0x0000008b       0x1a ./Core/Src/system_stm32f4xx.o
 .debug_rnglists
                0x000000a5       0x58 ./Core/Src/tim.o
 .debug_rnglists
                0x000000fd       0x19 ./Core/Startup/startup_stm32f401rctx.o
 .debug_rnglists
                0x00000116       0xaf ./Drivers/STM32F4xx_HAL_Driver/Src/stm32f4xx_hal.o
 .debug_rnglists
                0x000001c5       0xe0 ./Drivers/STM32F4xx_HAL_Driver/Src/stm32f4xx_hal_cortex.o
 .debug_rnglists
                0x000002a5       0x3f ./Drivers/STM32F4xx_HAL_Driver/Src/stm32f4xx_hal_gpio.o
 .debug_rnglists
                0x000002e4       0x66 ./Drivers/STM32F4xx_HAL_Driver/Src/stm32f4xx_hal_rcc.o
 .debug_rnglists
                0x0000034a      0x31a ./Drivers/STM32F4xx_HAL_Driver/Src/stm32f4xx_hal_tim.o
 .debug_rnglists
                0x00000664      0x125 ./Drivers/STM32F4xx_HAL_Driver/Src/stm32f4xx_hal_tim_ex.o
 .debug_rnglists
                0x00000789       0x1a ./ECU_Layer/src/encoder.o
 .debug_rnglists
                0x000007a3       0x33 ./ECU_Layer/src/motor.o
 .debug_rnglists
                0x000007d6       0x37 ./ECU_Layer/src/robot.o
 .debug_rnglists
                0x0000080d       0x1a ./lib/src/PID.o

.debug_macro    0x00000000    0x17108
 .debug_macro   0x00000000      0x1dd ./Core/Src/gpio.o
 .debug_macro   0x000001dd      0xab4 ./Core/Src/gpio.o
 .debug_macro   0x00000c91      0x295 ./Core/Src/gpio.o
 .debug_macro   0x00000f26       0x2e ./Core/Src/gpio.o
 .debug_macro   0x00000f54       0x28 ./Core/Src/gpio.o
 .debug_macro   0x00000f7c       0x22 ./Core/Src/gpio.o
 .debug_macro   0x00000f9e       0x8e ./Core/Src/gpio.o
 .debug_macro   0x0000102c       0x51 ./Core/Src/gpio.o
 .debug_macro   0x0000107d      0x103 ./Core/Src/gpio.o
 .debug_macro   0x00001180       0x6a ./Core/Src/gpio.o
 .debug_macro   0x000011ea      0x1df ./Core/Src/gpio.o
 .debug_macro   0x000013c9       0x1c ./Core/Src/gpio.o
 .debug_macro   0x000013e5       0x22 ./Core/Src/gpio.o
 .debug_macro   0x00001407       0xfb ./Core/Src/gpio.o
 .debug_macro   0x00001502     0x1011 ./Core/Src/gpio.o
 .debug_macro   0x00002513      0x11f ./Core/Src/gpio.o
 .debug_macro   0x00002632     0xb86c ./Core/Src/gpio.o
 .debug_macro   0x0000de9e       0x6d ./Core/Src/gpio.o
 .debug_macro   0x0000df0b     0x369a ./Core/Src/gpio.o
 .debug_macro   0x000115a5      0x189 ./Core/Src/gpio.o
 .debug_macro   0x0001172e       0x5c ./Core/Src/gpio.o
 .debug_macro   0x0001178a      0x416 ./Core/Src/gpio.o
 .debug_macro   0x00011ba0      0x9e9 ./Core/Src/gpio.o
 .debug_macro   0x00012589      0x115 ./Core/Src/gpio.o
 .debug_macro   0x0001269e       0xf8 ./Core/Src/gpio.o
 .debug_macro   0x00012796       0xa5 ./Core/Src/gpio.o
 .debug_macro   0x0001283b      0x15f ./Core/Src/gpio.o
 .debug_macro   0x0001299a      0x287 ./Core/Src/gpio.o
 .debug_macro   0x00012c21       0x5f ./Core/Src/gpio.o
 .debug_macro   0x00012c80      0x236 ./Core/Src/gpio.o
 .debug_macro   0x00012eb6      0x132 ./Core/Src/gpio.o
 .debug_macro   0x00012fe8      0x23a ./Core/Src/gpio.o
 .debug_macro   0x00013222       0x2e ./Core/Src/gpio.o
 .debug_macro   0x00013250      0x127 ./Core/Src/gpio.o
 .debug_macro   0x00013377       0x85 ./Core/Src/gpio.o
 .debug_macro   0x000133fc       0x89 ./Core/Src/gpio.o
 .debug_macro   0x00013485      0x8ed ./Core/Src/gpio.o
 .debug_macro   0x00013d72       0x47 ./Core/Src/gpio.o
 .debug_macro   0x00013db9      0x126 ./Core/Src/gpio.o
 .debug_macro   0x00013edf       0xf4 ./Core/Src/gpio.o
 .debug_macro   0x00013fd3      0x392 ./Core/Src/main.o
 .debug_macro   0x00014365       0x61 ./Core/Src/main.o
 .debug_macro   0x000143c6       0x2a ./Core/Src/main.o
 .debug_macro   0x000143f0       0x43 ./Core/Src/main.o
 .debug_macro   0x00014433       0x34 ./Core/Src/main.o
 .debug_macro   0x00014467       0x16 ./Core/Src/main.o
 .debug_macro   0x0001447d       0x35 ./Core/Src/main.o
 .debug_macro   0x000144b2      0x369 ./Core/Src/main.o
 .debug_macro   0x0001481b       0x10 ./Core/Src/main.o
 .debug_macro   0x0001482b       0x16 ./Core/Src/main.o
 .debug_macro   0x00014841       0x43 ./Core/Src/main.o
 .debug_macro   0x00014884       0x34 ./Core/Src/main.o
 .debug_macro   0x000148b8       0x10 ./Core/Src/main.o
 .debug_macro   0x000148c8       0x58 ./Core/Src/main.o
 .debug_macro   0x00014920       0x8e ./Core/Src/main.o
 .debug_macro   0x000149ae       0x1c ./Core/Src/main.o
 .debug_macro   0x000149ca      0x177 ./Core/Src/main.o
 .debug_macro   0x00014b41       0x16 ./Core/Src/main.o
 .debug_macro   0x00014b57       0x16 ./Core/Src/main.o
 .debug_macro   0x00014b6d      0x146 ./Core/Src/main.o
 .debug_macro   0x00014cb3       0x16 ./Core/Src/main.o
 .debug_macro   0x00014cc9       0x16 ./Core/Src/main.o
 .debug_macro   0x00014cdf       0x29 ./Core/Src/main.o
 .debug_macro   0x00014d08       0x16 ./Core/Src/main.o
 .debug_macro   0x00014d1e       0x20 ./Core/Src/main.o
 .debug_macro   0x00014d3e      0x19b ./Core/Src/main.o
 .debug_macro   0x00014ed9       0x1c ./Core/Src/main.o
 .debug_macro   0x00014ef5       0xa6 ./Core/Src/main.o
 .debug_macro   0x00014f9b      0x1d3 ./Core/Src/stm32f4xx_hal_msp.o
 .debug_macro   0x0001516e      0x1dd ./Core/Src/stm32f4xx_it.o
 .debug_macro   0x0001534b      0x1c4 ./Core/Src/system_stm32f4xx.o
 .debug_macro   0x0001550f      0x1dd ./Core/Src/tim.o
 .debug_macro   0x000156ec      0x224 ./Drivers/STM32F4xx_HAL_Driver/Src/stm32f4xx_hal.o
 .debug_macro   0x00015910      0x1c4 ./Drivers/STM32F4xx_HAL_Driver/Src/stm32f4xx_hal_cortex.o
 .debug_macro   0x00015ad4      0x1ca ./Drivers/STM32F4xx_HAL_Driver/Src/stm32f4xx_hal_gpio.o
 .debug_macro   0x00015c9e      0x1e8 ./Drivers/STM32F4xx_HAL_Driver/Src/stm32f4xx_hal_rcc.o
 .debug_macro   0x00015e86      0x1c5 ./Drivers/STM32F4xx_HAL_Driver/Src/stm32f4xx_hal_tim.o
 .debug_macro   0x0001604b      0x1c4 ./Drivers/STM32F4xx_HAL_Driver/Src/stm32f4xx_hal_tim_ex.o
 .debug_macro   0x0001620f      0x388 ./ECU_Layer/src/ecu.o
 .debug_macro   0x00016597       0xfa ./ECU_Layer/src/ecu.o
 .debug_macro   0x00016691      0x364 ./ECU_Layer/src/encoder.o
 .debug_macro   0x000169f5       0x10 ./ECU_Layer/src/encoder.o
 .debug_macro   0x00016a05      0x371 ./ECU_Layer/src/motor.o
 .debug_macro   0x00016d76      0x377 ./ECU_Layer/src/robot.o
 .debug_macro   0x000170ed       0x1b ./lib/src/PID.o

.debug_line     0x00000000     0xe242
 .debug_line    0x00000000      0x762 ./Core/Src/gpio.o
 .debug_line    0x00000762      0xb76 ./Core/Src/main.o
 .debug_line    0x000012d8      0x737 ./Core/Src/stm32f4xx_hal_msp.o
 .debug_line    0x00001a0f      0x7fc ./Core/Src/stm32f4xx_it.o
 .debug_line    0x0000220b      0x7bb ./Core/Src/system_stm32f4xx.o
 .debug_line    0x000029c6      0xacb ./Core/Src/tim.o
 .debug_line    0x00003491       0x7a ./Core/Startup/startup_stm32f401rctx.o
 .debug_line    0x0000350b      0xa24 ./Drivers/STM32F4xx_HAL_Driver/Src/stm32f4xx_hal.o
 .debug_line    0x00003f2f      0xd16 ./Drivers/STM32F4xx_HAL_Driver/Src/stm32f4xx_hal_cortex.o
 .debug_line    0x00004c45      0xb74 ./Drivers/STM32F4xx_HAL_Driver/Src/stm32f4xx_hal_gpio.o
 .debug_line    0x000057b9      0xdad ./Drivers/STM32F4xx_HAL_Driver/Src/stm32f4xx_hal_rcc.o
 .debug_line    0x00006566     0x35a2 ./Drivers/STM32F4xx_HAL_Driver/Src/stm32f4xx_hal_tim.o
 .debug_line    0x00009b08     0x19b5 ./Drivers/STM32F4xx_HAL_Driver/Src/stm32f4xx_hal_tim_ex.o
 .debug_line    0x0000b4bd      0x9db ./ECU_Layer/src/ecu.o
 .debug_line    0x0000be98      0xa37 ./ECU_Layer/src/encoder.o
 .debug_line    0x0000c8cf      0xb02 ./ECU_Layer/src/motor.o
 .debug_line    0x0000d3d1      0xd46 ./ECU_Layer/src/robot.o
 .debug_line    0x0000e117      0x12b ./lib/src/PID.o

.debug_str      0x00000000    0x8bf28
 .debug_str     0x00000000    0x8477b ./Core/Src/gpio.o
                              0x84a05 (size before relaxing)
 .debug_str     0x0008477b     0x4c9f ./Core/Src/main.o
                              0x896ff (size before relaxing)
 .debug_str     0x0008941a       0x2c ./Core/Src/stm32f4xx_hal_msp.o
                              0x8493a (size before relaxing)
 .debug_str     0x00089446       0xe0 ./Core/Src/stm32f4xx_it.o
                              0x848c5 (size before relaxing)
 .debug_str     0x00089526       0xdb ./Core/Src/system_stm32f4xx.o
                              0x84671 (size before relaxing)
 .debug_str     0x00089601      0x281 ./Core/Src/tim.o
                              0x851eb (size before relaxing)
 .debug_str     0x00089882       0x44 ./Core/Startup/startup_stm32f401rctx.o
                                 0x78 (size before relaxing)
 .debug_str     0x000898c6      0x9ae ./Drivers/STM32F4xx_HAL_Driver/Src/stm32f4xx_hal.o
                              0x85093 (size before relaxing)
 .debug_str     0x0008a274      0x397 ./Drivers/STM32F4xx_HAL_Driver/Src/stm32f4xx_hal_cortex.o
                              0x84dfd (size before relaxing)
 .debug_str     0x0008a60b      0x121 ./Drivers/STM32F4xx_HAL_Driver/Src/stm32f4xx_hal_gpio.o
                              0x847ec (size before relaxing)
 .debug_str     0x0008a72c      0x20a ./Drivers/STM32F4xx_HAL_Driver/Src/stm32f4xx_hal_rcc.o
                              0x84aa5 (size before relaxing)
 .debug_str     0x0008a936      0xd54 ./Drivers/STM32F4xx_HAL_Driver/Src/stm32f4xx_hal_tim.o
                              0x859e9 (size before relaxing)
 .debug_str     0x0008b68a      0x493 ./Drivers/STM32F4xx_HAL_Driver/Src/stm32f4xx_hal_tim_ex.o
                              0x851f5 (size before relaxing)
 .debug_str     0x0008bb1d       0x29 ./ECU_Layer/src/ecu.o
                              0x8938b (size before relaxing)
 .debug_str     0x0008bb46       0x8e ./ECU_Layer/src/encoder.o
                              0x88f7f (size before relaxing)
 .debug_str     0x0008bbd4      0x112 ./ECU_Layer/src/motor.o
                              0x890b4 (size before relaxing)
 .debug_str     0x0008bce6      0x1f3 ./ECU_Layer/src/robot.o
                              0x89317 (size before relaxing)
 .debug_str     0x0008bed9       0x4f ./lib/src/PID.o
                               0x2e93 (size before relaxing)

.comment        0x00000000       0x43
 .comment       0x00000000       0x43 ./Core/Src/gpio.o
                                 0x44 (size before relaxing)
 .comment       0x00000043       0x44 ./Core/Src/main.o
 .comment       0x00000043       0x44 ./Core/Src/stm32f4xx_hal_msp.o
 .comment       0x00000043       0x44 ./Core/Src/stm32f4xx_it.o
 .comment       0x00000043       0x44 ./Core/Src/system_stm32f4xx.o
 .comment       0x00000043       0x44 ./Core/Src/tim.o
 .comment       0x00000043       0x44 ./Drivers/STM32F4xx_HAL_Driver/Src/stm32f4xx_hal.o
 .comment       0x00000043       0x44 ./Drivers/STM32F4xx_HAL_Driver/Src/stm32f4xx_hal_cortex.o
 .comment       0x00000043       0x44 ./Drivers/STM32F4xx_HAL_Driver/Src/stm32f4xx_hal_gpio.o
 .comment       0x00000043       0x44 ./Drivers/STM32F4xx_HAL_Driver/Src/stm32f4xx_hal_rcc.o
 .comment       0x00000043       0x44 ./Drivers/STM32F4xx_HAL_Driver/Src/stm32f4xx_hal_tim.o
 .comment       0x00000043       0x44 ./Drivers/STM32F4xx_HAL_Driver/Src/stm32f4xx_hal_tim_ex.o
 .comment       0x00000043       0x44 ./ECU_Layer/src/ecu.o
 .comment       0x00000043       0x44 ./ECU_Layer/src/encoder.o
 .comment       0x00000043       0x44 ./ECU_Layer/src/motor.o
 .comment       0x00000043       0x44 ./ECU_Layer/src/robot.o
 .comment       0x00000043       0x44 ./lib/src/PID.o

.debug_frame    0x00000000     0x2f04
 .debug_frame   0x00000000       0x34 ./Core/Src/gpio.o
 .debug_frame   0x00000034       0x6c ./Core/Src/main.o
 .debug_frame   0x000000a0       0x38 ./Core/Src/stm32f4xx_hal_msp.o
 .debug_frame   0x000000d8      0x108 ./Core/Src/stm32f4xx_it.o
 .debug_frame   0x000001e0       0x58 ./Core/Src/system_stm32f4xx.o
 .debug_frame   0x00000238      0x1a4 ./Core/Src/tim.o
 .debug_frame   0x000003dc      0x374 ./Drivers/STM32F4xx_HAL_Driver/Src/stm32f4xx_hal.o
 .debug_frame   0x00000750      0x508 ./Drivers/STM32F4xx_HAL_Driver/Src/stm32f4xx_hal_cortex.o
 .debug_frame   0x00000c58      0x14c ./Drivers/STM32F4xx_HAL_Driver/Src/stm32f4xx_hal_gpio.o
 .debug_frame   0x00000da4      0x1f4 ./Drivers/STM32F4xx_HAL_Driver/Src/stm32f4xx_hal_rcc.o
 .debug_frame   0x00000f98     0x11b8 ./Drivers/STM32F4xx_HAL_Driver/Src/stm32f4xx_hal_tim.o
 .debug_frame   0x00002150      0x638 ./Drivers/STM32F4xx_HAL_Driver/Src/stm32f4xx_hal_tim_ex.o
 .debug_frame   0x00002788       0x60 ./ECU_Layer/src/encoder.o
 .debug_frame   0x000027e8       0xec ./ECU_Layer/src/motor.o
 .debug_frame   0x000028d4      0x100 ./ECU_Layer/src/robot.o
 .debug_frame   0x000029d4       0x60 ./lib/src/PID.o
 .debug_frame   0x00002a34       0x20 E:/ST/STM32CubeIDE_1.16.0/STM32CubeIDE/plugins/com.st.stm32cube.ide.mcu.externaltools.gnu-tools-for-stm32.12.3.rel1.win32_1.0.200.202406191623/tools/bin/../lib/gcc/arm-none-eabi/12.3.1/../../../../arm-none-eabi/lib/thumb/v7e-m+fp/hard\libc_nano.a(libc_a-memset.o)
 .debug_frame   0x00002a54       0x2c E:/ST/STM32CubeIDE_1.16.0/STM32CubeIDE/plugins/com.st.stm32cube.ide.mcu.externaltools.gnu-tools-for-stm32.12.3.rel1.win32_1.0.200.202406191623/tools/bin/../lib/gcc/arm-none-eabi/12.3.1/../../../../arm-none-eabi/lib/thumb/v7e-m+fp/hard\libc_nano.a(libc_a-init.o)
 .debug_frame   0x00002a80       0x38 E:/ST/STM32CubeIDE_1.16.0/STM32CubeIDE/plugins/com.st.stm32cube.ide.mcu.externaltools.gnu-tools-for-stm32.12.3.rel1.win32_1.0.200.202406191623/tools/bin/../lib/gcc/arm-none-eabi/12.3.1/../../../../arm-none-eabi/lib/thumb/v7e-m+fp/hard\libm.a(libm_a-s_cos.o)
 .debug_frame   0x00002ab8       0x38 E:/ST/STM32CubeIDE_1.16.0/STM32CubeIDE/plugins/com.st.stm32cube.ide.mcu.externaltools.gnu-tools-for-stm32.12.3.rel1.win32_1.0.200.202406191623/tools/bin/../lib/gcc/arm-none-eabi/12.3.1/../../../../arm-none-eabi/lib/thumb/v7e-m+fp/hard\libm.a(libm_a-s_sin.o)
 .debug_frame   0x00002af0       0x20 E:/ST/STM32CubeIDE_1.16.0/STM32CubeIDE/plugins/com.st.stm32cube.ide.mcu.externaltools.gnu-tools-for-stm32.12.3.rel1.win32_1.0.200.202406191623/tools/bin/../lib/gcc/arm-none-eabi/12.3.1/../../../../arm-none-eabi/lib/thumb/v7e-m+fp/hard\libm.a(libm_a-sf_round.o)
 .debug_frame   0x00002b10       0x3c E:/ST/STM32CubeIDE_1.16.0/STM32CubeIDE/plugins/com.st.stm32cube.ide.mcu.externaltools.gnu-tools-for-stm32.12.3.rel1.win32_1.0.200.202406191623/tools/bin/../lib/gcc/arm-none-eabi/12.3.1/../../../../arm-none-eabi/lib/thumb/v7e-m+fp/hard\libm.a(libm_a-k_cos.o)
 .debug_frame   0x00002b4c       0x40 E:/ST/STM32CubeIDE_1.16.0/STM32CubeIDE/plugins/com.st.stm32cube.ide.mcu.externaltools.gnu-tools-for-stm32.12.3.rel1.win32_1.0.200.202406191623/tools/bin/../lib/gcc/arm-none-eabi/12.3.1/../../../../arm-none-eabi/lib/thumb/v7e-m+fp/hard\libm.a(libm_a-k_sin.o)
 .debug_frame   0x00002b8c       0x40 E:/ST/STM32CubeIDE_1.16.0/STM32CubeIDE/plugins/com.st.stm32cube.ide.mcu.externaltools.gnu-tools-for-stm32.12.3.rel1.win32_1.0.200.202406191623/tools/bin/../lib/gcc/arm-none-eabi/12.3.1/../../../../arm-none-eabi/lib/thumb/v7e-m+fp/hard\libm.a(libm_a-e_rem_pio2.o)
 .debug_frame   0x00002bcc       0x20 E:/ST/STM32CubeIDE_1.16.0/STM32CubeIDE/plugins/com.st.stm32cube.ide.mcu.externaltools.gnu-tools-for-stm32.12.3.rel1.win32_1.0.200.202406191623/tools/bin/../lib/gcc/arm-none-eabi/12.3.1/../../../../arm-none-eabi/lib/thumb/v7e-m+fp/hard\libm.a(libm_a-s_fabs.o)
 .debug_frame   0x00002bec       0x54 E:/ST/STM32CubeIDE_1.16.0/STM32CubeIDE/plugins/com.st.stm32cube.ide.mcu.externaltools.gnu-tools-for-stm32.12.3.rel1.win32_1.0.200.202406191623/tools/bin/../lib/gcc/arm-none-eabi/12.3.1/../../../../arm-none-eabi/lib/thumb/v7e-m+fp/hard\libm.a(libm_a-k_rem_pio2.o)
 .debug_frame   0x00002c40       0x2c E:/ST/STM32CubeIDE_1.16.0/STM32CubeIDE/plugins/com.st.stm32cube.ide.mcu.externaltools.gnu-tools-for-stm32.12.3.rel1.win32_1.0.200.202406191623/tools/bin/../lib/gcc/arm-none-eabi/12.3.1/../../../../arm-none-eabi/lib/thumb/v7e-m+fp/hard\libm.a(libm_a-s_scalbn.o)
 .debug_frame   0x00002c6c       0x30 E:/ST/STM32CubeIDE_1.16.0/STM32CubeIDE/plugins/com.st.stm32cube.ide.mcu.externaltools.gnu-tools-for-stm32.12.3.rel1.win32_1.0.200.202406191623/tools/bin/../lib/gcc/arm-none-eabi/12.3.1/../../../../arm-none-eabi/lib/thumb/v7e-m+fp/hard\libm.a(libm_a-s_floor.o)
 .debug_frame   0x00002c9c       0xac E:/ST/STM32CubeIDE_1.16.0/STM32CubeIDE/plugins/com.st.stm32cube.ide.mcu.externaltools.gnu-tools-for-stm32.12.3.rel1.win32_1.0.200.202406191623/tools/bin/../lib/gcc/arm-none-eabi/12.3.1/thumb/v7e-m+fp/hard\libgcc.a(_arm_addsubdf3.o)
 .debug_frame   0x00002d48       0x50 E:/ST/STM32CubeIDE_1.16.0/STM32CubeIDE/plugins/com.st.stm32cube.ide.mcu.externaltools.gnu-tools-for-stm32.12.3.rel1.win32_1.0.200.202406191623/tools/bin/../lib/gcc/arm-none-eabi/12.3.1/thumb/v7e-m+fp/hard\libgcc.a(_arm_muldivdf3.o)
 .debug_frame   0x00002d98       0xc4 E:/ST/STM32CubeIDE_1.16.0/STM32CubeIDE/plugins/com.st.stm32cube.ide.mcu.externaltools.gnu-tools-for-stm32.12.3.rel1.win32_1.0.200.202406191623/tools/bin/../lib/gcc/arm-none-eabi/12.3.1/thumb/v7e-m+fp/hard\libgcc.a(_arm_cmpdf2.o)
 .debug_frame   0x00002e5c       0x24 E:/ST/STM32CubeIDE_1.16.0/STM32CubeIDE/plugins/com.st.stm32cube.ide.mcu.externaltools.gnu-tools-for-stm32.12.3.rel1.win32_1.0.200.202406191623/tools/bin/../lib/gcc/arm-none-eabi/12.3.1/thumb/v7e-m+fp/hard\libgcc.a(_arm_fixdfsi.o)
 .debug_frame   0x00002e80       0x24 E:/ST/STM32CubeIDE_1.16.0/STM32CubeIDE/plugins/com.st.stm32cube.ide.mcu.externaltools.gnu-tools-for-stm32.12.3.rel1.win32_1.0.200.202406191623/tools/bin/../lib/gcc/arm-none-eabi/12.3.1/thumb/v7e-m+fp/hard\libgcc.a(_arm_truncdfsf2.o)
 .debug_frame   0x00002ea4       0x2c E:/ST/STM32CubeIDE_1.16.0/STM32CubeIDE/plugins/com.st.stm32cube.ide.mcu.externaltools.gnu-tools-for-stm32.12.3.rel1.win32_1.0.200.202406191623/tools/bin/../lib/gcc/arm-none-eabi/12.3.1/thumb/v7e-m+fp/hard\libgcc.a(_aeabi_uldivmod.o)
 .debug_frame   0x00002ed0       0x34 E:/ST/STM32CubeIDE_1.16.0/STM32CubeIDE/plugins/com.st.stm32cube.ide.mcu.externaltools.gnu-tools-for-stm32.12.3.rel1.win32_1.0.200.202406191623/tools/bin/../lib/gcc/arm-none-eabi/12.3.1/thumb/v7e-m+fp/hard\libgcc.a(_udivmoddi4.o)

.debug_line_str
                0x00000000       0x5c
 .debug_line_str
                0x00000000       0x5c ./Core/Startup/startup_stm32f401rctx.o
