../Core/Src/freertos.c:229:6:MX_FREERTOS_Init	8	static
../Core/Src/freertos.c:333:6:MPUtask	24	static
../Core/Src/freertos.c:366:6:CANtask	24	static
../Core/Src/freertos.c:389:6:MONITORINGtask	24	static
../Core/Src/freertos.c:409:6:ULTRASONICtask	24	static
../Core/Src/freertos.c:444:6:CONTROLtask	24	static
../Core/Src/freertos.c:475:6:YawKalmanTask	24	static
../Core/Src/freertos.c:497:6:YawPIDtask	24	static
../Core/Src/freertos.c:523:6:ACCtask	24	static
../Core/Src/freertos.c:544:6:TSRtask	24	static
../Core/Src/freertos.c:565:6:BSDtask	24	static
../Core/Src/freertos.c:587:6:BUZZtask	24	static
../Core/Src/freertos.c:609:6:ALCtask	24	static
../Core/Src/freertos.c:631:6:APKtask	24	static
../Core/Src/freertos.c:651:6:callback_test	16	static
../Core/Src/freertos.c:660:6:HAL_GPIO_EXTI_Callback	16	static
../Core/Src/freertos.c:672:6:HAL_UART_RxCpltCallback	16	static
../Core/Src/freertos.c:686:6:Adaptive_Cruise_Control	16	static
../Core/Src/freertos.c:712:6:Traffic_Sign_Recognition	16	static
../Core/Src/freertos.c:732:6:Blind_Spot_Detection	16	static
../Core/Src/freertos.c:748:6:Change_Lane_Left	16	static
../Core/Src/freertos.c:753:6:Change_Lane_Right	16	static
../Core/Src/freertos.c:758:6:Park	16	static
../Core/Src/freertos.c:775:6:Increase_N	16	static
../Core/Src/freertos.c:782:6:Emergency_Stop	16	static
../Core/Src/freertos.c:805:6:Yaw_PID_suspend	8	static
../Core/Src/freertos.c:810:6:Yaw_PID_resume	8	static
../Core/Src/freertos.c:815:6:BuzzerDelay	16	static
../Core/Src/freertos.c:820:6:BuzzerResume	8	static
../Core/Src/freertos.c:825:6:BuzzerSuspend	8	static
