../Core/Src/freertos.c:196:6:MX_FREERTOS_Init	8	static
../Core/Src/freertos.c:288:6:MPUtask	24	static
../Core/Src/freertos.c:321:6:CANtask	24	static
../Core/Src/freertos.c:344:6:MONITORINGtask	24	static
../Core/Src/freertos.c:364:6:ULTRASONICtask	24	static
../Core/Src/freertos.c:399:6:CONTROLtask	24	static
../Core/Src/freertos.c:430:6:YawKalmanTask	24	static
../Core/Src/freertos.c:452:6:YawPIDtask	24	static
../Core/Src/freertos.c:477:6:ACCtask	24	static
../Core/Src/freertos.c:497:6:TSRtask	24	static
../Core/Src/freertos.c:511:6:callback_test	16	static
../Core/Src/freertos.c:520:6:HAL_GPIO_EXTI_Callback	16	static
../Core/Src/freertos.c:532:6:HAL_UART_RxCpltCallback	16	static
../Core/Src/freertos.c:543:6:Robot_Stop_PID_tunning	16	static
../Core/Src/freertos.c:551:6:Robot_Start_PID_tunning	16	static
../Core/Src/freertos.c:557:6:Increase_Set_Point_angle	16	static
../Core/Src/freertos.c:573:6:Increase_Kp	24	static
../Core/Src/freertos.c:579:6:Increase_Ki	24	static
../Core/Src/freertos.c:585:6:Increase_Kd	24	static
../Core/Src/freertos.c:591:6:Increase_N	24	static
../Core/Src/freertos.c:597:6:Reset_PID	16	static
../Core/Src/freertos.c:602:6:Yaw_PID_suspend	8	static
../Core/Src/freertos.c:607:6:Yaw_PID_resume	8	static
