../Core/Src/freertos.c:166:6:MX_FREERTOS_Init	8	static
../Core/Src/freertos.c:245:6:MPUtask	24	static
../Core/Src/freertos.c:277:6:CANtask	24	static
../Core/Src/freertos.c:299:6:MONITORINGtask	24	static
../Core/Src/freertos.c:319:6:Orientationtask	24	static
../Core/Src/freertos.c:343:6:ULTRASONICtask	24	static
../Core/Src/freertos.c:378:6:CONTROLtask	24	static
../Core/Src/freertos.c:407:6:TempPIDmove_Task	16	static
../Core/Src/freertos.c:424:6:HAL_GPIO_EXTI_Callback	16	static
../Core/Src/freertos.c:436:6:HAL_UART_RxCpltCallback	16	static
../Core/Src/freertos.c:445:6:Robot_Stop_PID_tunning	16	static
../Core/Src/freertos.c:453:6:Robot_Start_PID_tunning	16	static
../Core/Src/freertos.c:458:6:Increase_Set_Point_angle	16	static
../Core/Src/freertos.c:463:6:Increase_Kp	24	static
../Core/Src/freertos.c:470:6:Increase_Ki	16	static
../Core/Src/freertos.c:476:6:Increase_Kd	16	static
../Core/Src/freertos.c:482:6:Increase_N	16	static
../Core/Src/freertos.c:487:6:Reset_PID	16	static
