../Core/Src/freertos.c:152:6:MX_FREERTOS_Init	8	static
../Core/Src/freertos.c:228:6:MPUtask	24	static
../Core/Src/freertos.c:249:6:CANtask	24	static
../Core/Src/freertos.c:271:6:MONITORINGtask	24	static
../Core/Src/freertos.c:291:6:MpuPIDtask	24	static
../Core/Src/freertos.c:313:6:ULTRASONICtask	24	static
../Core/Src/freertos.c:348:6:CONTROLtask	24	static
../Core/Src/freertos.c:377:6:TempPIDmove_Task	16	static
../Core/Src/freertos.c:394:6:HAL_GPIO_EXTI_Callback	16	static
../Core/Src/freertos.c:406:6:HAL_UART_RxCpltCallback	16	static
../Core/Src/freertos.c:415:6:Robot_Stop_PID_tunning	16	static
../Core/Src/freertos.c:424:6:Robot_Start_PID_tunning	16	static
../Core/Src/freertos.c:429:6:Increase_Set_Point_angle	16	static
../Core/Src/freertos.c:434:6:Increase_Kp	16	static
../Core/Src/freertos.c:441:6:Increase_Ki	16	static
../Core/Src/freertos.c:447:6:Increase_Kd	16	static
../Core/Src/freertos.c:453:6:Increase_N	16	static
../Core/Src/freertos.c:459:6:Reset_PID	16	static
