../Core/Src/freertos.c:216:6:MX_FREERTOS_Init	8	static
../Core/Src/freertos.c:314:6:MPUtask	24	static
../Core/Src/freertos.c:347:6:CANtask	24	static
../Core/Src/freertos.c:370:6:MONITORINGtask	24	static
../Core/Src/freertos.c:390:6:ULTRASONICtask	24	static
../Core/Src/freertos.c:425:6:CONTROLtask	24	static
../Core/Src/freertos.c:456:6:YawKalmanTask	24	static
../Core/Src/freertos.c:478:6:YawPIDtask	24	static
../Core/Src/freertos.c:503:6:ACCtask	24	static
../Core/Src/freertos.c:523:6:TSRtask	24	static
../Core/Src/freertos.c:543:6:BSDtask	24	static
../Core/Src/freertos.c:564:6:BUZZtask	24	static
../Core/Src/freertos.c:578:6:callback_test	16	static
../Core/Src/freertos.c:587:6:HAL_GPIO_EXTI_Callback	16	static
../Core/Src/freertos.c:599:6:HAL_UART_RxCpltCallback	16	static
../Core/Src/freertos.c:610:6:Robot_Stop_PID_tunning	16	static
../Core/Src/freertos.c:617:6:Robot_Start_PID_tunning	16	static
../Core/Src/freertos.c:624:6:Increase_Set_Point_angle	16	static
../Core/Src/freertos.c:640:6:Increase_Kp	24	static
../Core/Src/freertos.c:646:6:Increase_Ki	24	static
../Core/Src/freertos.c:652:6:Increase_Kd	24	static
../Core/Src/freertos.c:658:6:Increase_N	24	static
../Core/Src/freertos.c:664:6:Reset_PID	16	static
../Core/Src/freertos.c:669:6:Yaw_PID_suspend	8	static
../Core/Src/freertos.c:674:6:Yaw_PID_resume	8	static
../Core/Src/freertos.c:679:6:BuzzerDelay	16	static
../Core/Src/freertos.c:684:6:BuzzerResume	8	static
../Core/Src/freertos.c:689:6:BuzzerSuspend	8	static
