Archive member included to satisfy reference by file (symbol)

E:/ST/STM32CubeIDE_1.16.0/STM32CubeIDE/plugins/com.st.stm32cube.ide.mcu.externaltools.gnu-tools-for-stm32.12.3.rel1.win32_1.0.200.202406191623/tools/bin/../lib/gcc/arm-none-eabi/12.3.1/../../../../arm-none-eabi/lib/thumb/v7e-m+fp/hard\libc_nano.a(libc_a-exit.o)
                              E:/ST/STM32CubeIDE_1.16.0/STM32CubeIDE/plugins/com.st.stm32cube.ide.mcu.externaltools.gnu-tools-for-stm32.12.3.rel1.win32_1.0.200.202406191623/tools/bin/../lib/gcc/arm-none-eabi/12.3.1/../../../../arm-none-eabi/lib/thumb/v7e-m+fp/hard/crt0.o (exit)
E:/ST/STM32CubeIDE_1.16.0/STM32CubeIDE/plugins/com.st.stm32cube.ide.mcu.externaltools.gnu-tools-for-stm32.12.3.rel1.win32_1.0.200.202406191623/tools/bin/../lib/gcc/arm-none-eabi/12.3.1/../../../../arm-none-eabi/lib/thumb/v7e-m+fp/hard\libc_nano.a(libc_a-malloc.o)
                              ./lib/src/my_list.o (malloc)
E:/ST/STM32CubeIDE_1.16.0/STM32CubeIDE/plugins/com.st.stm32cube.ide.mcu.externaltools.gnu-tools-for-stm32.12.3.rel1.win32_1.0.200.202406191623/tools/bin/../lib/gcc/arm-none-eabi/12.3.1/../../../../arm-none-eabi/lib/thumb/v7e-m+fp/hard\libc_nano.a(libc_a-mallocr.o)
                              E:/ST/STM32CubeIDE_1.16.0/STM32CubeIDE/plugins/com.st.stm32cube.ide.mcu.externaltools.gnu-tools-for-stm32.12.3.rel1.win32_1.0.200.202406191623/tools/bin/../lib/gcc/arm-none-eabi/12.3.1/../../../../arm-none-eabi/lib/thumb/v7e-m+fp/hard\libc_nano.a(libc_a-malloc.o) (_malloc_r)
E:/ST/STM32CubeIDE_1.16.0/STM32CubeIDE/plugins/com.st.stm32cube.ide.mcu.externaltools.gnu-tools-for-stm32.12.3.rel1.win32_1.0.200.202406191623/tools/bin/../lib/gcc/arm-none-eabi/12.3.1/../../../../arm-none-eabi/lib/thumb/v7e-m+fp/hard\libc_nano.a(libc_a-mlock.o)
                              E:/ST/STM32CubeIDE_1.16.0/STM32CubeIDE/plugins/com.st.stm32cube.ide.mcu.externaltools.gnu-tools-for-stm32.12.3.rel1.win32_1.0.200.202406191623/tools/bin/../lib/gcc/arm-none-eabi/12.3.1/../../../../arm-none-eabi/lib/thumb/v7e-m+fp/hard\libc_nano.a(libc_a-mallocr.o) (__malloc_lock)
E:/ST/STM32CubeIDE_1.16.0/STM32CubeIDE/plugins/com.st.stm32cube.ide.mcu.externaltools.gnu-tools-for-stm32.12.3.rel1.win32_1.0.200.202406191623/tools/bin/../lib/gcc/arm-none-eabi/12.3.1/../../../../arm-none-eabi/lib/thumb/v7e-m+fp/hard\libc_nano.a(libc_a-findfp.o)
                              E:/ST/STM32CubeIDE_1.16.0/STM32CubeIDE/plugins/com.st.stm32cube.ide.mcu.externaltools.gnu-tools-for-stm32.12.3.rel1.win32_1.0.200.202406191623/tools/bin/../lib/gcc/arm-none-eabi/12.3.1/../../../../arm-none-eabi/lib/thumb/v7e-m+fp/hard\libc_nano.a(libc_a-exit.o) (__stdio_exit_handler)
E:/ST/STM32CubeIDE_1.16.0/STM32CubeIDE/plugins/com.st.stm32cube.ide.mcu.externaltools.gnu-tools-for-stm32.12.3.rel1.win32_1.0.200.202406191623/tools/bin/../lib/gcc/arm-none-eabi/12.3.1/../../../../arm-none-eabi/lib/thumb/v7e-m+fp/hard\libc_nano.a(libc_a-fwalk.o)
                              E:/ST/STM32CubeIDE_1.16.0/STM32CubeIDE/plugins/com.st.stm32cube.ide.mcu.externaltools.gnu-tools-for-stm32.12.3.rel1.win32_1.0.200.202406191623/tools/bin/../lib/gcc/arm-none-eabi/12.3.1/../../../../arm-none-eabi/lib/thumb/v7e-m+fp/hard\libc_nano.a(libc_a-findfp.o) (_fwalk_sglue)
E:/ST/STM32CubeIDE_1.16.0/STM32CubeIDE/plugins/com.st.stm32cube.ide.mcu.externaltools.gnu-tools-for-stm32.12.3.rel1.win32_1.0.200.202406191623/tools/bin/../lib/gcc/arm-none-eabi/12.3.1/../../../../arm-none-eabi/lib/thumb/v7e-m+fp/hard\libc_nano.a(libc_a-sprintf.o)
                              ./Middlewares/Third_Party/FreeRTOS/Source/tasks.o (sprintf)
E:/ST/STM32CubeIDE_1.16.0/STM32CubeIDE/plugins/com.st.stm32cube.ide.mcu.externaltools.gnu-tools-for-stm32.12.3.rel1.win32_1.0.200.202406191623/tools/bin/../lib/gcc/arm-none-eabi/12.3.1/../../../../arm-none-eabi/lib/thumb/v7e-m+fp/hard\libc_nano.a(libc_a-stdio.o)
                              E:/ST/STM32CubeIDE_1.16.0/STM32CubeIDE/plugins/com.st.stm32cube.ide.mcu.externaltools.gnu-tools-for-stm32.12.3.rel1.win32_1.0.200.202406191623/tools/bin/../lib/gcc/arm-none-eabi/12.3.1/../../../../arm-none-eabi/lib/thumb/v7e-m+fp/hard\libc_nano.a(libc_a-findfp.o) (__sread)
E:/ST/STM32CubeIDE_1.16.0/STM32CubeIDE/plugins/com.st.stm32cube.ide.mcu.externaltools.gnu-tools-for-stm32.12.3.rel1.win32_1.0.200.202406191623/tools/bin/../lib/gcc/arm-none-eabi/12.3.1/../../../../arm-none-eabi/lib/thumb/v7e-m+fp/hard\libc_nano.a(libc_a-memset.o)
                              E:/ST/STM32CubeIDE_1.16.0/STM32CubeIDE/plugins/com.st.stm32cube.ide.mcu.externaltools.gnu-tools-for-stm32.12.3.rel1.win32_1.0.200.202406191623/tools/bin/../lib/gcc/arm-none-eabi/12.3.1/../../../../arm-none-eabi/lib/thumb/v7e-m+fp/hard/crt0.o (memset)
E:/ST/STM32CubeIDE_1.16.0/STM32CubeIDE/plugins/com.st.stm32cube.ide.mcu.externaltools.gnu-tools-for-stm32.12.3.rel1.win32_1.0.200.202406191623/tools/bin/../lib/gcc/arm-none-eabi/12.3.1/../../../../arm-none-eabi/lib/thumb/v7e-m+fp/hard\libc_nano.a(libc_a-closer.o)
[...]
Memory Configuration

Name             Origin             Length             Attributes
RAM              0x20000000         0x00010000         xrw
FLASH            0x08000000         0x00040000         xr
*default*        0x00000000         0xffffffff

Linker script and memory map

LOAD E:/ST/STM32CubeIDE_1.16.0/STM32CubeIDE/plugins/com.st.stm32cube.ide.mcu.externaltools.gnu-tools-for-stm32.12.3.rel1.win32_1.0.200.202406191623/tools/bin/../lib/gcc/arm-none-eabi/12.3.1/thumb/v7e-m+fp/hard/crti.o
LOAD E:/ST/STM32CubeIDE_1.16.0/STM32CubeIDE/plugins/com.st.stm32cube.ide.mcu.externaltools.gnu-tools-for-stm32.12.3.rel1.win32_1.0.200.202406191623/tools/bin/../lib/gcc/arm-none-eabi/12.3.1/thumb/v7e-m+fp/hard/crtbegin.o
LOAD E:/ST/STM32CubeIDE_1.16.0/STM32CubeIDE/plugins/com.st.stm32cube.ide.mcu.externaltools.gnu-tools-for-stm32.12.3.rel1.win32_1.0.200.202406191623/tools/bin/../lib/gcc/arm-none-eabi/12.3.1/../../../../arm-none-eabi/lib/thumb/v7e-m+fp/hard/crt0.o
LOAD ./APP_Layer/src/APP.o
LOAD ./APP_Layer/src/CAN_task.o
LOAD ./APP_Layer/src/Messages_Callbacks.o
LOAD ./Core/Src/freertos.o
LOAD ./Core/Src/gpio.o
LOAD ./Core/Src/main.o
LOAD ./Core/Src/spi.o
LOAD ./Core/Src/stm32f4xx_hal_msp.o
LOAD ./Core/Src/stm32f4xx_hal_timebase_tim.o
LOAD ./Core/Src/stm32f4xx_it.o
LOAD ./Core/Src/syscalls.o
LOAD ./Core/Src/sysmem.o
LOAD ./Core/Src/system_stm32f4xx.o
LOAD ./Core/Src/tim.o
LOAD ./Core/Src/usart.o
LOAD ./Core/Startup/startup_stm32f401rctx.o
LOAD ./Drivers/STM32F4xx_HAL_Driver/Src/stm32f4xx_hal.o
LOAD ./Drivers/STM32F4xx_HAL_Driver/Src/stm32f4xx_hal_cortex.o
LOAD ./Drivers/STM32F4xx_HAL_Driver/Src/stm32f4xx_hal_dma.o
LOAD ./Drivers/STM32F4xx_HAL_Driver/Src/stm32f4xx_hal_dma_ex.o
LOAD ./Drivers/STM32F4xx_HAL_Driver/Src/stm32f4xx_hal_exti.o
LOAD ./Drivers/STM32F4xx_HAL_Driver/Src/stm32f4xx_hal_flash.o
LOAD ./Drivers/STM32F4xx_HAL_Driver/Src/stm32f4xx_hal_flash_ex.o
LOAD ./Drivers/STM32F4xx_HAL_Driver/Src/stm32f4xx_hal_flash_ramfunc.o
LOAD ./Drivers/STM32F4xx_HAL_Driver/Src/stm32f4xx_hal_gpio.o
LOAD ./Drivers/STM32F4xx_HAL_Driver/Src/stm32f4xx_hal_pwr.o
LOAD ./Drivers/STM32F4xx_HAL_Driver/Src/stm32f4xx_hal_pwr_ex.o
LOAD ./Drivers/STM32F4xx_HAL_Driver/Src/stm32f4xx_hal_rcc.o
LOAD ./Drivers/STM32F4xx_HAL_Driver/Src/stm32f4xx_hal_rcc_ex.o
LOAD ./Drivers/STM32F4xx_HAL_Driver/Src/stm32f4xx_hal_spi.o
LOAD ./Drivers/STM32F4xx_HAL_Driver/Src/stm32f4xx_hal_tim.o
LOAD ./Drivers/STM32F4xx_HAL_Driver/Src/stm32f4xx_hal_tim_ex.o
LOAD ./Drivers/STM32F4xx_HAL_Driver/Src/stm32f4xx_hal_uart.o
LOAD ./ECU_Layer/src/CANSPI.o
LOAD ./ECU_Layer/src/MCP2515.o
LOAD ./ECU_Layer/src/ecu.o
LOAD ./ECU_Layer/src/encoder.o
LOAD ./ECU_Layer/src/monitoring.o
LOAD ./ECU_Layer/src/motor.o
LOAD ./ECU_Layer/src/robot.o
LOAD ./Middlewares/Third_Party/FreeRTOS/Source/CMSIS_RTOS_V2/cmsis_os2.o
LOAD ./Middlewares/Third_Party/FreeRTOS/Source/croutine.o
LOAD ./Middlewares/Third_Party/FreeRTOS/Source/event_groups.o
LOAD ./Middlewares/Third_Party/FreeRTOS/Source/list.o
LOAD ./Middlewares/Third_Party/FreeRTOS/Source/queue.o
LOAD ./Middlewares/Third_Party/FreeRTOS/Source/stream_buffer.o
LOAD ./Middlewares/Third_Party/FreeRTOS/Source/tasks.o
LOAD ./Middlewares/Third_Party/FreeRTOS/Source/timers.o
LOAD ./Middlewares/Third_Party/FreeRTOS/Source/portable/GCC/ARM_CM4F/port.o
LOAD ./Middlewares/Third_Party/FreeRTOS/Source/portable/MemMang/heap_4.o
LOAD ./lib/src/PID.o
LOAD ./lib/src/my_list.o
LOAD ./lib/src/my_queue.o
LOAD ./lib/src/my_stack.o
START GROUP
LOAD E:/ST/STM32CubeIDE_1.16.0/STM32CubeIDE/plugins/com.st.stm32cube.ide.mcu.externaltools.gnu-tools-for-stm32.12.3.rel1.win32_1.0.200.202406191623/tools/bin/../lib/gcc/arm-none-eabi/12.3.1/../../../../arm-none-eabi/lib/thumb/v7e-m+fp/hard\libc_nano.a
LOAD E:/ST/STM32CubeIDE_1.16.0/STM32CubeIDE/plugins/com.st.stm32cube.ide.mcu.externaltools.gnu-tools-for-stm32.12.3.rel1.win32_1.0.200.202406191623/tools/bin/../lib/gcc/arm-none-eabi/12.3.1/../../../../arm-none-eabi/lib/thumb/v7e-m+fp/hard\libm.a
END GROUP
START GROUP
LOAD E:/ST/STM32CubeIDE_1.16.0/STM32CubeIDE/plugins/com.st.stm32cube.ide.mcu.externaltools.gnu-tools-for-stm32.12.3.rel1.win32_1.0.200.202406191623/tools/bin/../lib/gcc/arm-none-eabi/12.3.1/thumb/v7e-m+fp/hard\libgcc.a
LOAD E:/ST/STM32CubeIDE_1.16.0/STM32CubeIDE/plugins/com.st.stm32cube.ide.mcu.externaltools.gnu-tools-for-stm32.12.3.rel1.win32_1.0.200.202406191623/tools/bin/../lib/gcc/arm-none-eabi/12.3.1/../../../../arm-none-eabi/lib/thumb/v7e-m+fp/hard\libc_nano.a
END GROUP
START GROUP
LOAD E:/ST/STM32CubeIDE_1.16.0/STM32CubeIDE/plugins/com.st.stm32cube.ide.mcu.externaltools.gnu-tools-for-stm32.12.3.rel1.win32_1.0.200.202406191623/tools/bin/../lib/gcc/arm-none-eabi/12.3.1/thumb/v7e-m+fp/hard\libgcc.a
LOAD E:/ST/STM32CubeIDE_1.16.0/STM32CubeIDE/plugins/com.st.stm32cube.ide.mcu.externaltools.gnu-tools-for-stm32.12.3.rel1.win32_1.0.200.202406191623/tools/bin/../lib/gcc/arm-none-eabi/12.3.1/../../../../arm-none-eabi/lib/thumb/v7e-m+fp/hard\libc_nano.a
LOAD E:/ST/STM32CubeIDE_1.16.0/STM32CubeIDE/plugins/com.st.stm32cube.ide.mcu.externaltools.gnu-tools-for-stm32.12.3.rel1.win32_1.0.200.202406191623/tools/bin/../lib/gcc/arm-none-eabi/12.3.1/../../../../arm-none-eabi/lib/thumb/v7e-m+fp/hard\libnosys.a
END GROUP
START GROUP
LOAD E:/ST/STM32CubeIDE_1.16.0/STM32CubeIDE/plugins/com.st.stm32cube.ide.mcu.externaltools.gnu-tools-for-stm32.12.3.rel1.win32_1.0.200.202406191623/tools/bin/../lib/gcc/arm-none-eabi/12.3.1/thumb/v7e-m+fp/hard\libgcc.a
LOAD E:/ST/STM32CubeIDE_1.16.0/STM32CubeIDE/plugins/com.st.stm32cube.ide.mcu.externaltools.gnu-tools-for-stm32.12.3.rel1.win32_1.0.200.202406191623/tools/bin/../lib/gcc/arm-none-eabi/12.3.1/../../../../arm-none-eabi/lib/thumb/v7e-m+fp/hard\libc_nano.a
LOAD E:/ST/STM32CubeIDE_1.16.0/STM32CubeIDE/plugins/com.st.stm32cube.ide.mcu.externaltools.gnu-tools-for-stm32.12.3.rel1.win32_1.0.200.202406191623/tools/bin/../lib/gcc/arm-none-eabi/12.3.1/../../../../arm-none-eabi/lib/thumb/v7e-m+fp/hard\libnosys.a
END GROUP
LOAD E:/ST/STM32CubeIDE_1.16.0/STM32CubeIDE/plugins/com.st.stm32cube.ide.mcu.externaltools.gnu-tools-for-stm32.12.3.rel1.win32_1.0.200.202406191623/tools/bin/../lib/gcc/arm-none-eabi/12.3.1/thumb/v7e-m+fp/hard/crtend.o
LOAD E:/ST/STM32CubeIDE_1.16.0/STM32CubeIDE/plugins/com.st.stm32cube.ide.mcu.externaltools.gnu-tools-for-stm32.12.3.rel1.win32_1.0.200.202406191623/tools/bin/../lib/gcc/arm-none-eabi/12.3.1/thumb/v7e-m+fp/hard/crtn.o
                0x20010000                        _estack = (ORIGIN (RAM) + LENGTH (RAM))
                0x00000200                        _Min_Heap_Size = 0x200
                0x00000400                        _Min_Stack_Size = 0x400

.isr_vector     0x08000000      0x194
                0x08000000                        . = ALIGN (0x4)
 *(.isr_vector)
 .isr_vector    0x08000000      0x194 ./Core/Startup/startup_stm32f401rctx.o
                0x08000000                g_pfnVectors
                0x08000194                        . = ALIGN (0x4)

.text           0x080001a0     0xca10
                0x080001a0                        . = ALIGN (0x4)
 *(.text)
 .text          0x080001a0       0x40 E:/ST/STM32CubeIDE_1.16.0/STM32CubeIDE/plugins/com.st.stm32cube.ide.mcu.externaltools.gnu-tools-for-stm32.12.3.rel1.win32_1.0.200.202406191623/tools/bin/../lib/gcc/arm-none-eabi/12.3.1/thumb/v7e-m+fp/hard/crtbegin.o
 .text          0x080001e0      0x378 E:/ST/STM32CubeIDE_1.16.0/STM32CubeIDE/plugins/com.st.stm32cube.ide.mcu.externaltools.gnu-tools-for-stm32.12.3.rel1.win32_1.0.200.202406191623/tools/bin/../lib/gcc/arm-none-eabi/12.3.1/thumb/v7e-m+fp/hard\libgcc.a(_arm_addsubdf3.o)
                0x080001e0                __aeabi_drsub
                0x080001e8                __aeabi_dsub
                0x080001e8                __subdf3
                0x080001ec                __aeabi_dadd
                0x080001ec                __adddf3
                0x08000464                __floatunsidf
                0x08000464                __aeabi_ui2d
                0x08000484                __floatsidf
                0x08000484                __aeabi_i2d
                0x080004a8                __aeabi_f2d
                0x080004a8                __extendsfdf2
                0x080004ec                __floatundidf
                0x080004ec                __aeabi_ul2d
                0x080004fc                __floatdidf
                0x080004fc                __aeabi_l2d
 .text          0x08000558      0x424 E:/ST/STM32CubeIDE_1.16.0/STM32CubeIDE/plugins/com.st.stm32cube.ide.mcu.externaltools.gnu-tools-for-stm32.12.3.rel1.win32_1.0.200.202406191623/tools/bin/../lib/gcc/arm-none-eabi/12.3.1/thumb/v7e-m+fp/hard\libgcc.a(_arm_muldivdf3.o)
                0x08000558                __aeabi_dmul
                0x08000558                __muldf3
                0x080007ac                __divdf3
                0x080007ac                __aeabi_ddiv
 .text          0x0800097c      0x110 E:/ST/STM32CubeIDE_1.16.0/STM32CubeIDE/plugins/com.st.stm32cube.ide.mcu.externaltools.gnu-tools-for-stm32.12.3.rel1.win32_1.0.200.202406191623/tools/bin/../lib/gcc/arm-none-eabi/12.3.1/thumb/v7e-m+fp/hard\libgcc.a(_arm_cmpdf2.o)
                0x0800097c                __gtdf2
                0x0800097c                __gedf2
                0x08000984                __ltdf2
                0x08000984                __ledf2
                0x0800098c                __nedf2
                0x0800098c                __eqdf2
                0x0800098c                __cmpdf2
                0x08000a08                __aeabi_cdrcmple
                0x08000a18                __aeabi_cdcmpeq
                0x08000a18                __aeabi_cdcmple
                0x08000a28                __aeabi_dcmpeq
                0x08000a3c                __aeabi_dcmplt
                0x08000a50                __aeabi_dcmple
                0x08000a64                __aeabi_dcmpge
                0x08000a78                __aeabi_dcmpgt
 .text          0x08000a8c       0x50 E:/ST/STM32CubeIDE_1.16.0/STM32CubeIDE/plugins/com.st.stm32cube.ide.mcu.externaltools.gnu-tools-for-stm32.12.3.rel1.win32_1.0.200.202406191623/tools/bin/../lib/gcc/arm-none-eabi/12.3.1/thumb/v7e-m+fp/hard\libgcc.a(_arm_fixdfsi.o)
                0x08000a8c                __aeabi_d2iz
                0x08000a8c                __fixdfsi
 .text          0x08000adc       0xa0 E:/ST/STM32CubeIDE_1.16.0/STM32CubeIDE/plugins/com.st.stm32cube.ide.mcu.externaltools.gnu-tools-for-stm32.12.3.rel1.win32_1.0.200.202406191623/tools/bin/../lib/gcc/arm-none-eabi/12.3.1/thumb/v7e-m+fp/hard\libgcc.a(_arm_truncdfsf2.o)
                0x08000adc                __truncdfsf2
                0x08000adc                __aeabi_d2f
 .text          0x08000b7c       0x30 E:/ST/STM32CubeIDE_1.16.0/STM32CubeIDE/plugins/com.st.stm32cube.ide.mcu.externaltools.gnu-tools-for-stm32.12.3.rel1.win32_1.0.200.202406191623/tools/bin/../lib/gcc/arm-none-eabi/12.3.1/thumb/v7e-m+fp/hard\libgcc.a(_aeabi_uldivmod.o)
                0x08000b7c                __aeabi_uldivmod
 .text          0x08000bac      0x2bc E:/ST/STM32CubeIDE_1.16.0/STM32CubeIDE/plugins/com.st.stm32cube.ide.mcu.externaltools.gnu-tools-for-stm32.12.3.rel1.win32_1.0.200.202406191623/tools/bin/../lib/gcc/arm-none-eabi/12.3.1/thumb/v7e-m+fp/hard\libgcc.a(_udivmoddi4.o)
                0x08000bac                __udivmoddi4
 .text          0x08000e68        0x4 E:/ST/STM32CubeIDE_1.16.0/STM32CubeIDE/plugins/com.st.stm32cube.ide.mcu.externaltools.gnu-tools-for-stm32.12.3.rel1.win32_1.0.200.202406191623/tools/bin/../lib/gcc/arm-none-eabi/12.3.1/thumb/v7e-m+fp/hard\libgcc.a(_dvmd_tls.o)
                0x08000e68                __aeabi_idiv0
                0x08000e68                __aeabi_ldiv0
 *(.text*)
 .text.CAN_task_init
                0x08000e6c       0x56 ./APP_Layer/src/CAN_task.o
                0x08000e6c                CAN_task_init
 .text.CAN_add_msg_rx
                0x08000ec2       0x36 ./APP_Layer/src/CAN_task.o
                0x08000ec2                CAN_add_msg_rx
 .text.CAN_rx_task
                0x08000ef8       0x8c ./APP_Layer/src/CAN_task.o
                0x08000ef8                CAN_rx_task
 .text.CAN_send_message
                0x08000f84       0x9e ./APP_Layer/src/CAN_task.o
                0x08000f84                CAN_send_message
 .text.find_msg_with_id
                0x08001022       0x2c ./APP_Layer/src/CAN_task.o
 *fill*         0x0800104e        0x2 
 .text.messages_init
                0x08001050       0x70 ./APP_Layer/src/Messages_Callbacks.o
                0x08001050                messages_init
 .text.msg_robot_strafe_clb
                0x080010c0       0x44 ./APP_Layer/src/Messages_Callbacks.o
 .text.msg_robot_rotate_clb
                0x08001104       0x44 ./APP_Layer/src/Messages_Callbacks.o
 .text.msg_robot_stop_clb
                0x08001148       0x28 ./APP_Layer/src/Messages_Callbacks.o
 .text.msg_robot_Wz_clb
                0x08001170       0x44 ./APP_Layer/src/Messages_Callbacks.o
 .text.msg_update_encoder_clb
                0x080011b4       0x40 ./APP_Layer/src/Messages_Callbacks.o
 .text.configureTimerForRunTimeStats
                0x080011f4        0xe ./Core/Src/freertos.o
                0x080011f4                configureTimerForRunTimeStats
 .text.getRunTimeCounterValue
                0x08001202       0x10 ./Core/Src/freertos.o
                0x08001202                getRunTimeCounterValue
 *fill*         0x08001212        0x2 
 .text.MX_FREERTOS_Init
                0x08001214       0xa0 ./Core/Src/freertos.o
                0x08001214                MX_FREERTOS_Init
 .text.PIDtask  0x080012b4       0x4c ./Core/Src/freertos.o
                0x080012b4                PIDtask
 .text.CANtask  0x08001300       0x68 ./Core/Src/freertos.o
                0x08001300                CANtask
 .text.EncoderTask
                0x08001368       0x94 ./Core/Src/freertos.o
                0x08001368                EncoderTask
 .text.HAL_GPIO_EXTI_Callback
                0x080013fc       0x28 ./Core/Src/freertos.o
                0x080013fc                HAL_GPIO_EXTI_Callback
 .text.MX_GPIO_Init
                0x08001424      0x160 ./Core/Src/gpio.o
                0x08001424                MX_GPIO_Init
 .text.main     0x08001584       0x44 ./Core/Src/main.o
                0x08001584                main
 .text.SystemClock_Config
                0x080015c8       0xd8 ./Core/Src/main.o
                0x080015c8                SystemClock_Config
 .text.HAL_TIM_PeriodElapsedCallback
                0x080016a0       0x24 ./Core/Src/main.o
                0x080016a0                HAL_TIM_PeriodElapsedCallback
 .text.Error_Handler
                0x080016c4        0xc ./Core/Src/main.o
                0x080016c4                Error_Handler
 .text.MX_SPI2_Init
                0x080016d0       0x6c ./Core/Src/spi.o
                0x080016d0                MX_SPI2_Init
 .text.HAL_SPI_MspInit
                0x0800173c       0x90 ./Core/Src/spi.o
                0x0800173c                HAL_SPI_MspInit
 .text.HAL_MspInit
                0x080017cc       0x58 ./Core/Src/stm32f4xx_hal_msp.o
                0x080017cc                HAL_MspInit
 .text.HAL_InitTick
                0x08001824       0xe4 ./Core/Src/stm32f4xx_hal_timebase_tim.o
                0x08001824                HAL_InitTick
 .text.NMI_Handler
                0x08001908        0xc ./Core/Src/stm32f4xx_it.o
                0x08001908                NMI_Handler
 .text.HardFault_Handler
                0x08001914        0x8 ./Core/Src/stm32f4xx_it.o
                0x08001914                HardFault_Handler
 .text.MemManage_Handler
                0x0800191c        0x8 ./Core/Src/stm32f4xx_it.o
                0x0800191c                MemManage_Handler
 .text.BusFault_Handler
                0x08001924        0x8 ./Core/Src/stm32f4xx_it.o
                0x08001924                BusFault_Handler
 .text.UsageFault_Handler
                0x0800192c        0x8 ./Core/Src/stm32f4xx_it.o
                0x0800192c                UsageFault_Handler
 .text.DebugMon_Handler
                0x08001934        0xe ./Core/Src/stm32f4xx_it.o
                0x08001934                DebugMon_Handler
 *fill*         0x08001942        0x2 
 .text.TIM1_UP_TIM10_IRQHandler
                0x08001944       0x1c ./Core/Src/stm32f4xx_it.o
                0x08001944                TIM1_UP_TIM10_IRQHandler
 .text.EXTI15_10_IRQHandler
                0x08001960       0x10 ./Core/Src/stm32f4xx_it.o
                0x08001960                EXTI15_10_IRQHandler
 .text._sbrk    0x08001970       0x6c ./Core/Src/sysmem.o
                0x08001970                _sbrk
 .text.SystemInit
                0x080019dc       0x24 ./Core/Src/system_stm32f4xx.o
                0x080019dc                SystemInit
 .text.MX_TIM1_Init
                0x08001a00       0xb0 ./Core/Src/tim.o
                0x08001a00                MX_TIM1_Init
 .text.MX_TIM2_Init
                0x08001ab0       0xa8 ./Core/Src/tim.o
                0x08001ab0                MX_TIM2_Init
 .text.MX_TIM3_Init
                0x08001b58       0xa8 ./Core/Src/tim.o
                0x08001b58                MX_TIM3_Init
 .text.MX_TIM4_Init
                0x08001c00       0xa8 ./Core/Src/tim.o
                0x08001c00                MX_TIM4_Init
 .text.MX_TIM5_Init
                0x08001ca8       0xc8 ./Core/Src/tim.o
                0x08001ca8                MX_TIM5_Init
 .text.MX_TIM9_Init
                0x08001d70       0x8c ./Core/Src/tim.o
                0x08001d70                MX_TIM9_Init
 .text.MX_TIM11_Init
                0x08001dfc       0x9c ./Core/Src/tim.o
                0x08001dfc                MX_TIM11_Init
 .text.HAL_TIM_Encoder_MspInit
                0x08001e98      0x218 ./Core/Src/tim.o
                0x08001e98                HAL_TIM_Encoder_MspInit
 .text.HAL_TIM_PWM_MspInit
                0x080020b0       0x70 ./Core/Src/tim.o
                0x080020b0                HAL_TIM_PWM_MspInit
 .text.HAL_TIM_Base_MspInit
                0x08002120       0x44 ./Core/Src/tim.o
                0x08002120                HAL_TIM_Base_MspInit
 .text.HAL_TIM_MspPostInit
                0x08002164      0x110 ./Core/Src/tim.o
                0x08002164                HAL_TIM_MspPostInit
 .text.MX_USART6_UART_Init
                0x08002274       0x54 ./Core/Src/usart.o
                0x08002274                MX_USART6_UART_Init
 .text.HAL_UART_MspInit
                0x080022c8       0x90 ./Core/Src/usart.o
                0x080022c8                HAL_UART_MspInit
 .text.Reset_Handler
                0x08002358       0x50 ./Core/Startup/startup_stm32f401rctx.o
                0x08002358                Reset_Handler
 .text.Default_Handler
                0x080023a8        0x2 ./Core/Startup/startup_stm32f401rctx.o
                0x080023a8                RTC_Alarm_IRQHandler
                0x080023a8                EXTI2_IRQHandler
                0x080023a8                SPI4_IRQHandler
                0x080023a8                TIM1_CC_IRQHandler
                0x080023a8                DMA2_Stream5_IRQHandler
                0x080023a8                DMA1_Stream5_IRQHandler
                0x080023a8                PVD_IRQHandler
                0x080023a8                SDIO_IRQHandler
                0x080023a8                TAMP_STAMP_IRQHandler
                0x080023a8                EXTI3_IRQHandler
                0x080023a8                I2C3_ER_IRQHandler
                0x080023a8                EXTI0_IRQHandler
                0x080023a8                I2C2_EV_IRQHandler
                0x080023a8                DMA1_Stream2_IRQHandler
                0x080023a8                FPU_IRQHandler
                0x080023a8                DMA2_Stream2_IRQHandler
                0x080023a8                SPI1_IRQHandler
                0x080023a8                TIM1_BRK_TIM9_IRQHandler
                0x080023a8                DMA2_Stream3_IRQHandler
                0x080023a8                USART6_IRQHandler
                0x080023a8                DMA2_Stream0_IRQHandler
                0x080023a8                TIM4_IRQHandler
                0x080023a8                I2C1_EV_IRQHandler
                0x080023a8                DMA1_Stream6_IRQHandler
                0x080023a8                DMA1_Stream1_IRQHandler
                0x080023a8                TIM3_IRQHandler
                0x080023a8                RCC_IRQHandler
                0x080023a8                Default_Handler
                0x080023a8                ADC_IRQHandler
                0x080023a8                DMA1_Stream7_IRQHandler
                0x080023a8                TIM5_IRQHandler
                0x080023a8                DMA2_Stream7_IRQHandler
                0x080023a8                I2C3_EV_IRQHandler
                0x080023a8                EXTI9_5_IRQHandler
                0x080023a8                RTC_WKUP_IRQHandler
                0x080023a8                SPI2_IRQHandler
                0x080023a8                DMA1_Stream0_IRQHandler
                0x080023a8                EXTI4_IRQHandler
                0x080023a8                WWDG_IRQHandler
                0x080023a8                TIM2_IRQHandler
                0x080023a8                OTG_FS_WKUP_IRQHandler
                0x080023a8                TIM1_TRG_COM_TIM11_IRQHandler
                0x080023a8                EXTI1_IRQHandler
                0x080023a8                USART2_IRQHandler
                0x080023a8                I2C2_ER_IRQHandler
                0x080023a8                DMA2_Stream1_IRQHandler
                0x080023a8                FLASH_IRQHandler
                0x080023a8                DMA2_Stream4_IRQHandler
                0x080023a8                USART1_IRQHandler
                0x080023a8                OTG_FS_IRQHandler
                0x080023a8                SPI3_IRQHandler
                0x080023a8                DMA1_Stream4_IRQHandler
                0x080023a8                I2C1_ER_IRQHandler
                0x080023a8                DMA2_Stream6_IRQHandler
                0x080023a8                DMA1_Stream3_IRQHandler
 *fill*         0x080023aa        0x2 
 .text.HAL_Init
                0x080023ac       0x44 ./Drivers/STM32F4xx_HAL_Driver/Src/stm32f4xx_hal.o
                0x080023ac                HAL_Init
 .text.HAL_IncTick
                0x080023f0       0x28 ./Drivers/STM32F4xx_HAL_Driver/Src/stm32f4xx_hal.o
                0x080023f0                HAL_IncTick
 .text.HAL_GetTick
                0x08002418       0x18 ./Drivers/STM32F4xx_HAL_Driver/Src/stm32f4xx_hal.o
                0x08002418                HAL_GetTick
 .text.__NVIC_SetPriorityGrouping
                0x08002430       0x48 ./Drivers/STM32F4xx_HAL_Driver/Src/stm32f4xx_hal_cortex.o
 .text.__NVIC_GetPriorityGrouping
                0x08002478       0x1c ./Drivers/STM32F4xx_HAL_Driver/Src/stm32f4xx_hal_cortex.o
 .text.__NVIC_EnableIRQ
                0x08002494       0x3c ./Drivers/STM32F4xx_HAL_Driver/Src/stm32f4xx_hal_cortex.o
 .text.__NVIC_SetPriority
                0x080024d0       0x54 ./Drivers/STM32F4xx_HAL_Driver/Src/stm32f4xx_hal_cortex.o
 .text.NVIC_EncodePriority
                0x08002524       0x66 ./Drivers/STM32F4xx_HAL_Driver/Src/stm32f4xx_hal_cortex.o
 .text.HAL_NVIC_SetPriorityGrouping
                0x0800258a       0x16 ./Drivers/STM32F4xx_HAL_Driver/Src/stm32f4xx_hal_cortex.o
                0x0800258a                HAL_NVIC_SetPriorityGrouping
 .text.HAL_NVIC_SetPriority
                0x080025a0       0x38 ./Drivers/STM32F4xx_HAL_Driver/Src/stm32f4xx_hal_cortex.o
                0x080025a0                HAL_NVIC_SetPriority
 .text.HAL_NVIC_EnableIRQ
                0x080025d8       0x1c ./Drivers/STM32F4xx_HAL_Driver/Src/stm32f4xx_hal_cortex.o
                0x080025d8                HAL_NVIC_EnableIRQ
 .text.HAL_GPIO_Init
                0x080025f4      0x308 ./Drivers/STM32F4xx_HAL_Driver/Src/stm32f4xx_hal_gpio.o
                0x080025f4                HAL_GPIO_Init
 .text.HAL_GPIO_WritePin
                0x080028fc       0x32 ./Drivers/STM32F4xx_HAL_Driver/Src/stm32f4xx_hal_gpio.o
                0x080028fc                HAL_GPIO_WritePin
 *fill*         0x0800292e        0x2 
 .text.HAL_GPIO_EXTI_IRQHandler
                0x08002930       0x30 ./Drivers/STM32F4xx_HAL_Driver/Src/stm32f4xx_hal_gpio.o
                0x08002930                HAL_GPIO_EXTI_IRQHandler
 .text.HAL_RCC_OscConfig
                0x08002960      0x4f0 ./Drivers/STM32F4xx_HAL_Driver/Src/stm32f4xx_hal_rcc.o
                0x08002960                HAL_RCC_OscConfig
 .text.HAL_RCC_ClockConfig
                0x08002e50      0x1cc ./Drivers/STM32F4xx_HAL_Driver/Src/stm32f4xx_hal_rcc.o
                0x08002e50                HAL_RCC_ClockConfig
 .text.HAL_RCC_EnableCSS
                0x0800301c       0x18 ./Drivers/STM32F4xx_HAL_Driver/Src/stm32f4xx_hal_rcc.o
                0x0800301c                HAL_RCC_EnableCSS
 .text.HAL_RCC_GetSysClockFreq
                0x08003034      0x18c ./Drivers/STM32F4xx_HAL_Driver/Src/stm32f4xx_hal_rcc.o
                0x08003034                HAL_RCC_GetSysClockFreq
 .text.HAL_RCC_GetHCLKFreq
                0x080031c0       0x18 ./Drivers/STM32F4xx_HAL_Driver/Src/stm32f4xx_hal_rcc.o
                0x080031c0                HAL_RCC_GetHCLKFreq
 .text.HAL_RCC_GetPCLK1Freq
                0x080031d8       0x28 ./Drivers/STM32F4xx_HAL_Driver/Src/stm32f4xx_hal_rcc.o
                0x080031d8                HAL_RCC_GetPCLK1Freq
 .text.HAL_RCC_GetPCLK2Freq
                0x08003200       0x28 ./Drivers/STM32F4xx_HAL_Driver/Src/stm32f4xx_hal_rcc.o
                0x08003200                HAL_RCC_GetPCLK2Freq
 .text.HAL_RCC_GetClockConfig
                0x08003228       0x64 ./Drivers/STM32F4xx_HAL_Driver/Src/stm32f4xx_hal_rcc.o
                0x08003228                HAL_RCC_GetClockConfig
 .text.HAL_RCC_NMI_IRQHandler
                0x0800328c       0x28 ./Drivers/STM32F4xx_HAL_Driver/Src/stm32f4xx_hal_rcc.o
                0x0800328c                HAL_RCC_NMI_IRQHandler
 .text.HAL_RCC_CSSCallback
                0x080032b4        0xe ./Drivers/STM32F4xx_HAL_Driver/Src/stm32f4xx_hal_rcc.o
                0x080032b4                HAL_RCC_CSSCallback
 *fill*         0x080032c2        0x2 
 .text.HAL_SPI_Init
                0x080032c4      0x178 ./Drivers/STM32F4xx_HAL_Driver/Src/stm32f4xx_hal_spi.o
                0x080032c4                HAL_SPI_Init
 .text.HAL_SPI_Transmit
                0x0800343c      0x288 ./Drivers/STM32F4xx_HAL_Driver/Src/stm32f4xx_hal_spi.o
                0x0800343c                HAL_SPI_Transmit
 .text.HAL_SPI_Receive
                0x080036c4      0x232 ./Drivers/STM32F4xx_HAL_Driver/Src/stm32f4xx_hal_spi.o
                0x080036c4                HAL_SPI_Receive
 .text.HAL_SPI_TransmitReceive
                0x080038f6      0x352 ./Drivers/STM32F4xx_HAL_Driver/Src/stm32f4xx_hal_spi.o
                0x080038f6                HAL_SPI_TransmitReceive
 .text.HAL_SPI_TxCpltCallback
                0x08003c48       0x14 ./Drivers/STM32F4xx_HAL_Driver/Src/stm32f4xx_hal_spi.o
                0x08003c48                HAL_SPI_TxCpltCallback
 .text.HAL_SPI_RxCpltCallback
                0x08003c5c       0x14 ./Drivers/STM32F4xx_HAL_Driver/Src/stm32f4xx_hal_spi.o
                0x08003c5c                HAL_SPI_RxCpltCallback
 .text.HAL_SPI_TxRxCpltCallback
                0x08003c70       0x14 ./Drivers/STM32F4xx_HAL_Driver/Src/stm32f4xx_hal_spi.o
                0x08003c70                HAL_SPI_TxRxCpltCallback
 .text.HAL_SPI_TxHalfCpltCallback
                0x08003c84       0x14 ./Drivers/STM32F4xx_HAL_Driver/Src/stm32f4xx_hal_spi.o
                0x08003c84                HAL_SPI_TxHalfCpltCallback
 .text.HAL_SPI_RxHalfCpltCallback
                0x08003c98       0x14 ./Drivers/STM32F4xx_HAL_Driver/Src/stm32f4xx_hal_spi.o
                0x08003c98                HAL_SPI_RxHalfCpltCallback
 .text.HAL_SPI_TxRxHalfCpltCallback
                0x08003cac       0x14 ./Drivers/STM32F4xx_HAL_Driver/Src/stm32f4xx_hal_spi.o
                0x08003cac                HAL_SPI_TxRxHalfCpltCallback
 .text.HAL_SPI_ErrorCallback
                0x08003cc0       0x14 ./Drivers/STM32F4xx_HAL_Driver/Src/stm32f4xx_hal_spi.o
                0x08003cc0                HAL_SPI_ErrorCallback
 .text.HAL_SPI_AbortCpltCallback
                0x08003cd4       0x14 ./Drivers/STM32F4xx_HAL_Driver/Src/stm32f4xx_hal_spi.o
                0x08003cd4                HAL_SPI_AbortCpltCallback
 .text.HAL_SPI_GetState
                0x08003ce8       0x1c ./Drivers/STM32F4xx_HAL_Driver/Src/stm32f4xx_hal_spi.o
                0x08003ce8                HAL_SPI_GetState
 .text.SPI_WaitFlagStateUntilTimeout
                0x08003d04      0x110 ./Drivers/STM32F4xx_HAL_Driver/Src/stm32f4xx_hal_spi.o
 .text.SPI_EndRxTransaction
                0x08003e14       0xca ./Drivers/STM32F4xx_HAL_Driver/Src/stm32f4xx_hal_spi.o
 *fill*         0x08003ede        0x2 
 .text.SPI_EndRxTxTransaction
                0x08003ee0       0xa8 ./Drivers/STM32F4xx_HAL_Driver/Src/stm32f4xx_hal_spi.o
 .text.HAL_TIM_Base_Init
                0x08003f88       0x9e ./Drivers/STM32F4xx_HAL_Driver/Src/stm32f4xx_hal_tim.o
                0x08003f88                HAL_TIM_Base_Init
 *fill*         0x08004026        0x2 
 .text.HAL_TIM_Base_Start_IT
                0x08004028       0xc4 ./Drivers/STM32F4xx_HAL_Driver/Src/stm32f4xx_hal_tim.o
                0x08004028                HAL_TIM_Base_Start_IT
 .text.HAL_TIM_PWM_Init
                0x080040ec       0x9e ./Drivers/STM32F4xx_HAL_Driver/Src/stm32f4xx_hal_tim.o
                0x080040ec                HAL_TIM_PWM_Init
 *fill*         0x0800418a        0x2 
 .text.HAL_TIM_PWM_Start
                0x0800418c      0x160 ./Drivers/STM32F4xx_HAL_Driver/Src/stm32f4xx_hal_tim.o
                0x0800418c                HAL_TIM_PWM_Start
 .text.HAL_TIM_Encoder_Init
                0x080042ec      0x14c ./Drivers/STM32F4xx_HAL_Driver/Src/stm32f4xx_hal_tim.o
                0x080042ec                HAL_TIM_Encoder_Init
 .text.HAL_TIM_Encoder_Start
                0x08004438      0x11c ./Drivers/STM32F4xx_HAL_Driver/Src/stm32f4xx_hal_tim.o
                0x08004438                HAL_TIM_Encoder_Start
 .text.HAL_TIM_IRQHandler
                0x08004554      0x1e0 ./Drivers/STM32F4xx_HAL_Driver/Src/stm32f4xx_hal_tim.o
                0x08004554                HAL_TIM_IRQHandler
 .text.HAL_TIM_PWM_ConfigChannel
                0x08004734      0x184 ./Drivers/STM32F4xx_HAL_Driver/Src/stm32f4xx_hal_tim.o
                0x08004734                HAL_TIM_PWM_ConfigChannel
 .text.HAL_TIM_OC_DelayElapsedCallback
                0x080048b8       0x14 ./Drivers/STM32F4xx_HAL_Driver/Src/stm32f4xx_hal_tim.o
                0x080048b8                HAL_TIM_OC_DelayElapsedCallback
 .text.HAL_TIM_IC_CaptureCallback
                0x080048cc       0x14 ./Drivers/STM32F4xx_HAL_Driver/Src/stm32f4xx_hal_tim.o
                0x080048cc                HAL_TIM_IC_CaptureCallback
 .text.HAL_TIM_PWM_PulseFinishedCallback
                0x080048e0       0x14 ./Drivers/STM32F4xx_HAL_Driver/Src/stm32f4xx_hal_tim.o
                0x080048e0                HAL_TIM_PWM_PulseFinishedCallback
 .text.HAL_TIM_TriggerCallback
                0x080048f4       0x14 ./Drivers/STM32F4xx_HAL_Driver/Src/stm32f4xx_hal_tim.o
                0x080048f4                HAL_TIM_TriggerCallback
 .text.TIM_Base_SetConfig
                0x08004908      0x118 ./Drivers/STM32F4xx_HAL_Driver/Src/stm32f4xx_hal_tim.o
                0x08004908                TIM_Base_SetConfig
 .text.TIM_OC1_SetConfig
                0x08004a20       0xcc ./Drivers/STM32F4xx_HAL_Driver/Src/stm32f4xx_hal_tim.o
 .text.TIM_OC2_SetConfig
                0x08004aec       0xd8 ./Drivers/STM32F4xx_HAL_Driver/Src/stm32f4xx_hal_tim.o
                0x08004aec                TIM_OC2_SetConfig
 .text.TIM_OC3_SetConfig
                0x08004bc4       0xd4 ./Drivers/STM32F4xx_HAL_Driver/Src/stm32f4xx_hal_tim.o
 .text.TIM_OC4_SetConfig
                0x08004c98       0xa0 ./Drivers/STM32F4xx_HAL_Driver/Src/stm32f4xx_hal_tim.o
 .text.TIM_CCxChannelCmd
                0x08004d38       0x4a ./Drivers/STM32F4xx_HAL_Driver/Src/stm32f4xx_hal_tim.o
                0x08004d38                TIM_CCxChannelCmd
 *fill*         0x08004d82        0x2 
 .text.HAL_TIMEx_MasterConfigSynchronization
                0x08004d84       0xdc ./Drivers/STM32F4xx_HAL_Driver/Src/stm32f4xx_hal_tim_ex.o
                0x08004d84                HAL_TIMEx_MasterConfigSynchronization
 .text.HAL_TIMEx_CommutCallback
                0x08004e60       0x14 ./Drivers/STM32F4xx_HAL_Driver/Src/stm32f4xx_hal_tim_ex.o
                0x08004e60                HAL_TIMEx_CommutCallback
 .text.HAL_TIMEx_BreakCallback
                0x08004e74       0x14 ./Drivers/STM32F4xx_HAL_Driver/Src/stm32f4xx_hal_tim_ex.o
                0x08004e74                HAL_TIMEx_BreakCallback
 .text.HAL_UART_Init
                0x08004e88       0xa0 ./Drivers/STM32F4xx_HAL_Driver/Src/stm32f4xx_hal_uart.o
                0x08004e88                HAL_UART_Init
 .text.UART_SetConfig
                0x08004f28      0x4e8 ./Drivers/STM32F4xx_HAL_Driver/Src/stm32f4xx_hal_uart.o
 .text.CANSPI_Initialize
                0x08005410      0x364 ./ECU_Layer/src/CANSPI.o
                0x08005410                CANSPI_Initialize
 .text.CANSPI_Transmit
                0x08005774      0x18c ./ECU_Layer/src/CANSPI.o
                0x08005774                CANSPI_Transmit
 .text.CANSPI_Receive
                0x08005900      0x17c ./ECU_Layer/src/CANSPI.o
                0x08005900                CANSPI_Receive
 .text.CANSPI_isBussOff
                0x08005a7c       0x50 ./ECU_Layer/src/CANSPI.o
                0x08005a7c                CANSPI_isBussOff
 .text.CANSPI_isTxErrorPassive
                0x08005acc       0x50 ./ECU_Layer/src/CANSPI.o
                0x08005acc                CANSPI_isTxErrorPassive
 .text.convertReg2ExtendedCANid
                0x08005b1c       0x7e ./ECU_Layer/src/CANSPI.o
 .text.convertReg2StandardCANid
                0x08005b9a       0x3c ./ECU_Layer/src/CANSPI.o
 .text.convertCANid2Reg
                0x08005bd6       0xb0 ./ECU_Layer/src/CANSPI.o
 *fill*         0x08005c86        0x2 
 .text.MCP2515_Initialize
                0x08005c88       0x58 ./ECU_Layer/src/MCP2515.o
                0x08005c88                MCP2515_Initialize
 .text.MCP2515_SetConfigMode
                0x08005ce0       0x76 ./ECU_Layer/src/MCP2515.o
                0x08005ce0                MCP2515_SetConfigMode
 .text.MCP2515_SetNormalMode
                0x08005d56       0x76 ./ECU_Layer/src/MCP2515.o
                0x08005d56                MCP2515_SetNormalMode
 .text.MCP2515_Reset
                0x08005dcc       0x50 ./ECU_Layer/src/MCP2515.o
                0x08005dcc                MCP2515_Reset
 .text.MCP2515_ReadByte
                0x08005e1c       0x88 ./ECU_Layer/src/MCP2515.o
                0x08005e1c                MCP2515_ReadByte
 .text.MCP2515_ReadRxSequence
                0x08005ea4       0x74 ./ECU_Layer/src/MCP2515.o
                0x08005ea4                MCP2515_ReadRxSequence
 .text.MCP2515_WriteByte
                0x08005f18       0x80 ./ECU_Layer/src/MCP2515.o
                0x08005f18                MCP2515_WriteByte
 .text.MCP2515_WriteByteSequence
                0x08005f98       0x90 ./ECU_Layer/src/MCP2515.o
                0x08005f98                MCP2515_WriteByteSequence
 .text.MCP2515_LoadTxSequence
                0x08006028       0x9c ./ECU_Layer/src/MCP2515.o
                0x08006028                MCP2515_LoadTxSequence
 .text.MCP2515_RequestToSend
                0x080060c4       0x58 ./ECU_Layer/src/MCP2515.o
                0x080060c4                MCP2515_RequestToSend
 .text.MCP2515_ReadStatus
                0x0800611c       0x70 ./ECU_Layer/src/MCP2515.o
                0x0800611c                MCP2515_ReadStatus
 .text.MCP2515_GetRxStatus
                0x0800618c       0x70 ./ECU_Layer/src/MCP2515.o
                0x0800618c                MCP2515_GetRxStatus
 .text.MCP2515_BitModify
                0x080061fc       0xa0 ./ECU_Layer/src/MCP2515.o
                0x080061fc                MCP2515_BitModify
 .text.SPI_Tx   0x0800629c       0x3e ./ECU_Layer/src/MCP2515.o
 .text.SPI_TxBuffer
                0x080062da       0x42 ./ECU_Layer/src/MCP2515.o
 .text.SPI_Rx   0x0800631c       0x4a ./ECU_Layer/src/MCP2515.o
 .text.SPI_RxBuffer
                0x08006366       0x42 ./ECU_Layer/src/MCP2515.o
 .text.encoder_init
                0x080063a8       0x5a ./ECU_Layer/src/encoder.o
                0x080063a8                encoder_init
 *fill*         0x08006402        0x6 
 .text.encoder_periodic_update
                0x08006408      0x170 ./ECU_Layer/src/encoder.o
                0x08006408                encoder_periodic_update
 .text.motor_init
                0x08006578       0x88 ./ECU_Layer/src/motor.o
                0x08006578                motor_init
 .text.motor_move_forward
                0x08006600       0x54 ./ECU_Layer/src/motor.o
                0x08006600                motor_move_forward
 .text.motor_move_backward
                0x08006654       0x54 ./ECU_Layer/src/motor.o
                0x08006654                motor_move_backward
 .text.motor_stop
                0x080066a8       0x54 ./ECU_Layer/src/motor.o
                0x080066a8                motor_stop
 .text.motor_change_speed
                0x080066fc       0xa0 ./ECU_Layer/src/motor.o
                0x080066fc                motor_change_speed
 *fill*         0x0800679c        0x4 
 .text.robot_manual_move
                0x080067a0      0x3f0 ./ECU_Layer/src/robot.o
                0x080067a0                robot_manual_move
 .text.robot_move
                0x08006b90      0x4d4 ./ECU_Layer/src/robot.o
                0x08006b90                robot_move
 *fill*         0x08007064        0x4 
 .text.robot_rotate
                0x08007068      0x464 ./ECU_Layer/src/robot.o
                0x08007068                robot_rotate
 .text.robot_stop
                0x080074cc       0xda ./ECU_Layer/src/robot.o
                0x080074cc                robot_stop
 *fill*         0x080075a6        0x2 
 .text.robot_init
                0x080075a8      0x274 ./ECU_Layer/src/robot.o
                0x080075a8                robot_init
 .text.robot_PID
                0x0800781c      0x2dc ./ECU_Layer/src/robot.o
                0x0800781c                robot_PID
 .text.__NVIC_SetPriority
                0x08007af8       0x54 ./Middlewares/Third_Party/FreeRTOS/Source/CMSIS_RTOS_V2/cmsis_os2.o
 .text.SysTick_Handler
                0x08007b4c       0x20 ./Middlewares/Third_Party/FreeRTOS/Source/CMSIS_RTOS_V2/cmsis_os2.o
                0x08007b4c                SysTick_Handler
 .text.SVC_Setup
                0x08007b6c       0x12 ./Middlewares/Third_Party/FreeRTOS/Source/CMSIS_RTOS_V2/cmsis_os2.o
 *fill*         0x08007b7e        0x2 
 .text.osKernelInitialize
                0x08007b80       0x48 ./Middlewares/Third_Party/FreeRTOS/Source/CMSIS_RTOS_V2/cmsis_os2.o
                0x08007b80                osKernelInitialize
 .text.osKernelStart
                0x08007bc8       0x4c ./Middlewares/Third_Party/FreeRTOS/Source/CMSIS_RTOS_V2/cmsis_os2.o
                0x08007bc8                osKernelStart
 .text.osThreadNew
                0x08007c14      0x124 ./Middlewares/Third_Party/FreeRTOS/Source/CMSIS_RTOS_V2/cmsis_os2.o
                0x08007c14                osThreadNew
 .text.osDelay  0x08007d38       0x36 ./Middlewares/Third_Party/FreeRTOS/Source/CMSIS_RTOS_V2/cmsis_os2.o
                0x08007d38                osDelay
 .text.osMutexNew
                0x08007d6e      0x10c ./Middlewares/Third_Party/FreeRTOS/Source/CMSIS_RTOS_V2/cmsis_os2.o
                0x08007d6e                osMutexNew
 .text.osMutexAcquire
                0x08007e7a       0x96 ./Middlewares/Third_Party/FreeRTOS/Source/CMSIS_RTOS_V2/cmsis_os2.o
                0x08007e7a                osMutexAcquire
 .text.osMutexRelease
                0x08007f10       0x7a ./Middlewares/Third_Party/FreeRTOS/Source/CMSIS_RTOS_V2/cmsis_os2.o
                0x08007f10                osMutexRelease
 .text.osSemaphoreNew
                0x08007f8a      0x112 ./Middlewares/Third_Party/FreeRTOS/Source/CMSIS_RTOS_V2/cmsis_os2.o
                0x08007f8a                osSemaphoreNew
 .text.osSemaphoreAcquire
                0x0800809c       0xa4 ./Middlewares/Third_Party/FreeRTOS/Source/CMSIS_RTOS_V2/cmsis_os2.o
                0x0800809c                osSemaphoreAcquire
 .text.osSemaphoreRelease
                0x08008140       0x88 ./Middlewares/Third_Party/FreeRTOS/Source/CMSIS_RTOS_V2/cmsis_os2.o
                0x08008140                osSemaphoreRelease
 .text.vApplicationGetIdleTaskMemory
                0x080081c8       0x34 ./Middlewares/Third_Party/FreeRTOS/Source/CMSIS_RTOS_V2/cmsis_os2.o
                0x080081c8                vApplicationGetIdleTaskMemory
 .text.vApplicationGetTimerTaskMemory
                0x080081fc       0x34 ./Middlewares/Third_Party/FreeRTOS/Source/CMSIS_RTOS_V2/cmsis_os2.o
                0x080081fc                vApplicationGetTimerTaskMemory
 .text.vListInitialise
                0x08008230       0x40 ./Middlewares/Third_Party/FreeRTOS/Source/list.o
                0x08008230                vListInitialise
 .text.vListInitialiseItem
                0x08008270       0x1a ./Middlewares/Third_Party/FreeRTOS/Source/list.o
                0x08008270                vListInitialiseItem
 .text.vListInsertEnd
                0x0800828a       0x48 ./Middlewares/Third_Party/FreeRTOS/Source/list.o
                0x0800828a                vListInsertEnd
 .text.vListInsert
                0x080082d2       0x72 ./Middlewares/Third_Party/FreeRTOS/Source/list.o
                0x080082d2                vListInsert
 .text.uxListRemove
                0x08008344       0x54 ./Middlewares/Third_Party/FreeRTOS/Source/list.o
                0x08008344                uxListRemove
 .text.xQueueGenericReset
                0x08008398       0xd4 ./Middlewares/Third_Party/FreeRTOS/Source/queue.o
                0x08008398                xQueueGenericReset
 .text.xQueueGenericCreateStatic
                0x0800846c       0xfa ./Middlewares/Third_Party/FreeRTOS/Source/queue.o
                0x0800846c                xQueueGenericCreateStatic
 .text.xQueueGenericCreate
                0x08008566       0x76 ./Middlewares/Third_Party/FreeRTOS/Source/queue.o
                0x08008566                xQueueGenericCreate
 .text.prvInitialiseNewQueue
                0x080085dc       0x46 ./Middlewares/Third_Party/FreeRTOS/Source/queue.o
 .text.prvInitialiseMutex
                0x08008622       0x34 ./Middlewares/Third_Party/FreeRTOS/Source/queue.o
 .text.xQueueCreateMutex
                0x08008656       0x30 ./Middlewares/Third_Party/FreeRTOS/Source/queue.o
                0x08008656                xQueueCreateMutex
 .text.xQueueCreateMutexStatic
                0x08008686       0x36 ./Middlewares/Third_Party/FreeRTOS/Source/queue.o
                0x08008686                xQueueCreateMutexStatic
 .text.xQueueGiveMutexRecursive
                0x080086bc       0x6a ./Middlewares/Third_Party/FreeRTOS/Source/queue.o
                0x080086bc                xQueueGiveMutexRecursive
 .text.xQueueTakeMutexRecursive
                0x08008726       0x6e ./Middlewares/Third_Party/FreeRTOS/Source/queue.o
                0x08008726                xQueueTakeMutexRecursive
 .text.xQueueCreateCountingSemaphoreStatic
                0x08008794       0x72 ./Middlewares/Third_Party/FreeRTOS/Source/queue.o
                0x08008794                xQueueCreateCountingSemaphoreStatic
 .text.xQueueCreateCountingSemaphore
                0x08008806       0x6a ./Middlewares/Third_Party/FreeRTOS/Source/queue.o
                0x08008806                xQueueCreateCountingSemaphore
 .text.xQueueGenericSend
                0x08008870      0x204 ./Middlewares/Third_Party/FreeRTOS/Source/queue.o
                0x08008870                xQueueGenericSend
 .text.xQueueGenericSendFromISR
                0x08008a74      0x13c ./Middlewares/Third_Party/FreeRTOS/Source/queue.o
                0x08008a74                xQueueGenericSendFromISR
 .text.xQueueGiveFromISR
                0x08008bb0      0x120 ./Middlewares/Third_Party/FreeRTOS/Source/queue.o
                0x08008bb0                xQueueGiveFromISR
 .text.xQueueReceive
                0x08008cd0      0x1c4 ./Middlewares/Third_Party/FreeRTOS/Source/queue.o
                0x08008cd0                xQueueReceive
 .text.xQueueSemaphoreTake
                0x08008e94      0x220 ./Middlewares/Third_Party/FreeRTOS/Source/queue.o
                0x08008e94                xQueueSemaphoreTake
 .text.xQueueReceiveFromISR
                0x080090b4      0x104 ./Middlewares/Third_Party/FreeRTOS/Source/queue.o
                0x080090b4                xQueueReceiveFromISR
 .text.vQueueDelete
                0x080091b8       0x48 ./Middlewares/Third_Party/FreeRTOS/Source/queue.o
                0x080091b8                vQueueDelete
 .text.prvGetDisinheritPriorityAfterTimeout
                0x08009200       0x30 ./Middlewares/Third_Party/FreeRTOS/Source/queue.o
 .text.prvCopyDataToQueue
                0x08009230       0xd4 ./Middlewares/Third_Party/FreeRTOS/Source/queue.o
 .text.prvCopyDataFromQueue
                0x08009304       0x4c ./Middlewares/Third_Party/FreeRTOS/Source/queue.o
 .text.prvUnlockQueue
                0x08009350       0xa4 ./Middlewares/Third_Party/FreeRTOS/Source/queue.o
 .text.prvIsQueueEmpty
                0x080093f4       0x2c ./Middlewares/Third_Party/FreeRTOS/Source/queue.o
 .text.prvIsQueueFull
                0x08009420       0x30 ./Middlewares/Third_Party/FreeRTOS/Source/queue.o
 .text.vQueueAddToRegistry
                0x08009450       0x54 ./Middlewares/Third_Party/FreeRTOS/Source/queue.o
                0x08009450                vQueueAddToRegistry
 .text.vQueueUnregisterQueue
                0x080094a4       0x54 ./Middlewares/Third_Party/FreeRTOS/Source/queue.o
                0x080094a4                vQueueUnregisterQueue
 .text.vQueueWaitForMessageRestricted
                0x080094f8       0x68 ./Middlewares/Third_Party/FreeRTOS/Source/queue.o
                0x080094f8                vQueueWaitForMessageRestricted
 .text.xTaskCreateStatic
                0x08009560       0xc0 ./Middlewares/Third_Party/FreeRTOS/Source/tasks.o
                0x08009560                xTaskCreateStatic
 .text.xTaskCreate
                0x08009620       0x8a ./Middlewares/Third_Party/FreeRTOS/Source/tasks.o
                0x08009620                xTaskCreate
 .text.prvInitialiseNewTask
                0x080096aa      0x12c ./Middlewares/Third_Party/FreeRTOS/Source/tasks.o
 *fill*         0x080097d6        0x2 
 .text.prvAddNewTaskToReadyList
                0x080097d8       0xe0 ./Middlewares/Third_Party/FreeRTOS/Source/tasks.o
 .text.vTaskDelay
                0x080098b8       0x6c ./Middlewares/Third_Party/FreeRTOS/Source/tasks.o
                0x080098b8                vTaskDelay
 .text.vTaskStartScheduler
                0x08009924       0xd4 ./Middlewares/Third_Party/FreeRTOS/Source/tasks.o
                0x08009924                vTaskStartScheduler
 .text.vTaskSuspendAll
                0x080099f8       0x1c ./Middlewares/Third_Party/FreeRTOS/Source/tasks.o
                0x080099f8                vTaskSuspendAll
 .text.xTaskResumeAll
                0x08009a14      0x13c ./Middlewares/Third_Party/FreeRTOS/Source/tasks.o
                0x08009a14                xTaskResumeAll
 .text.xTaskGetTickCount
                0x08009b50       0x20 ./Middlewares/Third_Party/FreeRTOS/Source/tasks.o
                0x08009b50                xTaskGetTickCount
 .text.xTaskIncrementTick
                0x08009b70      0x174 ./Middlewares/Third_Party/FreeRTOS/Source/tasks.o
                0x08009b70                xTaskIncrementTick
 .text.vTaskSwitchContext
                0x08009ce4       0xf4 ./Middlewares/Third_Party/FreeRTOS/Source/tasks.o
                0x08009ce4                vTaskSwitchContext
 .text.vTaskPlaceOnEventList
                0x08009dd8       0x4c ./Middlewares/Third_Party/FreeRTOS/Source/tasks.o
                0x08009dd8                vTaskPlaceOnEventList
 .text.vTaskPlaceOnEventListRestricted
                0x08009e24       0x58 ./Middlewares/Third_Party/FreeRTOS/Source/tasks.o
                0x08009e24                vTaskPlaceOnEventListRestricted
 .text.xTaskRemoveFromEventList
                0x08009e7c       0xc8 ./Middlewares/Third_Party/FreeRTOS/Source/tasks.o
                0x08009e7c                xTaskRemoveFromEventList
 .text.vTaskInternalSetTimeOutState
                0x08009f44       0x2c ./Middlewares/Third_Party/FreeRTOS/Source/tasks.o
                0x08009f44                vTaskInternalSetTimeOutState
 .text.xTaskCheckForTimeOut
                0x08009f70       0xc8 ./Middlewares/Third_Party/FreeRTOS/Source/tasks.o
                0x08009f70                xTaskCheckForTimeOut
 .text.vTaskMissedYield
                0x0800a038       0x18 ./Middlewares/Third_Party/FreeRTOS/Source/tasks.o
                0x0800a038                vTaskMissedYield
 .text.prvIdleTask
                0x0800a050       0x30 ./Middlewares/Third_Party/FreeRTOS/Source/tasks.o
 .text.prvInitialiseTaskLists
                0x0800a080       0x80 ./Middlewares/Third_Party/FreeRTOS/Source/tasks.o
 .text.prvCheckTasksWaitingTermination
                0x0800a100       0x5c ./Middlewares/Third_Party/FreeRTOS/Source/tasks.o
 .text.prvDeleteTCB
                0x0800a15c       0x60 ./Middlewares/Third_Party/FreeRTOS/Source/tasks.o
 .text.prvResetNextTaskUnblockTime
                0x0800a1bc       0x40 ./Middlewares/Third_Party/FreeRTOS/Source/tasks.o
 .text.xTaskGetCurrentTaskHandle
                0x0800a1fc       0x20 ./Middlewares/Third_Party/FreeRTOS/Source/tasks.o
                0x0800a1fc                xTaskGetCurrentTaskHandle
 .text.xTaskGetSchedulerState
                0x0800a21c       0x3c ./Middlewares/Third_Party/FreeRTOS/Source/tasks.o
                0x0800a21c                xTaskGetSchedulerState
 .text.xTaskPriorityInherit
                0x0800a258       0xd0 ./Middlewares/Third_Party/FreeRTOS/Source/tasks.o
                0x0800a258                xTaskPriorityInherit
 .text.xTaskPriorityDisinherit
                0x0800a328       0xe0 ./Middlewares/Third_Party/FreeRTOS/Source/tasks.o
                0x0800a328                xTaskPriorityDisinherit
 .text.vTaskPriorityDisinheritAfterTimeout
                0x0800a408      0x108 ./Middlewares/Third_Party/FreeRTOS/Source/tasks.o
                0x0800a408                vTaskPriorityDisinheritAfterTimeout
 .text.pvTaskIncrementMutexHeldCount
                0x0800a510       0x28 ./Middlewares/Third_Party/FreeRTOS/Source/tasks.o
                0x0800a510                pvTaskIncrementMutexHeldCount
 .text.prvAddCurrentTaskToDelayedList
                0x0800a538       0xa8 ./Middlewares/Third_Party/FreeRTOS/Source/tasks.o
 .text.xTimerCreateTimerTask
                0x0800a5e0       0x94 ./Middlewares/Third_Party/FreeRTOS/Source/timers.o
                0x0800a5e0                xTimerCreateTimerTask
 .text.xTimerGenericCommand
                0x0800a674       0x9c ./Middlewares/Third_Party/FreeRTOS/Source/timers.o
                0x0800a674                xTimerGenericCommand
 .text.prvProcessExpiredTimer
                0x0800a710       0x9c ./Middlewares/Third_Party/FreeRTOS/Source/timers.o
 .text.prvTimerTask
                0x0800a7ac       0x26 ./Middlewares/Third_Party/FreeRTOS/Source/timers.o
 *fill*         0x0800a7d2        0x2 
 .text.prvProcessTimerOrBlockTask
                0x0800a7d4       0x9c ./Middlewares/Third_Party/FreeRTOS/Source/timers.o
 .text.prvGetNextExpireTime
                0x0800a870       0x48 ./Middlewares/Third_Party/FreeRTOS/Source/timers.o
 .text.prvSampleTimeNow
                0x0800a8b8       0x40 ./Middlewares/Third_Party/FreeRTOS/Source/timers.o
 .text.prvInsertTimerInActiveList
                0x0800a8f8       0x84 ./Middlewares/Third_Party/FreeRTOS/Source/timers.o
 .text.prvProcessReceivedCommands
                0x0800a97c      0x1cc ./Middlewares/Third_Party/FreeRTOS/Source/timers.o
 .text.prvSwitchTimerLists
                0x0800ab48       0xcc ./Middlewares/Third_Party/FreeRTOS/Source/timers.o
 .text.prvCheckForValidListAndQueue
                0x0800ac14       0x80 ./Middlewares/Third_Party/FreeRTOS/Source/timers.o
 .text.pxPortInitialiseStack
                0x0800ac94       0x68 ./Middlewares/Third_Party/FreeRTOS/Source/portable/GCC/ARM_CM4F/port.o
                0x0800ac94                pxPortInitialiseStack
 .text.prvTaskExitError
                0x0800acfc       0x5c ./Middlewares/Third_Party/FreeRTOS/Source/portable/GCC/ARM_CM4F/port.o
 *fill*         0x0800ad58        0x8 
 .text.SVC_Handler
                0x0800ad60       0x28 ./Middlewares/Third_Party/FreeRTOS/Source/portable/GCC/ARM_CM4F/port.o
                0x0800ad60                SVC_Handler
 .text.prvPortStartFirstTask
                0x0800ad88       0x28 ./Middlewares/Third_Party/FreeRTOS/Source/portable/GCC/ARM_CM4F/port.o
 .text.xPortStartScheduler
                0x0800adb0      0x148 ./Middlewares/Third_Party/FreeRTOS/Source/portable/GCC/ARM_CM4F/port.o
                0x0800adb0                xPortStartScheduler
 .text.vPortEnterCritical
                0x0800aef8       0x64 ./Middlewares/Third_Party/FreeRTOS/Source/portable/GCC/ARM_CM4F/port.o
                0x0800aef8                vPortEnterCritical
 .text.vPortExitCritical
                0x0800af5c       0x54 ./Middlewares/Third_Party/FreeRTOS/Source/portable/GCC/ARM_CM4F/port.o
                0x0800af5c                vPortExitCritical
 .text.PendSV_Handler
                0x0800afb0       0x68 ./Middlewares/Third_Party/FreeRTOS/Source/portable/GCC/ARM_CM4F/port.o
                0x0800afb0                PendSV_Handler
 .text.xPortSysTickHandler
                0x0800b018       0x44 ./Middlewares/Third_Party/FreeRTOS/Source/portable/GCC/ARM_CM4F/port.o
                0x0800b018                xPortSysTickHandler
 .text.vPortSetupTimerInterrupt
                0x0800b05c       0x48 ./Middlewares/Third_Party/FreeRTOS/Source/portable/GCC/ARM_CM4F/port.o
                0x0800b05c                vPortSetupTimerInterrupt
 .text.vPortEnableVFP
                0x0800b0a4       0x14 ./Middlewares/Third_Party/FreeRTOS/Source/portable/GCC/ARM_CM4F/port.o
 .text.vPortValidateInterruptPriority
                0x0800b0b8       0x84 ./Middlewares/Third_Party/FreeRTOS/Source/portable/GCC/ARM_CM4F/port.o
                0x0800b0b8                vPortValidateInterruptPriority
 .text.pvPortMalloc
                0x0800b13c      0x19c ./Middlewares/Third_Party/FreeRTOS/Source/portable/MemMang/heap_4.o
                0x0800b13c                pvPortMalloc
 .text.vPortFree
                0x0800b2d8       0xc8 ./Middlewares/Third_Party/FreeRTOS/Source/portable/MemMang/heap_4.o
                0x0800b2d8                vPortFree
 .text.prvHeapInit
                0x0800b3a0       0xc4 ./Middlewares/Third_Party/FreeRTOS/Source/portable/MemMang/heap_4.o
 .text.prvInsertBlockIntoFreeList
                0x0800b464       0xb4 ./Middlewares/Third_Party/FreeRTOS/Source/portable/MemMang/heap_4.o
 .text.PID_Init
                0x0800b518       0x72 ./lib/src/PID.o
                0x0800b518                PID_Init
 .text.PID_Compute
                0x0800b58a      0x1b2 ./lib/src/PID.o
                0x0800b58a                PID_Compute
 .text.list_create
                0x0800b73c       0x38 ./lib/src/my_list.o
                0x0800b73c                list_create
 .text.list_append
                0x0800b774       0x70 ./lib/src/my_list.o
                0x0800b774                list_append
 .text.list_find
                0x0800b7e4       0x52 ./lib/src/my_list.o
                0x0800b7e4                list_find
 *fill*         0x0800b836        0x2 
 .text.malloc   0x0800b838       0x10 E:/ST/STM32CubeIDE_1.16.0/STM32CubeIDE/plugins/com.st.stm32cube.ide.mcu.externaltools.gnu-tools-for-stm32.12.3.rel1.win32_1.0.200.202406191623/tools/bin/../lib/gcc/arm-none-eabi/12.3.1/../../../../arm-none-eabi/lib/thumb/v7e-m+fp/hard\libc_nano.a(libc_a-malloc.o)
                0x0800b838                malloc
 .text.sbrk_aligned
                0x0800b848       0x44 E:/ST/STM32CubeIDE_1.16.0/STM32CubeIDE/plugins/com.st.stm32cube.ide.mcu.externaltools.gnu-tools-for-stm32.12.3.rel1.win32_1.0.200.202406191623/tools/bin/../lib/gcc/arm-none-eabi/12.3.1/../../../../arm-none-eabi/lib/thumb/v7e-m+fp/hard\libc_nano.a(libc_a-mallocr.o)
 .text._malloc_r
                0x0800b88c      0x100 E:/ST/STM32CubeIDE_1.16.0/STM32CubeIDE/plugins/com.st.stm32cube.ide.mcu.externaltools.gnu-tools-for-stm32.12.3.rel1.win32_1.0.200.202406191623/tools/bin/../lib/gcc/arm-none-eabi/12.3.1/../../../../arm-none-eabi/lib/thumb/v7e-m+fp/hard\libc_nano.a(libc_a-mallocr.o)
                0x0800b88c                _malloc_r
 .text.__malloc_lock
                0x0800b98c        0xc E:/ST/STM32CubeIDE_1.16.0/STM32CubeIDE/plugins/com.st.stm32cube.ide.mcu.externaltools.gnu-tools-for-stm32.12.3.rel1.win32_1.0.200.202406191623/tools/bin/../lib/gcc/arm-none-eabi/12.3.1/../../../../arm-none-eabi/lib/thumb/v7e-m+fp/hard\libc_nano.a(libc_a-mlock.o)
                0x0800b98c                __malloc_lock
 .text.__malloc_unlock
                0x0800b998        0xc E:/ST/STM32CubeIDE_1.16.0/STM32CubeIDE/plugins/com.st.stm32cube.ide.mcu.externaltools.gnu-tools-for-stm32.12.3.rel1.win32_1.0.200.202406191623/tools/bin/../lib/gcc/arm-none-eabi/12.3.1/../../../../arm-none-eabi/lib/thumb/v7e-m+fp/hard\libc_nano.a(libc_a-mlock.o)
                0x0800b998                __malloc_unlock
 .text.memset   0x0800b9a4       0x10 E:/ST/STM32CubeIDE_1.16.0/STM32CubeIDE/plugins/com.st.stm32cube.ide.mcu.externaltools.gnu-tools-for-stm32.12.3.rel1.win32_1.0.200.202406191623/tools/bin/../lib/gcc/arm-none-eabi/12.3.1/../../../../arm-none-eabi/lib/thumb/v7e-m+fp/hard\libc_nano.a(libc_a-memset.o)
                0x0800b9a4                memset
 .text._sbrk_r  0x0800b9b4       0x20 E:/ST/STM32CubeIDE_1.16.0/STM32CubeIDE/plugins/com.st.stm32cube.ide.mcu.externaltools.gnu-tools-for-stm32.12.3.rel1.win32_1.0.200.202406191623/tools/bin/../lib/gcc/arm-none-eabi/12.3.1/../../../../arm-none-eabi/lib/thumb/v7e-m+fp/hard\libc_nano.a(libc_a-sbrkr.o)
                0x0800b9b4                _sbrk_r
 .text.__errno  0x0800b9d4        0xc E:/ST/STM32CubeIDE_1.16.0/STM32CubeIDE/plugins/com.st.stm32cube.ide.mcu.externaltools.gnu-tools-for-stm32.12.3.rel1.win32_1.0.200.202406191623/tools/bin/../lib/gcc/arm-none-eabi/12.3.1/../../../../arm-none-eabi/lib/thumb/v7e-m+fp/hard\libc_nano.a(libc_a-errno.o)
                0x0800b9d4                __errno
 .text.__libc_init_array
                0x0800b9e0       0x48 E:/ST/STM32CubeIDE_1.16.0/STM32CubeIDE/plugins/com.st.stm32cube.ide.mcu.externaltools.gnu-tools-for-stm32.12.3.rel1.win32_1.0.200.202406191623/tools/bin/../lib/gcc/arm-none-eabi/12.3.1/../../../../arm-none-eabi/lib/thumb/v7e-m+fp/hard\libc_nano.a(libc_a-init.o)
                0x0800b9e0                __libc_init_array
 .text.__retarget_lock_acquire_recursive
                0x0800ba28        0x2 E:/ST/STM32CubeIDE_1.16.0/STM32CubeIDE/plugins/com.st.stm32cube.ide.mcu.externaltools.gnu-tools-for-stm32.12.3.rel1.win32_1.0.200.202406191623/tools/bin/../lib/gcc/arm-none-eabi/12.3.1/../../../../arm-none-eabi/lib/thumb/v7e-m+fp/hard\libc_nano.a(libc_a-lock.o)
                0x0800ba28                __retarget_lock_acquire_recursive
 .text.__retarget_lock_release_recursive
                0x0800ba2a        0x2 E:/ST/STM32CubeIDE_1.16.0/STM32CubeIDE/plugins/com.st.stm32cube.ide.mcu.externaltools.gnu-tools-for-stm32.12.3.rel1.win32_1.0.200.202406191623/tools/bin/../lib/gcc/arm-none-eabi/12.3.1/../../../../arm-none-eabi/lib/thumb/v7e-m+fp/hard\libc_nano.a(libc_a-lock.o)
                0x0800ba2a                __retarget_lock_release_recursive
 .text.memcpy   0x0800ba2c       0x1c E:/ST/STM32CubeIDE_1.16.0/STM32CubeIDE/plugins/com.st.stm32cube.ide.mcu.externaltools.gnu-tools-for-stm32.12.3.rel1.win32_1.0.200.202406191623/tools/bin/../lib/gcc/arm-none-eabi/12.3.1/../../../../arm-none-eabi/lib/thumb/v7e-m+fp/hard\libc_nano.a(libc_a-memcpy-stub.o)
                0x0800ba2c                memcpy
 .text.cos      0x0800ba48       0xa8 E:/ST/STM32CubeIDE_1.16.0/STM32CubeIDE/plugins/com.st.stm32cube.ide.mcu.externaltools.gnu-tools-for-stm32.12.3.rel1.win32_1.0.200.202406191623/tools/bin/../lib/gcc/arm-none-eabi/12.3.1/../../../../arm-none-eabi/lib/thumb/v7e-m+fp/hard\libm.a(libm_a-s_cos.o)
                0x0800ba48                cos
 .text.sin      0x0800baf0       0xa8 E:/ST/STM32CubeIDE_1.16.0/STM32CubeIDE/plugins/com.st.stm32cube.ide.mcu.externaltools.gnu-tools-for-stm32.12.3.rel1.win32_1.0.200.202406191623/tools/bin/../lib/gcc/arm-none-eabi/12.3.1/../../../../arm-none-eabi/lib/thumb/v7e-m+fp/hard\libm.a(libm_a-s_sin.o)
                0x0800baf0                sin
 .text.roundf   0x0800bb98       0x48 E:/ST/STM32CubeIDE_1.16.0/STM32CubeIDE/plugins/com.st.stm32cube.ide.mcu.externaltools.gnu-tools-for-stm32.12.3.rel1.win32_1.0.200.202406191623/tools/bin/../lib/gcc/arm-none-eabi/12.3.1/../../../../arm-none-eabi/lib/thumb/v7e-m+fp/hard\libm.a(libm_a-sf_round.o)
                0x0800bb98                roundf
 .text.__kernel_cos
                0x0800bbe0      0x18c E:/ST/STM32CubeIDE_1.16.0/STM32CubeIDE/plugins/com.st.stm32cube.ide.mcu.externaltools.gnu-tools-for-stm32.12.3.rel1.win32_1.0.200.202406191623/tools/bin/../lib/gcc/arm-none-eabi/12.3.1/../../../../arm-none-eabi/lib/thumb/v7e-m+fp/hard\libm.a(libm_a-k_cos.o)
                0x0800bbe0                __kernel_cos
 *fill*         0x0800bd6c        0x4 
 .text.__kernel_sin
                0x0800bd70      0x174 E:/ST/STM32CubeIDE_1.16.0/STM32CubeIDE/plugins/com.st.stm32cube.ide.mcu.externaltools.gnu-tools-for-stm32.12.3.rel1.win32_1.0.200.202406191623/tools/bin/../lib/gcc/arm-none-eabi/12.3.1/../../../../arm-none-eabi/lib/thumb/v7e-m+fp/hard\libm.a(libm_a-k_sin.o)
                0x0800bd70                __kernel_sin
 *fill*         0x0800bee4        0x4 
 .text.__ieee754_rem_pio2
                0x0800bee8      0x3f8 E:/ST/STM32CubeIDE_1.16.0/STM32CubeIDE/plugins/com.st.stm32cube.ide.mcu.externaltools.gnu-tools-for-stm32.12.3.rel1.win32_1.0.200.202406191623/tools/bin/../lib/gcc/arm-none-eabi/12.3.1/../../../../arm-none-eabi/lib/thumb/v7e-m+fp/hard\libm.a(libm_a-e_rem_pio2.o)
                0x0800bee8                __ieee754_rem_pio2
 .text.fabs     0x0800c2e0       0x10 E:/ST/STM32CubeIDE_1.16.0/STM32CubeIDE/plugins/com.st.stm32cube.ide.mcu.externaltools.gnu-tools-for-stm32.12.3.rel1.win32_1.0.200.202406191623/tools/bin/../lib/gcc/arm-none-eabi/12.3.1/../../../../arm-none-eabi/lib/thumb/v7e-m+fp/hard\libm.a(libm_a-s_fabs.o)
                0x0800c2e0                fabs
 .text.__kernel_rem_pio2
                0x0800c2f0      0x6b0 E:/ST/STM32CubeIDE_1.16.0/STM32CubeIDE/plugins/com.st.stm32cube.ide.mcu.externaltools.gnu-tools-for-stm32.12.3.rel1.win32_1.0.200.202406191623/tools/bin/../lib/gcc/arm-none-eabi/12.3.1/../../../../arm-none-eabi/lib/thumb/v7e-m+fp/hard\libm.a(libm_a-k_rem_pio2.o)
                0x0800c2f0                __kernel_rem_pio2
 .text.scalbn   0x0800c9a0       0xfc E:/ST/STM32CubeIDE_1.16.0/STM32CubeIDE/plugins/com.st.stm32cube.ide.mcu.externaltools.gnu-tools-for-stm32.12.3.rel1.win32_1.0.200.202406191623/tools/bin/../lib/gcc/arm-none-eabi/12.3.1/../../../../arm-none-eabi/lib/thumb/v7e-m+fp/hard\libm.a(libm_a-s_scalbn.o)
                0x0800c9a0                scalbn
 *fill*         0x0800ca9c        0x4 
 .text.floor    0x0800caa0       0xf8 E:/ST/STM32CubeIDE_1.16.0/STM32CubeIDE/plugins/com.st.stm32cube.ide.mcu.externaltools.gnu-tools-for-stm32.12.3.rel1.win32_1.0.200.202406191623/tools/bin/../lib/gcc/arm-none-eabi/12.3.1/../../../../arm-none-eabi/lib/thumb/v7e-m+fp/hard\libm.a(libm_a-s_floor.o)
                0x0800caa0                floor
 *(.glue_7)
 .glue_7        0x0800cb98        0x0 linker stubs
 *(.glue_7t)
 .glue_7t       0x0800cb98        0x0 linker stubs
 *(.eh_frame)
 .eh_frame      0x0800cb98        0x0 E:/ST/STM32CubeIDE_1.16.0/STM32CubeIDE/plugins/com.st.stm32cube.ide.mcu.externaltools.gnu-tools-for-stm32.12.3.rel1.win32_1.0.200.202406191623/tools/bin/../lib/gcc/arm-none-eabi/12.3.1/thumb/v7e-m+fp/hard/crtbegin.o
 *(.init)
 .init          0x0800cb98        0x4 E:/ST/STM32CubeIDE_1.16.0/STM32CubeIDE/plugins/com.st.stm32cube.ide.mcu.externaltools.gnu-tools-for-stm32.12.3.rel1.win32_1.0.200.202406191623/tools/bin/../lib/gcc/arm-none-eabi/12.3.1/thumb/v7e-m+fp/hard/crti.o
                0x0800cb98                _init
 .init          0x0800cb9c        0x8 E:/ST/STM32CubeIDE_1.16.0/STM32CubeIDE/plugins/com.st.stm32cube.ide.mcu.externaltools.gnu-tools-for-stm32.12.3.rel1.win32_1.0.200.202406191623/tools/bin/../lib/gcc/arm-none-eabi/12.3.1/thumb/v7e-m+fp/hard/crtn.o
 *(.fini)
 .fini          0x0800cba4        0x4 E:/ST/STM32CubeIDE_1.16.0/STM32CubeIDE/plugins/com.st.stm32cube.ide.mcu.externaltools.gnu-tools-for-stm32.12.3.rel1.win32_1.0.200.202406191623/tools/bin/../lib/gcc/arm-none-eabi/12.3.1/thumb/v7e-m+fp/hard/crti.o
                0x0800cba4                _fini
 .fini          0x0800cba8        0x8 E:/ST/STM32CubeIDE_1.16.0/STM32CubeIDE/plugins/com.st.stm32cube.ide.mcu.externaltools.gnu-tools-for-stm32.12.3.rel1.win32_1.0.200.202406191623/tools/bin/../lib/gcc/arm-none-eabi/12.3.1/thumb/v7e-m+fp/hard/crtn.o
                0x0800cbb0                        . = ALIGN (0x4)
                0x0800cbb0                        _etext = .

.vfp11_veneer   0x0800cbb0        0x0
 .vfp11_veneer  0x0800cbb0        0x0 linker stubs

.v4_bx          0x0800cbb0        0x0
 .v4_bx         0x0800cbb0        0x0 linker stubs

.iplt           0x0800cbb0        0x0
 .iplt          0x0800cbb0        0x0 E:/ST/STM32CubeIDE_1.16.0/STM32CubeIDE/plugins/com.st.stm32cube.ide.mcu.externaltools.gnu-tools-for-stm32.12.3.rel1.win32_1.0.200.202406191623/tools/bin/../lib/gcc/arm-none-eabi/12.3.1/thumb/v7e-m+fp/hard/crtbegin.o

.rodata         0x0800cbb0      0x320
                0x0800cbb0                        . = ALIGN (0x4)
 *(.rodata)
 .rodata        0x0800cbb0       0x4d ./Core/Src/freertos.o
 *fill*         0x0800cbfd        0x3 
 .rodata        0x0800cc00        0x3 ./ECU_Layer/src/CANSPI.o
 *fill*         0x0800cc03        0x1 
 .rodata        0x0800cc04       0x30 ./Middlewares/Third_Party/FreeRTOS/Source/tasks.o
 .rodata        0x0800cc34        0xd ./Middlewares/Third_Party/FreeRTOS/Source/timers.o
 *(.rodata*)
 *fill*         0x0800cc41        0x3 
 .rodata.PID_task_attributes
                0x0800cc44       0x24 ./Core/Src/freertos.o
                0x0800cc44                PID_task_attributes
 .rodata.CAN_task_attributes
                0x0800cc68       0x24 ./Core/Src/freertos.o
                0x0800cc68                CAN_task_attributes
 .rodata.Encoder_task_attributes
                0x0800cc8c       0x24 ./Core/Src/freertos.o
                0x0800cc8c                Encoder_task_attributes
 .rodata.CAN_mutex_attributes
                0x0800ccb0       0x10 ./Core/Src/freertos.o
                0x0800ccb0                CAN_mutex_attributes
 .rodata.ROBOT_INITsema_attributes
                0x0800ccc0       0x10 ./Core/Src/freertos.o
                0x0800ccc0                ROBOT_INITsema_attributes
 .rodata.CAN_sema_attributes
                0x0800ccd0       0x10 ./Core/Src/freertos.o
                0x0800ccd0                CAN_sema_attributes
 .rodata.AHBPrescTable
                0x0800cce0       0x10 ./Core/Src/system_stm32f4xx.o
                0x0800cce0                AHBPrescTable
 .rodata.APBPrescTable
                0x0800ccf0        0x8 ./Core/Src/system_stm32f4xx.o
                0x0800ccf0                APBPrescTable
 .rodata.npio2_hw
                0x0800ccf8       0x80 E:/ST/STM32CubeIDE_1.16.0/STM32CubeIDE/plugins/com.st.stm32cube.ide.mcu.externaltools.gnu-tools-for-stm32.12.3.rel1.win32_1.0.200.202406191623/tools/bin/../lib/gcc/arm-none-eabi/12.3.1/../../../../arm-none-eabi/lib/thumb/v7e-m+fp/hard\libm.a(libm_a-e_rem_pio2.o)
 .rodata.two_over_pi
                0x0800cd78      0x108 E:/ST/STM32CubeIDE_1.16.0/STM32CubeIDE/plugins/com.st.stm32cube.ide.mcu.externaltools.gnu-tools-for-stm32.12.3.rel1.win32_1.0.200.202406191623/tools/bin/../lib/gcc/arm-none-eabi/12.3.1/../../../../arm-none-eabi/lib/thumb/v7e-m+fp/hard\libm.a(libm_a-e_rem_pio2.o)
 .rodata.PIo2   0x0800ce80       0x40 E:/ST/STM32CubeIDE_1.16.0/STM32CubeIDE/plugins/com.st.stm32cube.ide.mcu.externaltools.gnu-tools-for-stm32.12.3.rel1.win32_1.0.200.202406191623/tools/bin/../lib/gcc/arm-none-eabi/12.3.1/../../../../arm-none-eabi/lib/thumb/v7e-m+fp/hard\libm.a(libm_a-k_rem_pio2.o)
 .rodata.init_jk
                0x0800cec0       0x10 E:/ST/STM32CubeIDE_1.16.0/STM32CubeIDE/plugins/com.st.stm32cube.ide.mcu.externaltools.gnu-tools-for-stm32.12.3.rel1.win32_1.0.200.202406191623/tools/bin/../lib/gcc/arm-none-eabi/12.3.1/../../../../arm-none-eabi/lib/thumb/v7e-m+fp/hard\libm.a(libm_a-k_rem_pio2.o)
                0x0800ced0                        . = ALIGN (0x4)

.ARM.extab      0x0800ced0        0x0
                0x0800ced0                        . = ALIGN (0x4)
 *(.ARM.extab* .gnu.linkonce.armextab.*)
                0x0800ced0                        . = ALIGN (0x4)

.ARM            0x0800ced0        0x8
                0x0800ced0                        . = ALIGN (0x4)
                0x0800ced0                        __exidx_start = .
 *(.ARM.exidx*)
 .ARM.exidx     0x0800ced0        0x8 E:/ST/STM32CubeIDE_1.16.0/STM32CubeIDE/plugins/com.st.stm32cube.ide.mcu.externaltools.gnu-tools-for-stm32.12.3.rel1.win32_1.0.200.202406191623/tools/bin/../lib/gcc/arm-none-eabi/12.3.1/thumb/v7e-m+fp/hard\libgcc.a(_udivmoddi4.o)
                0x0800ced8                        __exidx_end = .
                0x0800ced8                        . = ALIGN (0x4)

.preinit_array  0x0800ced8        0x0
                0x0800ced8                        . = ALIGN (0x4)
                0x0800ced8                        PROVIDE (__preinit_array_start = .)
 *(.preinit_array*)
                0x0800ced8                        PROVIDE (__preinit_array_end = .)
                0x0800ced8                        . = ALIGN (0x4)

.init_array     0x0800ced8        0x4
                0x0800ced8                        . = ALIGN (0x4)
                0x0800ced8                        PROVIDE (__init_array_start = .)
 *(SORT_BY_NAME(.init_array.*))
 *(.init_array*)
 .init_array    0x0800ced8        0x4 E:/ST/STM32CubeIDE_1.16.0/STM32CubeIDE/plugins/com.st.stm32cube.ide.mcu.externaltools.gnu-tools-for-stm32.12.3.rel1.win32_1.0.200.202406191623/tools/bin/../lib/gcc/arm-none-eabi/12.3.1/thumb/v7e-m+fp/hard/crtbegin.o
                0x0800cedc                        PROVIDE (__init_array_end = .)
                0x0800cedc                        . = ALIGN (0x4)

.fini_array     0x0800cedc        0x4
                0x0800cedc                        . = ALIGN (0x4)
                [!provide]                        PROVIDE (__fini_array_start = .)
 *(SORT_BY_NAME(.fini_array.*))
 *(.fini_array*)
 .fini_array    0x0800cedc        0x4 E:/ST/STM32CubeIDE_1.16.0/STM32CubeIDE/plugins/com.st.stm32cube.ide.mcu.externaltools.gnu-tools-for-stm32.12.3.rel1.win32_1.0.200.202406191623/tools/bin/../lib/gcc/arm-none-eabi/12.3.1/thumb/v7e-m+fp/hard/crtbegin.o
                [!provide]                        PROVIDE (__fini_array_end = .)
                0x0800cee0                        . = ALIGN (0x4)
                0x0800cee0                        _sidata = LOADADDR (.data)

.rel.dyn        0x0800cee0        0x0
 .rel.iplt      0x0800cee0        0x0 E:/ST/STM32CubeIDE_1.16.0/STM32CubeIDE/plugins/com.st.stm32cube.ide.mcu.externaltools.gnu-tools-for-stm32.12.3.rel1.win32_1.0.200.202406191623/tools/bin/../lib/gcc/arm-none-eabi/12.3.1/thumb/v7e-m+fp/hard/crtbegin.o

.data           0x20000000      0x27c load address 0x0800cee0
                0x20000000                        . = ALIGN (0x4)
                0x20000000                        _sdata = .
 *(.data)
 *(.data*)
 .data.Main_CAN
                0x20000000        0x8 ./APP_Layer/src/APP.o
                0x20000000                Main_CAN
 .data.msg_robot_strafe
                0x20000008       0x1c ./APP_Layer/src/Messages_Callbacks.o
                0x20000008                msg_robot_strafe
 .data.msg_robot_rotate
                0x20000024       0x1c ./APP_Layer/src/Messages_Callbacks.o
                0x20000024                msg_robot_rotate
 .data.msg_robot_stop
                0x20000040       0x1c ./APP_Layer/src/Messages_Callbacks.o
                0x20000040                msg_robot_stop
 .data.msg_robot_Wz
                0x2000005c       0x1c ./APP_Layer/src/Messages_Callbacks.o
                0x2000005c                msg_robot_Wz
 .data.msg_update_encoder
                0x20000078       0x1c ./APP_Layer/src/Messages_Callbacks.o
                0x20000078                msg_update_encoder
 .data.SystemCoreClock
                0x20000094        0x4 ./Core/Src/system_stm32f4xx.o
                0x20000094                SystemCoreClock
 .data.uwTickPrio
                0x20000098        0x4 ./Drivers/STM32F4xx_HAL_Driver/Src/stm32f4xx_hal.o
                0x20000098                uwTickPrio
 .data.uwTickFreq
                0x2000009c        0x1 ./Drivers/STM32F4xx_HAL_Driver/Src/stm32f4xx_hal.o
                0x2000009c                uwTickFreq
 *fill*         0x2000009d        0x3 
 .data.ADAS_ROBOT
                0x200000a0      0x16c ./ECU_Layer/src/ecu.o
                0x200000a0                ADAS_ROBOT
 .data.CAN      0x2000020c        0x8 ./ECU_Layer/src/ecu.o
                0x2000020c                CAN
 .data.MaxClibratedSpeed
                0x20000214        0x4 ./ECU_Layer/src/motor.o
                0x20000214                MaxClibratedSpeed
 .data.Kp       0x20000218        0x4 ./ECU_Layer/src/robot.o
 .data.Ki       0x2000021c        0x4 ./ECU_Layer/src/robot.o
 .data.Kd       0x20000220        0x4 ./ECU_Layer/src/robot.o
 .data.N        0x20000224        0x4 ./ECU_Layer/src/robot.o
 .data.uxCriticalNesting
                0x20000228        0x4 ./Middlewares/Third_Party/FreeRTOS/Source/portable/GCC/ARM_CM4F/port.o
 .data._impure_ptr
                0x2000022c        0x4 E:/ST/STM32CubeIDE_1.16.0/STM32CubeIDE/plugins/com.st.stm32cube.ide.mcu.externaltools.gnu-tools-for-stm32.12.3.rel1.win32_1.0.200.202406191623/tools/bin/../lib/gcc/arm-none-eabi/12.3.1/../../../../arm-none-eabi/lib/thumb/v7e-m+fp/hard\libc_nano.a(libc_a-impure.o)
                0x2000022c                _impure_ptr
 .data._impure_data
                0x20000230       0x4c E:/ST/STM32CubeIDE_1.16.0/STM32CubeIDE/plugins/com.st.stm32cube.ide.mcu.externaltools.gnu-tools-for-stm32.12.3.rel1.win32_1.0.200.202406191623/tools/bin/../lib/gcc/arm-none-eabi/12.3.1/../../../../arm-none-eabi/lib/thumb/v7e-m+fp/hard\libc_nano.a(libc_a-impure.o)
                0x20000230                _impure_data
 *(.RamFunc)
 *(.RamFunc*)
                0x2000027c                        . = ALIGN (0x4)
                0x2000027c                        _edata = .

.igot.plt       0x2000027c        0x0 load address 0x0800d15c
 .igot.plt      0x2000027c        0x0 E:/ST/STM32CubeIDE_1.16.0/STM32CubeIDE/plugins/com.st.stm32cube.ide.mcu.externaltools.gnu-tools-for-stm32.12.3.rel1.win32_1.0.200.202406191623/tools/bin/../lib/gcc/arm-none-eabi/12.3.1/thumb/v7e-m+fp/hard/crtbegin.o
                0x2000027c                        . = ALIGN (0x4)

.bss            0x2000027c     0xda28 load address 0x0800d15c
                0x2000027c                        _sbss = .
                0x2000027c                        __bss_start__ = _sbss
 *(.bss)
 .bss           0x2000027c       0x1c E:/ST/STM32CubeIDE_1.16.0/STM32CubeIDE/plugins/com.st.stm32cube.ide.mcu.externaltools.gnu-tools-for-stm32.12.3.rel1.win32_1.0.200.202406191623/tools/bin/../lib/gcc/arm-none-eabi/12.3.1/thumb/v7e-m+fp/hard/crtbegin.o
 *(.bss*)
 .bss.EncoderLeftTemp
                0x20000298        0x4 ./APP_Layer/src/APP.o
                0x20000298                EncoderLeftTemp
 .bss.EncoderRightTemp
                0x2000029c        0x4 ./APP_Layer/src/APP.o
                0x2000029c                EncoderRightTemp
 .bss.PID_taskHandle
                0x200002a0        0x4 ./Core/Src/freertos.o
                0x200002a0                PID_taskHandle
 .bss.CAN_taskHandle
                0x200002a4        0x4 ./Core/Src/freertos.o
                0x200002a4                CAN_taskHandle
 .bss.Encoder_taskHandle
                0x200002a8        0x4 ./Core/Src/freertos.o
                0x200002a8                Encoder_taskHandle
 .bss.CAN_mutexHandle
                0x200002ac        0x4 ./Core/Src/freertos.o
                0x200002ac                CAN_mutexHandle
 .bss.ROBOT_INITsemaHandle
                0x200002b0        0x4 ./Core/Src/freertos.o
                0x200002b0                ROBOT_INITsemaHandle
 .bss.CAN_semaHandle
                0x200002b4        0x4 ./Core/Src/freertos.o
                0x200002b4                CAN_semaHandle
 .bss.hspi2     0x200002b8       0x80 ./Core/Src/spi.o
                0x200002b8                hspi2
 .bss.htim10    0x20000338       0x48 ./Core/Src/stm32f4xx_hal_timebase_tim.o
                0x20000338                htim10
 .bss.__sbrk_heap_end
                0x20000380        0x4 ./Core/Src/sysmem.o
 .bss.htim1     0x20000384       0x48 ./Core/Src/tim.o
                0x20000384                htim1
 .bss.htim2     0x200003cc       0x48 ./Core/Src/tim.o
                0x200003cc                htim2
 .bss.htim3     0x20000414       0x48 ./Core/Src/tim.o
                0x20000414                htim3
 .bss.htim4     0x2000045c       0x48 ./Core/Src/tim.o
                0x2000045c                htim4
 .bss.htim5     0x200004a4       0x48 ./Core/Src/tim.o
                0x200004a4                htim5
 .bss.htim9     0x200004ec       0x48 ./Core/Src/tim.o
                0x200004ec                htim9
 .bss.htim11    0x20000534       0x48 ./Core/Src/tim.o
                0x20000534                htim11
 .bss.huart6    0x2000057c       0x48 ./Core/Src/usart.o
                0x2000057c                huart6
 .bss.uwTick    0x200005c4        0x4 ./Drivers/STM32F4xx_HAL_Driver/Src/stm32f4xx_hal.o
                0x200005c4                uwTick
 .bss.ctrlStatus
                0x200005c8        0x4 ./ECU_Layer/src/CANSPI.o
                0x200005c8                ctrlStatus
 .bss.errorStatus
                0x200005cc        0x4 ./ECU_Layer/src/CANSPI.o
                0x200005cc                errorStatus
 .bss.idReg     0x200005d0        0x4 ./ECU_Layer/src/CANSPI.o
                0x200005d0                idReg
 .bss.l_FilterdSpeed_FL.7
                0x200005d4        0x4 ./ECU_Layer/src/robot.o
 .bss.l_FilterdSpeed_FR.6
                0x200005d8        0x4 ./ECU_Layer/src/robot.o
 .bss.l_FilterdSpeed_RL.5
                0x200005dc        0x4 ./ECU_Layer/src/robot.o
 .bss.l_FilterdSpeed_RR.4
                0x200005e0        0x4 ./ECU_Layer/src/robot.o
 .bss.l_PID_Out_FL.3
                0x200005e4        0x4 ./ECU_Layer/src/robot.o
 .bss.l_PID_Out_FR.2
                0x200005e8        0x4 ./ECU_Layer/src/robot.o
 .bss.l_PID_Out_RL.1
                0x200005ec        0x4 ./ECU_Layer/src/robot.o
 .bss.l_PID_Out_RR.0
                0x200005f0        0x4 ./ECU_Layer/src/robot.o
 .bss.KernelState
                0x200005f4        0x4 ./Middlewares/Third_Party/FreeRTOS/Source/CMSIS_RTOS_V2/cmsis_os2.o
 .bss.Idle_TCB.3
                0x200005f8       0x64 ./Middlewares/Third_Party/FreeRTOS/Source/CMSIS_RTOS_V2/cmsis_os2.o
 .bss.Idle_Stack.2
                0x2000065c      0x200 ./Middlewares/Third_Party/FreeRTOS/Source/CMSIS_RTOS_V2/cmsis_os2.o
 .bss.Timer_TCB.1
                0x2000085c       0x64 ./Middlewares/Third_Party/FreeRTOS/Source/CMSIS_RTOS_V2/cmsis_os2.o
 .bss.Timer_Stack.0
                0x200008c0      0x400 ./Middlewares/Third_Party/FreeRTOS/Source/CMSIS_RTOS_V2/cmsis_os2.o
 .bss.xQueueRegistry
                0x20000cc0       0x40 ./Middlewares/Third_Party/FreeRTOS/Source/queue.o
                0x20000cc0                xQueueRegistry
 .bss.pxCurrentTCB
                0x20000d00        0x4 ./Middlewares/Third_Party/FreeRTOS/Source/tasks.o
                0x20000d00                pxCurrentTCB
 .bss.pxReadyTasksLists
                0x20000d04      0x460 ./Middlewares/Third_Party/FreeRTOS/Source/tasks.o
 .bss.xDelayedTaskList1
                0x20001164       0x14 ./Middlewares/Third_Party/FreeRTOS/Source/tasks.o
 .bss.xDelayedTaskList2
                0x20001178       0x14 ./Middlewares/Third_Party/FreeRTOS/Source/tasks.o
 .bss.pxDelayedTaskList
                0x2000118c        0x4 ./Middlewares/Third_Party/FreeRTOS/Source/tasks.o
 .bss.pxOverflowDelayedTaskList
                0x20001190        0x4 ./Middlewares/Third_Party/FreeRTOS/Source/tasks.o
 .bss.xPendingReadyList
                0x20001194       0x14 ./Middlewares/Third_Party/FreeRTOS/Source/tasks.o
 .bss.xTasksWaitingTermination
                0x200011a8       0x14 ./Middlewares/Third_Party/FreeRTOS/Source/tasks.o
 .bss.uxDeletedTasksWaitingCleanUp
                0x200011bc        0x4 ./Middlewares/Third_Party/FreeRTOS/Source/tasks.o
 .bss.xSuspendedTaskList
                0x200011c0       0x14 ./Middlewares/Third_Party/FreeRTOS/Source/tasks.o
 .bss.uxCurrentNumberOfTasks
                0x200011d4        0x4 ./Middlewares/Third_Party/FreeRTOS/Source/tasks.o
 .bss.xTickCount
                0x200011d8        0x4 ./Middlewares/Third_Party/FreeRTOS/Source/tasks.o
 .bss.uxTopReadyPriority
                0x200011dc        0x4 ./Middlewares/Third_Party/FreeRTOS/Source/tasks.o
 .bss.xSchedulerRunning
                0x200011e0        0x4 ./Middlewares/Third_Party/FreeRTOS/Source/tasks.o
 .bss.xPendedTicks
                0x200011e4        0x4 ./Middlewares/Third_Party/FreeRTOS/Source/tasks.o
 .bss.xYieldPending
                0x200011e8        0x4 ./Middlewares/Third_Party/FreeRTOS/Source/tasks.o
 .bss.xNumOfOverflows
                0x200011ec        0x4 ./Middlewares/Third_Party/FreeRTOS/Source/tasks.o
 .bss.uxTaskNumber
                0x200011f0        0x4 ./Middlewares/Third_Party/FreeRTOS/Source/tasks.o
 .bss.xNextTaskUnblockTime
                0x200011f4        0x4 ./Middlewares/Third_Party/FreeRTOS/Source/tasks.o
 .bss.xIdleTaskHandle
                0x200011f8        0x4 ./Middlewares/Third_Party/FreeRTOS/Source/tasks.o
 .bss.uxSchedulerSuspended
                0x200011fc        0x4 ./Middlewares/Third_Party/FreeRTOS/Source/tasks.o
 .bss.ulTaskSwitchedInTime
                0x20001200        0x4 ./Middlewares/Third_Party/FreeRTOS/Source/tasks.o
 .bss.ulTotalRunTime
                0x20001204        0x4 ./Middlewares/Third_Party/FreeRTOS/Source/tasks.o
 .bss.xActiveTimerList1
                0x20001208       0x14 ./Middlewares/Third_Party/FreeRTOS/Source/timers.o
 .bss.xActiveTimerList2
                0x2000121c       0x14 ./Middlewares/Third_Party/FreeRTOS/Source/timers.o
 .bss.pxCurrentTimerList
                0x20001230        0x4 ./Middlewares/Third_Party/FreeRTOS/Source/timers.o
 .bss.pxOverflowTimerList
                0x20001234        0x4 ./Middlewares/Third_Party/FreeRTOS/Source/timers.o
 .bss.xTimerQueue
                0x20001238        0x4 ./Middlewares/Third_Party/FreeRTOS/Source/timers.o
 .bss.xTimerTaskHandle
                0x2000123c        0x4 ./Middlewares/Third_Party/FreeRTOS/Source/timers.o
 .bss.xLastTime.2
                0x20001240        0x4 ./Middlewares/Third_Party/FreeRTOS/Source/timers.o
 .bss.ucStaticTimerQueueStorage.1
                0x20001244       0xa0 ./Middlewares/Third_Party/FreeRTOS/Source/timers.o
 .bss.xStaticTimerQueue.0
                0x200012e4       0x50 ./Middlewares/Third_Party/FreeRTOS/Source/timers.o
 .bss.ucMaxSysCallPriority
                0x20001334        0x1 ./Middlewares/Third_Party/FreeRTOS/Source/portable/GCC/ARM_CM4F/port.o
 *fill*         0x20001335        0x3 
 .bss.ulMaxPRIGROUPValue
                0x20001338        0x4 ./Middlewares/Third_Party/FreeRTOS/Source/portable/GCC/ARM_CM4F/port.o
 .bss.ucHeap    0x2000133c     0xc800 ./Middlewares/Third_Party/FreeRTOS/Source/portable/MemMang/heap_4.o
 .bss.xStart    0x2000db3c        0x8 ./Middlewares/Third_Party/FreeRTOS/Source/portable/MemMang/heap_4.o
 .bss.pxEnd     0x2000db44        0x4 ./Middlewares/Third_Party/FreeRTOS/Source/portable/MemMang/heap_4.o
 .bss.xFreeBytesRemaining
                0x2000db48        0x4 ./Middlewares/Third_Party/FreeRTOS/Source/portable/MemMang/heap_4.o
 .bss.xMinimumEverFreeBytesRemaining
                0x2000db4c        0x4 ./Middlewares/Third_Party/FreeRTOS/Source/portable/MemMang/heap_4.o
 .bss.xNumberOfSuccessfulAllocations
                0x2000db50        0x4 ./Middlewares/Third_Party/FreeRTOS/Source/portable/MemMang/heap_4.o
 .bss.xNumberOfSuccessfulFrees
                0x2000db54        0x4 ./Middlewares/Third_Party/FreeRTOS/Source/portable/MemMang/heap_4.o
 .bss.xBlockAllocatedBit
                0x2000db58        0x4 ./Middlewares/Third_Party/FreeRTOS/Source/portable/MemMang/heap_4.o
 .bss.__malloc_sbrk_start
                0x2000db5c        0x4 E:/ST/STM32CubeIDE_1.16.0/STM32CubeIDE/plugins/com.st.stm32cube.ide.mcu.externaltools.gnu-tools-for-stm32.12.3.rel1.win32_1.0.200.202406191623/tools/bin/../lib/gcc/arm-none-eabi/12.3.1/../../../../arm-none-eabi/lib/thumb/v7e-m+fp/hard\libc_nano.a(libc_a-mallocr.o)
                0x2000db5c                __malloc_sbrk_start
 .bss.__malloc_free_list
                0x2000db60        0x4 E:/ST/STM32CubeIDE_1.16.0/STM32CubeIDE/plugins/com.st.stm32cube.ide.mcu.externaltools.gnu-tools-for-stm32.12.3.rel1.win32_1.0.200.202406191623/tools/bin/../lib/gcc/arm-none-eabi/12.3.1/../../../../arm-none-eabi/lib/thumb/v7e-m+fp/hard\libc_nano.a(libc_a-mallocr.o)
                0x2000db60                __malloc_free_list
 .bss.__sf      0x2000db64      0x138 E:/ST/STM32CubeIDE_1.16.0/STM32CubeIDE/plugins/com.st.stm32cube.ide.mcu.externaltools.gnu-tools-for-stm32.12.3.rel1.win32_1.0.200.202406191623/tools/bin/../lib/gcc/arm-none-eabi/12.3.1/../../../../arm-none-eabi/lib/thumb/v7e-m+fp/hard\libc_nano.a(libc_a-findfp.o)
                0x2000db64                __sf
 .bss.errno     0x2000dc9c        0x4 E:/ST/STM32CubeIDE_1.16.0/STM32CubeIDE/plugins/com.st.stm32cube.ide.mcu.externaltools.gnu-tools-for-stm32.12.3.rel1.win32_1.0.200.202406191623/tools/bin/../lib/gcc/arm-none-eabi/12.3.1/../../../../arm-none-eabi/lib/thumb/v7e-m+fp/hard\libc_nano.a(libc_a-reent.o)
                0x2000dc9c                errno
 .bss.__lock___malloc_recursive_mutex
                0x2000dca0        0x1 E:/ST/STM32CubeIDE_1.16.0/STM32CubeIDE/plugins/com.st.stm32cube.ide.mcu.externaltools.gnu-tools-for-stm32.12.3.rel1.win32_1.0.200.202406191623/tools/bin/../lib/gcc/arm-none-eabi/12.3.1/../../../../arm-none-eabi/lib/thumb/v7e-m+fp/hard\libc_nano.a(libc_a-lock.o)
                0x2000dca0                __lock___malloc_recursive_mutex
 *(COMMON)
                0x2000dca4                        . = ALIGN (0x4)
 *fill*         0x2000dca1        0x3 
                0x2000dca4                        _ebss = .
                0x2000dca4                        __bss_end__ = _ebss

._user_heap_stack
                0x2000dca4      0x604 load address 0x0800d15c
                0x2000dca8                        . = ALIGN (0x8)
 *fill*         0x2000dca4        0x4 
                [!provide]                        PROVIDE (end = .)
                0x2000dca8                        PROVIDE (_end = .)
                0x2000dea8                        . = (. + _Min_Heap_Size)
 *fill*         0x2000dca8      0x200 
                0x2000e2a8                        . = (. + _Min_Stack_Size)
 *fill*         0x2000dea8      0x400 
                0x2000e2a8                        . = ALIGN (0x8)

/DISCARD/
 libc.a(*)
 libm.a(*)
 libgcc.a(*)

.ARM.attributes
                0x00000000       0x30
 *(.ARM.attributes)
 .ARM.attributes
                0x00000000       0x22 E:/ST/STM32CubeIDE_1.16.0/STM32CubeIDE/plugins/com.st.stm32cube.ide.mcu.externaltools.gnu-tools-for-stm32.12.3.rel1.win32_1.0.200.202406191623/tools/bin/../lib/gcc/arm-none-eabi/12.3.1/thumb/v7e-m+fp/hard/crti.o
 .ARM.attributes
                0x00000022       0x34 E:/ST/STM32CubeIDE_1.16.0/STM32CubeIDE/plugins/com.st.stm32cube.ide.mcu.externaltools.gnu-tools-for-stm32.12.3.rel1.win32_1.0.200.202406191623/tools/bin/../lib/gcc/arm-none-eabi/12.3.1/thumb/v7e-m+fp/hard/crtbegin.o
 .ARM.attributes
                0x00000056       0x34 ./APP_Layer/src/APP.o
 .ARM.attributes
                0x0000008a       0x34 ./APP_Layer/src/CAN_task.o
 .ARM.attributes
                0x000000be       0x34 ./APP_Layer/src/Messages_Callbacks.o
 .ARM.attributes
                0x000000f2       0x34 ./Core/Src/freertos.o
 .ARM.attributes
                0x00000126       0x34 ./Core/Src/gpio.o
 .ARM.attributes
                0x0000015a       0x34 ./Core/Src/main.o
 .ARM.attributes
                0x0000018e       0x34 ./Core/Src/spi.o
 .ARM.attributes
                0x000001c2       0x34 ./Core/Src/stm32f4xx_hal_msp.o
 .ARM.attributes
                0x000001f6       0x34 ./Core/Src/stm32f4xx_hal_timebase_tim.o
 .ARM.attributes
                0x0000022a       0x34 ./Core/Src/stm32f4xx_it.o
 .ARM.attributes
                0x0000025e       0x34 ./Core/Src/sysmem.o
 .ARM.attributes
                0x00000292       0x34 ./Core/Src/system_stm32f4xx.o
 .ARM.attributes
                0x000002c6       0x34 ./Core/Src/tim.o
 .ARM.attributes
                0x000002fa       0x34 ./Core/Src/usart.o
 .ARM.attributes
                0x0000032e       0x21 ./Core/Startup/startup_stm32f401rctx.o
 .ARM.attributes
                0x0000034f       0x34 ./Drivers/STM32F4xx_HAL_Driver/Src/stm32f4xx_hal.o
 .ARM.attributes
                0x00000383       0x34 ./Drivers/STM32F4xx_HAL_Driver/Src/stm32f4xx_hal_cortex.o
 .ARM.attributes
                0x000003b7       0x34 ./Drivers/STM32F4xx_HAL_Driver/Src/stm32f4xx_hal_gpio.o
 .ARM.attributes
                0x000003eb       0x34 ./Drivers/STM32F4xx_HAL_Driver/Src/stm32f4xx_hal_rcc.o
 .ARM.attributes
                0x0000041f       0x34 ./Drivers/STM32F4xx_HAL_Driver/Src/stm32f4xx_hal_spi.o
 .ARM.attributes
                0x00000453       0x34 ./Drivers/STM32F4xx_HAL_Driver/Src/stm32f4xx_hal_tim.o
 .ARM.attributes
                0x00000487       0x34 ./Drivers/STM32F4xx_HAL_Driver/Src/stm32f4xx_hal_tim_ex.o
 .ARM.attributes
                0x000004bb       0x34 ./Drivers/STM32F4xx_HAL_Driver/Src/stm32f4xx_hal_uart.o
 .ARM.attributes
                0x000004ef       0x34 ./ECU_Layer/src/CANSPI.o
 .ARM.attributes
                0x00000523       0x34 ./ECU_Layer/src/MCP2515.o
 .ARM.attributes
                0x00000557       0x34 ./ECU_Layer/src/ecu.o
 .ARM.attributes
                0x0000058b       0x34 ./ECU_Layer/src/encoder.o
 .ARM.attributes
                0x000005bf       0x34 ./ECU_Layer/src/motor.o
 .ARM.attributes
                0x000005f3       0x34 ./ECU_Layer/src/robot.o
 .ARM.attributes
                0x00000627       0x34 ./Middlewares/Third_Party/FreeRTOS/Source/CMSIS_RTOS_V2/cmsis_os2.o
 .ARM.attributes
                0x0000065b       0x34 ./Middlewares/Third_Party/FreeRTOS/Source/list.o
 .ARM.attributes
                0x0000068f       0x34 ./Middlewares/Third_Party/FreeRTOS/Source/queue.o
 .ARM.attributes
                0x000006c3       0x34 ./Middlewares/Third_Party/FreeRTOS/Source/tasks.o
 .ARM.attributes
                0x000006f7       0x34 ./Middlewares/Third_Party/FreeRTOS/Source/timers.o
 .ARM.attributes
                0x0000072b       0x34 ./Middlewares/Third_Party/FreeRTOS/Source/portable/GCC/ARM_CM4F/port.o
 .ARM.attributes
                0x0000075f       0x34 ./Middlewares/Third_Party/FreeRTOS/Source/portable/MemMang/heap_4.o
 .ARM.attributes
                0x00000793       0x34 ./lib/src/PID.o
 .ARM.attributes
                0x000007c7       0x34 ./lib/src/my_list.o
 .ARM.attributes
                0x000007fb       0x34 E:/ST/STM32CubeIDE_1.16.0/STM32CubeIDE/plugins/com.st.stm32cube.ide.mcu.externaltools.gnu-tools-for-stm32.12.3.rel1.win32_1.0.200.202406191623/tools/bin/../lib/gcc/arm-none-eabi/12.3.1/../../../../arm-none-eabi/lib/thumb/v7e-m+fp/hard\libc_nano.a(libc_a-malloc.o)
 .ARM.attributes
                0x0000082f       0x34 E:/ST/STM32CubeIDE_1.16.0/STM32CubeIDE/plugins/com.st.stm32cube.ide.mcu.externaltools.gnu-tools-for-stm32.12.3.rel1.win32_1.0.200.202406191623/tools/bin/../lib/gcc/arm-none-eabi/12.3.1/../../../../arm-none-eabi/lib/thumb/v7e-m+fp/hard\libc_nano.a(libc_a-mallocr.o)
 .ARM.attributes
                0x00000863       0x34 E:/ST/STM32CubeIDE_1.16.0/STM32CubeIDE/plugins/com.st.stm32cube.ide.mcu.externaltools.gnu-tools-for-stm32.12.3.rel1.win32_1.0.200.202406191623/tools/bin/../lib/gcc/arm-none-eabi/12.3.1/../../../../arm-none-eabi/lib/thumb/v7e-m+fp/hard\libc_nano.a(libc_a-mlock.o)
 .ARM.attributes
                0x00000897       0x34 E:/ST/STM32CubeIDE_1.16.0/STM32CubeIDE/plugins/com.st.stm32cube.ide.mcu.externaltools.gnu-tools-for-stm32.12.3.rel1.win32_1.0.200.202406191623/tools/bin/../lib/gcc/arm-none-eabi/12.3.1/../../../../arm-none-eabi/lib/thumb/v7e-m+fp/hard\libc_nano.a(libc_a-findfp.o)
 .ARM.attributes
                0x000008cb       0x34 E:/ST/STM32CubeIDE_1.16.0/STM32CubeIDE/plugins/com.st.stm32cube.ide.mcu.externaltools.gnu-tools-for-stm32.12.3.rel1.win32_1.0.200.202406191623/tools/bin/../lib/gcc/arm-none-eabi/12.3.1/../../../../arm-none-eabi/lib/thumb/v7e-m+fp/hard\libc_nano.a(libc_a-memset.o)
 .ARM.attributes
                0x000008ff       0x34 E:/ST/STM32CubeIDE_1.16.0/STM32CubeIDE/plugins/com.st.stm32cube.ide.mcu.externaltools.gnu-tools-for-stm32.12.3.rel1.win32_1.0.200.202406191623/tools/bin/../lib/gcc/arm-none-eabi/12.3.1/../../../../arm-none-eabi/lib/thumb/v7e-m+fp/hard\libc_nano.a(libc_a-reent.o)
 .ARM.attributes